../Core/Src/main.c:107:5:_write	24	static
../Core/Src/main.c:112:6:HAL_CAN_RxFifo0MsgPendingCallback	16	static
../Core/Src/main.c:134:6:HAL_TIM_PeriodElapsedCallback	24	static
../Core/Src/main.c:189:5:main	8	static
../Core/Src/main.c:252:6:SystemClock_Config	96	static
../Core/Src/main.c:313:13:MX_ADC1_Init	32	static
../Core/Src/main.c:371:13:MX_CAN1_Init	48	static
../Core/Src/main.c:431:13:MX_TIM1_Init	112	static
../Core/Src/main.c:512:13:MX_TIM6_Init	24	static
../Core/Src/main.c:550:13:MX_TIM7_Init	24	static
../Core/Src/main.c:588:13:MX_TIM16_Init	8	static
../Core/Src/main.c:620:13:MX_USART2_UART_Init	8	static
../Core/Src/main.c:655:13:MX_GPIO_Init	40	static
../Core/Src/main.c:694:6:Error_Handler	4	static,ignoring_inline_asm
