../Core/Src/main.c:93:5:_write	24	static
../Core/Src/main.c:104:6:read_steer	40	static
../Core/Src/main.c:131:6:computeDutyCycle	72	static
../Core/Src/main.c:175:6:HAL_TIM_PeriodElapsedCallback	16	static
../Core/Src/main.c:198:5:main	8	static
../Core/Src/main.c:251:6:SystemClock_Config	96	static
../Core/Src/main.c:302:13:MX_SPI1_Init	8	static
../Core/Src/main.c:342:13:MX_TIM1_Init	96	static
../Core/Src/main.c:412:13:MX_TIM6_Init	24	static
../Core/Src/main.c:450:13:MX_TIM7_Init	24	static
../Core/Src/main.c:488:13:MX_TIM16_Init	8	static
../Core/Src/main.c:520:13:MX_USART2_UART_Init	8	static
../Core/Src/main.c:555:13:MX_GPIO_Init	32	static
../Core/Src/main.c:586:6:Error_Handler	4	static,ignoring_inline_asm
