../Core/Src/main.c:106:5:_write	24	static
../Core/Src/main.c:112:8:wrap_to_pi	24	static
../Core/Src/main.c:129:6:read_steer	32	static
../Core/Src/main.c:152:6:computeDutyCycle	72	static
../Core/Src/main.c:185:6:send_info	8	static
../Core/Src/main.c:204:6:HAL_CAN_RxFifo0MsgPendingCallback	16	static
../Core/Src/main.c:220:6:HAL_TIM_PeriodElapsedCallback	16	static
../Core/Src/main.c:248:5:main	8	static
../Core/Src/main.c:302:6:SystemClock_Config	96	static
../Core/Src/main.c:347:13:MX_CAN1_Init	48	static
../Core/Src/main.c:407:13:MX_SPI1_Init	8	static
../Core/Src/main.c:447:13:MX_TIM1_Init	96	static
../Core/Src/main.c:517:13:MX_TIM6_Init	24	static
../Core/Src/main.c:555:13:MX_TIM7_Init	24	static
../Core/Src/main.c:593:13:MX_TIM16_Init	8	static
../Core/Src/main.c:625:13:MX_USART2_UART_Init	8	static
../Core/Src/main.c:660:13:MX_GPIO_Init	32	static
../Core/Src/main.c:691:6:Error_Handler	4	static,ignoring_inline_asm
