../Core/Src/main.c:96:5:_write	24	static
../Core/Src/main.c:101:6:HAL_CAN_RxFifo0MsgPendingCallback	16	static
../Core/Src/main.c:116:6:HAL_TIM_PeriodElapsedCallback	16	static
../Core/Src/main.c:127:6:HAL_ADC_ConvCpltCallback	16	static
../Core/Src/main.c:139:5:main	32	static
../Core/Src/main.c:257:6:SystemClock_Config	96	static
../Core/Src/main.c:312:13:MX_ADC1_Init	32	static
../Core/Src/main.c:370:13:MX_CAN1_Init	48	static
../Core/Src/main.c:430:13:MX_TIM1_Init	112	static
../Core/Src/main.c:511:13:MX_TIM6_Init	24	static
../Core/Src/main.c:549:13:MX_TIM7_Init	24	static
../Core/Src/main.c:587:13:MX_TIM16_Init	8	static
../Core/Src/main.c:619:13:MX_USART2_UART_Init	8	static
../Core/Src/main.c:654:13:MX_GPIO_Init	40	static
../Core/Src/main.c:696:6:TightenBrake	16	static
../Core/Src/main.c:702:6:LoosenBrake	16	static
../Core/Src/main.c:708:6:StopBrake	8	static
../Core/Src/main.c:720:6:Error_Handler	4	static,ignoring_inline_asm
