../Core/Src/main.c:104:5:_write	24	static
../Core/Src/main.c:109:6:HAL_CAN_RxFifo0MsgPendingCallback	16	static
../Core/Src/main.c:124:6:HAL_TIM_PeriodElapsedCallback	16	static
../Core/Src/main.c:142:5:main	40	static
../Core/Src/main.c:265:6:SystemClock_Config	96	static
../Core/Src/main.c:320:13:MX_ADC1_Init	32	static
../Core/Src/main.c:387:13:MX_CAN1_Init	48	static
../Core/Src/main.c:447:13:MX_TIM1_Init	112	static
../Core/Src/main.c:528:13:MX_TIM6_Init	24	static
../Core/Src/main.c:566:13:MX_TIM7_Init	24	static
../Core/Src/main.c:604:13:MX_TIM16_Init	8	static
../Core/Src/main.c:636:13:MX_USART2_UART_Init	8	static
../Core/Src/main.c:671:13:MX_GPIO_Init	40	static
../Core/Src/main.c:713:6:TightenBrake	16	static
../Core/Src/main.c:719:6:LoosenBrake	16	static
../Core/Src/main.c:725:6:StopBrake	8	static
../Core/Src/main.c:737:6:Error_Handler	4	static,ignoring_inline_asm
