../Src/stm32f4xx_it.c:78:6:NMI_Handler	4	static
../Src/stm32f4xx_it.c:92:6:HardFault_Handler	4	static
../Src/stm32f4xx_it.c:107:6:MemManage_Handler	4	static
../Src/stm32f4xx_it.c:122:6:BusFault_Handler	4	static
../Src/stm32f4xx_it.c:137:6:UsageFault_Handler	4	static
../Src/stm32f4xx_it.c:152:6:SVC_Handler	4	static
../Src/stm32f4xx_it.c:165:6:DebugMon_Handler	4	static
../Src/stm32f4xx_it.c:178:6:PendSV_Handler	4	static
../Src/stm32f4xx_it.c:191:6:SysTick_Handler	8	static
../Src/stm32f4xx_it.c:212:6:RCC_IRQHandler	4	static
../Src/stm32f4xx_it.c:225:6:CAN1_TX_IRQHandler	8	static
../Src/stm32f4xx_it.c:239:6:CAN1_RX0_IRQHandler	8	static
../Src/stm32f4xx_it.c:253:6:CAN1_RX1_IRQHandler	8	static
../Src/stm32f4xx_it.c:267:6:CAN1_SCE_IRQHandler	8	static
../Src/stm32f4xx_it.c:281:6:TIM1_UP_TIM10_IRQHandler	8	static
../Src/stm32f4xx_it.c:296:6:TIM1_TRG_COM_TIM11_IRQHandler	8	static
../Src/stm32f4xx_it.c:311:6:USART2_IRQHandler	8	static
../Src/stm32f4xx_it.c:327:6:TIM6_DAC_IRQHandler	8	static
../Src/stm32f4xx_it.c:341:6:TIM7_IRQHandler	8	static
../Src/stm32f4xx_it.c:355:6:USART6_IRQHandler	8	static
