../Core/Src/main.c:120:5:main	16	static
../Core/Src/main.c:231:6:SystemClock_Config	88	static
../Core/Src/main.c:277:13:MX_CAN1_Init	48	static
../Core/Src/main.c:314:13:MX_ETH_Init	8	static
../Core/Src/main.c:363:13:MX_I2C1_Init	8	static
../Core/Src/main.c:411:13:MX_USART2_UART_Init	8	static
../Core/Src/main.c:444:13:MX_USART3_UART_Init	8	static
../Core/Src/main.c:477:13:MX_USART6_UART_Init	8	static
../Core/Src/main.c:510:13:MX_GPIO_Init	56	static
../Core/Src/main.c:584:6:Error_Handler	4	static,ignoring_inline_asm
