Archive member included to satisfy reference by file (symbol)

C:/ST/STM32CubeIDE_1.18.1/STM32CubeIDE/plugins/com.st.stm32cube.ide.mcu.externaltools.gnu-tools-for-stm32.13.3.rel1.win32_1.0.0.202411081344/tools/bin/../lib/gcc/arm-none-eabi/13.3.1/../../../../arm-none-eabi/lib/thumb/v7e-m+fp/hard\libc_nano.a(libc_a-calloc.o)
                              ./CANopenNode/CANopen.o (calloc)
C:/ST/STM32CubeIDE_1.18.1/STM32CubeIDE/plugins/com.st.stm32cube.ide.mcu.externaltools.gnu-tools-for-stm32.13.3.rel1.win32_1.0.0.202411081344/tools/bin/../lib/gcc/arm-none-eabi/13.3.1/../../../../arm-none-eabi/lib/thumb/v7e-m+fp/hard\libc_nano.a(libc_a-callocr.o)
                              C:/ST/STM32CubeIDE_1.18.1/STM32CubeIDE/plugins/com.st.stm32cube.ide.mcu.externaltools.gnu-tools-for-stm32.13.3.rel1.win32_1.0.0.202411081344/tools/bin/../lib/gcc/arm-none-eabi/13.3.1/../../../../arm-none-eabi/lib/thumb/v7e-m+fp/hard\libc_nano.a(libc_a-calloc.o) (_calloc_r)
C:/ST/STM32CubeIDE_1.18.1/STM32CubeIDE/plugins/com.st.stm32cube.ide.mcu.externaltools.gnu-tools-for-stm32.13.3.rel1.win32_1.0.0.202411081344/tools/bin/../lib/gcc/arm-none-eabi/13.3.1/../../../../arm-none-eabi/lib/thumb/v7e-m+fp/hard\libc_nano.a(libc_a-exit.o)
                              C:/ST/STM32CubeIDE_1.18.1/STM32CubeIDE/plugins/com.st.stm32cube.ide.mcu.externaltools.gnu-tools-for-stm32.13.3.rel1.win32_1.0.0.202411081344/tools/bin/../lib/gcc/arm-none-eabi/13.3.1/../../../../arm-none-eabi/lib/thumb/v7e-m+fp/hard/crt0.o (exit)
C:/ST/STM32CubeIDE_1.18.1/STM32CubeIDE/plugins/com.st.stm32cube.ide.mcu.externaltools.gnu-tools-for-stm32.13.3.rel1.win32_1.0.0.202411081344/tools/bin/../lib/gcc/arm-none-eabi/13.3.1/../../../../arm-none-eabi/lib/thumb/v7e-m+fp/hard\libc_nano.a(libc_a-malloc.o)
                              ./CANopenNode/CANopen.o (free)
C:/ST/STM32CubeIDE_1.18.1/STM32CubeIDE/plugins/com.st.stm32cube.ide.mcu.externaltools.gnu-tools-for-stm32.13.3.rel1.win32_1.0.0.202411081344/tools/bin/../lib/gcc/arm-none-eabi/13.3.1/../../../../arm-none-eabi/lib/thumb/v7e-m+fp/hard\libc_nano.a(libc_a-mallocr.o)
                              C:/ST/STM32CubeIDE_1.18.1/STM32CubeIDE/plugins/com.st.stm32cube.ide.mcu.externaltools.gnu-tools-for-stm32.13.3.rel1.win32_1.0.0.202411081344/tools/bin/../lib/gcc/arm-none-eabi/13.3.1/../../../../arm-none-eabi/lib/thumb/v7e-m+fp/hard\libc_nano.a(libc_a-callocr.o) (_malloc_r)
C:/ST/STM32CubeIDE_1.18.1/STM32CubeIDE/plugins/com.st.stm32cube.ide.mcu.externaltools.gnu-tools-for-stm32.13.3.rel1.win32_1.0.0.202411081344/tools/bin/../lib/gcc/arm-none-eabi/13.3.1/../../../../arm-none-eabi/lib/thumb/v7e-m+fp/hard\libc_nano.a(libc_a-mlock.o)
                              C:/ST/STM32CubeIDE_1.18.1/STM32CubeIDE/plugins/com.st.stm32cube.ide.mcu.externaltools.gnu-tools-for-stm32.13.3.rel1.win32_1.0.0.202411081344/tools/bin/../lib/gcc/arm-none-eabi/13.3.1/../../../../arm-none-eabi/lib/thumb/v7e-m+fp/hard\libc_nano.a(libc_a-mallocr.o) (__malloc_lock)
C:/ST/STM32CubeIDE_1.18.1/STM32CubeIDE/plugins/com.st.stm32cube.ide.mcu.externaltools.gnu-tools-for-stm32.13.3.rel1.win32_1.0.0.202411081344/tools/bin/../lib/gcc/arm-none-eabi/13.3.1/../../../../arm-none-eabi/lib/thumb/v7e-m+fp/hard\libc_nano.a(libc_a-fflush.o)
                              ./CANopenNode_STM32/CO_app_STM32.o (fflush)
C:/ST/STM32CubeIDE_1.18.1/STM32CubeIDE/plugins/com.st.stm32cube.ide.mcu.externaltools.gnu-tools-for-stm32.13.3.rel1.win32_1.0.0.202411081344/tools/bin/../lib/gcc/arm-none-eabi/13.3.1/../../../../arm-none-eabi/lib/thumb/v7e-m+fp/hard\libc_nano.a(libc_a-findfp.o)
                              C:/ST/STM32CubeIDE_1.18.1/STM32CubeIDE/plugins/com.st.stm32cube.ide.mcu.externaltools.gnu-tools-for-stm32.13.3.rel1.win32_1.0.0.202411081344/tools/bin/../lib/gcc/arm-none-eabi/13.3.1/../../../../arm-none-eabi/lib/thumb/v7e-m+fp/hard\libc_nano.a(libc_a-fflush.o) (__sglue)
C:/ST/STM32CubeIDE_1.18.1/STM32CubeIDE/plugins/com.st.stm32cube.ide.mcu.externaltools.gnu-tools-for-stm32.13.3.rel1.win32_1.0.0.202411081344/tools/bin/../lib/gcc/arm-none-eabi/13.3.1/../../../../arm-none-eabi/lib/thumb/v7e-m+fp/hard\libc_nano.a(libc_a-fwalk.o)
                              C:/ST/STM32CubeIDE_1.18.1/STM32CubeIDE/plugins/com.st.stm32cube.ide.mcu.externaltools.gnu-tools-for-stm32.13.3.rel1.win32_1.0.0.202411081344/tools/bin/../lib/gcc/arm-none-eabi/13.3.1/../../../../arm-none-eabi/lib/thumb/v7e-m+fp/hard\libc_nano.a(libc_a-fflush.o) (_fwalk_sglue)
C:/ST/STM32CubeIDE_1.18.1/STM32CubeIDE/plugins/com.st.stm32cube.ide.mcu.externaltools.gnu-tools-for-stm32.13.3.rel1.win32_1.0.0.202411081344/tools/bin/../lib/gcc/arm-none-eabi/13.3.1/../../../../arm-none-eabi/lib/thumb/v7e-m+fp/hard\libc_nano.a(libc_a-printf.o)
                              ./CANopenNode_STM32/CO_app_STM32.o (printf)
[...]
Memory Configuration

Name             Origin             Length             Attributes
RAM              0x20000000         0x0000c000         xrw
RAM2             0x10000000         0x00004000         xrw
FLASH            0x08000000         0x00040000         xr
*default*        0x00000000         0xffffffff

Linker script and memory map

LOAD C:/ST/STM32CubeIDE_1.18.1/STM32CubeIDE/plugins/com.st.stm32cube.ide.mcu.externaltools.gnu-tools-for-stm32.13.3.rel1.win32_1.0.0.202411081344/tools/bin/../lib/gcc/arm-none-eabi/13.3.1/thumb/v7e-m+fp/hard/crti.o
LOAD C:/ST/STM32CubeIDE_1.18.1/STM32CubeIDE/plugins/com.st.stm32cube.ide.mcu.externaltools.gnu-tools-for-stm32.13.3.rel1.win32_1.0.0.202411081344/tools/bin/../lib/gcc/arm-none-eabi/13.3.1/thumb/v7e-m+fp/hard/crtbegin.o
LOAD C:/ST/STM32CubeIDE_1.18.1/STM32CubeIDE/plugins/com.st.stm32cube.ide.mcu.externaltools.gnu-tools-for-stm32.13.3.rel1.win32_1.0.0.202411081344/tools/bin/../lib/gcc/arm-none-eabi/13.3.1/../../../../arm-none-eabi/lib/thumb/v7e-m+fp/hard/crt0.o
LOAD ./CANopenNode/301/CO_Emergency.o
LOAD ./CANopenNode/301/CO_HBconsumer.o
LOAD ./CANopenNode/301/CO_NMT_Heartbeat.o
LOAD ./CANopenNode/301/CO_ODinterface.o
LOAD ./CANopenNode/301/CO_PDO.o
LOAD ./CANopenNode/301/CO_SDOclient.o
LOAD ./CANopenNode/301/CO_SDOserver.o
LOAD ./CANopenNode/301/CO_SYNC.o
LOAD ./CANopenNode/301/CO_TIME.o
LOAD ./CANopenNode/301/CO_fifo.o
LOAD ./CANopenNode/301/crc16-ccitt.o
LOAD ./CANopenNode/303/CO_LEDs.o
LOAD ./CANopenNode/304/CO_GFC.o
LOAD ./CANopenNode/304/CO_SRDO.o
LOAD ./CANopenNode/305/CO_LSSmaster.o
LOAD ./CANopenNode/305/CO_LSSslave.o
LOAD ./CANopenNode/309/CO_gateway_ascii.o
LOAD ./CANopenNode/CANopen.o
LOAD ./CANopenNode/extra/CO_trace.o
LOAD ./CANopenNode/storage/CO_storage.o
LOAD ./CANopenNode/storage/CO_storageEeprom.o
LOAD ./CANopenNode_STM32/CO_app_STM32.o
LOAD ./CANopenNode_STM32/CO_driver_STM32.o
LOAD ./CANopenNode_STM32/CO_storageBlank.o
LOAD ./CANopenNode_STM32/OD.o
LOAD ./Core/Src/main.o
LOAD ./Core/Src/retarget.o
LOAD ./Core/Src/stm32l4xx_hal_msp.o
LOAD ./Core/Src/stm32l4xx_it.o
LOAD ./Core/Src/sysmem.o
LOAD ./Core/Src/system_stm32l4xx.o
LOAD ./Core/Startup/startup_stm32l432kcux.o
LOAD ./Drivers/STM32L4xx_HAL_Driver/Src/stm32l4xx_hal.o
LOAD ./Drivers/STM32L4xx_HAL_Driver/Src/stm32l4xx_hal_can.o
LOAD ./Drivers/STM32L4xx_HAL_Driver/Src/stm32l4xx_hal_cortex.o
LOAD ./Drivers/STM32L4xx_HAL_Driver/Src/stm32l4xx_hal_dma.o
LOAD ./Drivers/STM32L4xx_HAL_Driver/Src/stm32l4xx_hal_dma_ex.o
LOAD ./Drivers/STM32L4xx_HAL_Driver/Src/stm32l4xx_hal_exti.o
LOAD ./Drivers/STM32L4xx_HAL_Driver/Src/stm32l4xx_hal_flash.o
LOAD ./Drivers/STM32L4xx_HAL_Driver/Src/stm32l4xx_hal_flash_ex.o
LOAD ./Drivers/STM32L4xx_HAL_Driver/Src/stm32l4xx_hal_flash_ramfunc.o
LOAD ./Drivers/STM32L4xx_HAL_Driver/Src/stm32l4xx_hal_gpio.o
LOAD ./Drivers/STM32L4xx_HAL_Driver/Src/stm32l4xx_hal_i2c.o
LOAD ./Drivers/STM32L4xx_HAL_Driver/Src/stm32l4xx_hal_i2c_ex.o
LOAD ./Drivers/STM32L4xx_HAL_Driver/Src/stm32l4xx_hal_pwr.o
LOAD ./Drivers/STM32L4xx_HAL_Driver/Src/stm32l4xx_hal_pwr_ex.o
LOAD ./Drivers/STM32L4xx_HAL_Driver/Src/stm32l4xx_hal_rcc.o
LOAD ./Drivers/STM32L4xx_HAL_Driver/Src/stm32l4xx_hal_rcc_ex.o
LOAD ./Drivers/STM32L4xx_HAL_Driver/Src/stm32l4xx_hal_tim.o
LOAD ./Drivers/STM32L4xx_HAL_Driver/Src/stm32l4xx_hal_tim_ex.o
LOAD ./Drivers/STM32L4xx_HAL_Driver/Src/stm32l4xx_hal_uart.o
LOAD ./Drivers/STM32L4xx_HAL_Driver/Src/stm32l4xx_hal_uart_ex.o
START GROUP
LOAD C:/ST/STM32CubeIDE_1.18.1/STM32CubeIDE/plugins/com.st.stm32cube.ide.mcu.externaltools.gnu-tools-for-stm32.13.3.rel1.win32_1.0.0.202411081344/tools/bin/../lib/gcc/arm-none-eabi/13.3.1/../../../../arm-none-eabi/lib/thumb/v7e-m+fp/hard\libstdc++_nano.a
LOAD C:/ST/STM32CubeIDE_1.18.1/STM32CubeIDE/plugins/com.st.stm32cube.ide.mcu.externaltools.gnu-tools-for-stm32.13.3.rel1.win32_1.0.0.202411081344/tools/bin/../lib/gcc/arm-none-eabi/13.3.1/../../../../arm-none-eabi/lib/thumb/v7e-m+fp/hard\libsupc++_nano.a
END GROUP
LOAD C:/ST/STM32CubeIDE_1.18.1/STM32CubeIDE/plugins/com.st.stm32cube.ide.mcu.externaltools.gnu-tools-for-stm32.13.3.rel1.win32_1.0.0.202411081344/tools/bin/../lib/gcc/arm-none-eabi/13.3.1/../../../../arm-none-eabi/lib/thumb/v7e-m+fp/hard\libstdc++_nano.a
LOAD C:/ST/STM32CubeIDE_1.18.1/STM32CubeIDE/plugins/com.st.stm32cube.ide.mcu.externaltools.gnu-tools-for-stm32.13.3.rel1.win32_1.0.0.202411081344/tools/bin/../lib/gcc/arm-none-eabi/13.3.1/../../../../arm-none-eabi/lib/thumb/v7e-m+fp/hard\libm.a
LOAD C:/ST/STM32CubeIDE_1.18.1/STM32CubeIDE/plugins/com.st.stm32cube.ide.mcu.externaltools.gnu-tools-for-stm32.13.3.rel1.win32_1.0.0.202411081344/tools/bin/../lib/gcc/arm-none-eabi/13.3.1/../../../../arm-none-eabi/lib/thumb/v7e-m+fp/hard\libc_nano.a
START GROUP
LOAD C:/ST/STM32CubeIDE_1.18.1/STM32CubeIDE/plugins/com.st.stm32cube.ide.mcu.externaltools.gnu-tools-for-stm32.13.3.rel1.win32_1.0.0.202411081344/tools/bin/../lib/gcc/arm-none-eabi/13.3.1/thumb/v7e-m+fp/hard\libgcc.a
LOAD C:/ST/STM32CubeIDE_1.18.1/STM32CubeIDE/plugins/com.st.stm32cube.ide.mcu.externaltools.gnu-tools-for-stm32.13.3.rel1.win32_1.0.0.202411081344/tools/bin/../lib/gcc/arm-none-eabi/13.3.1/../../../../arm-none-eabi/lib/thumb/v7e-m+fp/hard\libc_nano.a
END GROUP
START GROUP
LOAD C:/ST/STM32CubeIDE_1.18.1/STM32CubeIDE/plugins/com.st.stm32cube.ide.mcu.externaltools.gnu-tools-for-stm32.13.3.rel1.win32_1.0.0.202411081344/tools/bin/../lib/gcc/arm-none-eabi/13.3.1/thumb/v7e-m+fp/hard\libgcc.a
LOAD C:/ST/STM32CubeIDE_1.18.1/STM32CubeIDE/plugins/com.st.stm32cube.ide.mcu.externaltools.gnu-tools-for-stm32.13.3.rel1.win32_1.0.0.202411081344/tools/bin/../lib/gcc/arm-none-eabi/13.3.1/../../../../arm-none-eabi/lib/thumb/v7e-m+fp/hard\libc_nano.a
LOAD C:/ST/STM32CubeIDE_1.18.1/STM32CubeIDE/plugins/com.st.stm32cube.ide.mcu.externaltools.gnu-tools-for-stm32.13.3.rel1.win32_1.0.0.202411081344/tools/bin/../lib/gcc/arm-none-eabi/13.3.1/../../../../arm-none-eabi/lib/thumb/v7e-m+fp/hard\libnosys.a
END GROUP
START GROUP
LOAD C:/ST/STM32CubeIDE_1.18.1/STM32CubeIDE/plugins/com.st.stm32cube.ide.mcu.externaltools.gnu-tools-for-stm32.13.3.rel1.win32_1.0.0.202411081344/tools/bin/../lib/gcc/arm-none-eabi/13.3.1/thumb/v7e-m+fp/hard\libgcc.a
LOAD C:/ST/STM32CubeIDE_1.18.1/STM32CubeIDE/plugins/com.st.stm32cube.ide.mcu.externaltools.gnu-tools-for-stm32.13.3.rel1.win32_1.0.0.202411081344/tools/bin/../lib/gcc/arm-none-eabi/13.3.1/../../../../arm-none-eabi/lib/thumb/v7e-m+fp/hard\libc_nano.a
LOAD C:/ST/STM32CubeIDE_1.18.1/STM32CubeIDE/plugins/com.st.stm32cube.ide.mcu.externaltools.gnu-tools-for-stm32.13.3.rel1.win32_1.0.0.202411081344/tools/bin/../lib/gcc/arm-none-eabi/13.3.1/../../../../arm-none-eabi/lib/thumb/v7e-m+fp/hard\libnosys.a
END GROUP
LOAD C:/ST/STM32CubeIDE_1.18.1/STM32CubeIDE/plugins/com.st.stm32cube.ide.mcu.externaltools.gnu-tools-for-stm32.13.3.rel1.win32_1.0.0.202411081344/tools/bin/../lib/gcc/arm-none-eabi/13.3.1/thumb/v7e-m+fp/hard/crtend.o
LOAD C:/ST/STM32CubeIDE_1.18.1/STM32CubeIDE/plugins/com.st.stm32cube.ide.mcu.externaltools.gnu-tools-for-stm32.13.3.rel1.win32_1.0.0.202411081344/tools/bin/../lib/gcc/arm-none-eabi/13.3.1/thumb/v7e-m+fp/hard/crtn.o
                0x2000c000                        _estack = (ORIGIN (RAM) + LENGTH (RAM))
                0x00000200                        _Min_Heap_Size = 0x200
                0x00000400                        _Min_Stack_Size = 0x400

.isr_vector     0x08000000      0x18c
                0x08000000                        . = ALIGN (0x4)
 *(.isr_vector)
 .isr_vector    0x08000000      0x18c ./Core/Startup/startup_stm32l432kcux.o
                0x08000000                g_pfnVectors
                0x0800018c                        . = ALIGN (0x4)

.text           0x08000190     0xb0c8
                0x08000190                        . = ALIGN (0x4)
 *(.text)
 .text          0x08000190       0x40 C:/ST/STM32CubeIDE_1.18.1/STM32CubeIDE/plugins/com.st.stm32cube.ide.mcu.externaltools.gnu-tools-for-stm32.13.3.rel1.win32_1.0.0.202411081344/tools/bin/../lib/gcc/arm-none-eabi/13.3.1/thumb/v7e-m+fp/hard/crtbegin.o
 .text          0x080001d0       0x10 C:/ST/STM32CubeIDE_1.18.1/STM32CubeIDE/plugins/com.st.stm32cube.ide.mcu.externaltools.gnu-tools-for-stm32.13.3.rel1.win32_1.0.0.202411081344/tools/bin/../lib/gcc/arm-none-eabi/13.3.1/../../../../arm-none-eabi/lib/thumb/v7e-m+fp/hard\libc_nano.a(libc_a-strlen.o)
                0x080001d0                strlen
 .text          0x080001e0       0xa0 C:/ST/STM32CubeIDE_1.18.1/STM32CubeIDE/plugins/com.st.stm32cube.ide.mcu.externaltools.gnu-tools-for-stm32.13.3.rel1.win32_1.0.0.202411081344/tools/bin/../lib/gcc/arm-none-eabi/13.3.1/../../../../arm-none-eabi/lib/thumb/v7e-m+fp/hard\libc_nano.a(libc_a-memchr.o)
                0x080001e0                memchr
 .text          0x08000280       0x30 C:/ST/STM32CubeIDE_1.18.1/STM32CubeIDE/plugins/com.st.stm32cube.ide.mcu.externaltools.gnu-tools-for-stm32.13.3.rel1.win32_1.0.0.202411081344/tools/bin/../lib/gcc/arm-none-eabi/13.3.1/thumb/v7e-m+fp/hard\libgcc.a(_aeabi_uldivmod.o)
                0x08000280                __aeabi_uldivmod
 .text          0x080002b0      0x2f8 C:/ST/STM32CubeIDE_1.18.1/STM32CubeIDE/plugins/com.st.stm32cube.ide.mcu.externaltools.gnu-tools-for-stm32.13.3.rel1.win32_1.0.0.202411081344/tools/bin/../lib/gcc/arm-none-eabi/13.3.1/thumb/v7e-m+fp/hard\libgcc.a(_udivmoddi4.o)
                0x080002b0                __udivmoddi4
 .text          0x080005a8        0x4 C:/ST/STM32CubeIDE_1.18.1/STM32CubeIDE/plugins/com.st.stm32cube.ide.mcu.externaltools.gnu-tools-for-stm32.13.3.rel1.win32_1.0.0.202411081344/tools/bin/../lib/gcc/arm-none-eabi/13.3.1/thumb/v7e-m+fp/hard\libgcc.a(_dvmd_tls.o)
                0x080005a8                __aeabi_idiv0
                0x080005a8                __aeabi_ldiv0
 *(.text*)
 .text.CO_getUint8
                0x080005ac       0x1c ./CANopenNode/301/CO_Emergency.o
 .text.CO_setUint8
                0x080005c8       0x20 ./CANopenNode/301/CO_Emergency.o
 .text.CO_setUint32
                0x080005e8       0x1e ./CANopenNode/301/CO_Emergency.o
 .text.OD_getIndex
                0x08000606       0x22 ./CANopenNode/301/CO_Emergency.o
 .text.OD_extension_init
                0x08000628       0x28 ./CANopenNode/301/CO_Emergency.o
 .text.OD_get_u32
                0x08000650       0x2a ./CANopenNode/301/CO_Emergency.o
 .text.OD_read_1014_default
                0x0800067a       0x72 ./CANopenNode/301/CO_Emergency.o
 .text.OD_read_1003
                0x080006ec       0xda ./CANopenNode/301/CO_Emergency.o
 .text.OD_write_1003
                0x080007c6       0x60 ./CANopenNode/301/CO_Emergency.o
 *fill*         0x08000826        0x2 
 .text.CO_EM_init
                0x08000828      0x1c0 ./CANopenNode/301/CO_Emergency.o
                0x08000828                CO_EM_init
 .text.CO_EM_process
                0x080009e8      0x294 ./CANopenNode/301/CO_Emergency.o
                0x080009e8                CO_EM_process
 .text.CO_error
                0x08000c7c      0x17a ./CANopenNode/301/CO_Emergency.o
                0x08000c7c                CO_error
 .text.CO_getUint32
                0x08000df6       0x1c ./CANopenNode/301/CO_HBconsumer.o
 .text.OD_getIndex
                0x08000e12       0x22 ./CANopenNode/301/CO_HBconsumer.o
 .text.OD_extension_init
                0x08000e34       0x28 ./CANopenNode/301/CO_HBconsumer.o
 .text.OD_get_u32
                0x08000e5c       0x2a ./CANopenNode/301/CO_HBconsumer.o
 .text.CO_HBcons_receive
                0x08000e86       0x3c ./CANopenNode/301/CO_HBconsumer.o
 .text.OD_write_1016
                0x08000ec2       0x8e ./CANopenNode/301/CO_HBconsumer.o
 .text.CO_HBconsumer_init
                0x08000f50      0x158 ./CANopenNode/301/CO_HBconsumer.o
                0x08000f50                CO_HBconsumer_init
 .text.CO_HBconsumer_initEntry
                0x080010a8      0x130 ./CANopenNode/301/CO_HBconsumer.o
 .text.CO_HBconsumer_process
                0x080011d8      0x1aa ./CANopenNode/301/CO_HBconsumer.o
                0x080011d8                CO_HBconsumer_process
 .text.CO_getUint16
                0x08001382       0x1e ./CANopenNode/301/CO_NMT_Heartbeat.o
 .text.OD_getIndex
                0x080013a0       0x22 ./CANopenNode/301/CO_NMT_Heartbeat.o
 .text.OD_extension_init
                0x080013c2       0x28 ./CANopenNode/301/CO_NMT_Heartbeat.o
 .text.OD_get_u16
                0x080013ea       0x2a ./CANopenNode/301/CO_NMT_Heartbeat.o
 .text.CO_isError
                0x08001414       0x4e ./CANopenNode/301/CO_NMT_Heartbeat.o
 .text.CO_getErrorRegister
                0x08001462       0x2c ./CANopenNode/301/CO_NMT_Heartbeat.o
 .text.CO_NMT_receive
                0x0800148e       0x4e ./CANopenNode/301/CO_NMT_Heartbeat.o
 .text.OD_write_1017
                0x080014dc       0x6a ./CANopenNode/301/CO_NMT_Heartbeat.o
 *fill*         0x08001546        0x2 
 .text.CO_NMT_init
                0x08001548      0x17c ./CANopenNode/301/CO_NMT_Heartbeat.o
                0x08001548                CO_NMT_init
 .text.CO_NMT_process
                0x080016c4      0x1dc ./CANopenNode/301/CO_NMT_Heartbeat.o
                0x080016c4                CO_NMT_process
 .text.OD_readOriginal
                0x080018a0       0xb0 ./CANopenNode/301/CO_ODinterface.o
                0x080018a0                OD_readOriginal
 .text.OD_writeOriginal
                0x08001950       0xbc ./CANopenNode/301/CO_ODinterface.o
                0x08001950                OD_writeOriginal
 .text.OD_readDisabled
                0x08001a0c       0x1c ./CANopenNode/301/CO_ODinterface.o
 .text.OD_writeDisabled
                0x08001a28       0x1c ./CANopenNode/301/CO_ODinterface.o
 .text.OD_find  0x08001a44       0xb8 ./CANopenNode/301/CO_ODinterface.o
                0x08001a44                OD_find
 .text.OD_getSub
                0x08001afc      0x1e4 ./CANopenNode/301/CO_ODinterface.o
                0x08001afc                OD_getSub
 .text.OD_getSDOabCode
                0x08001ce0       0x3c ./CANopenNode/301/CO_ODinterface.o
                0x08001ce0                OD_getSDOabCode
 .text.OD_get_value
                0x08001d1c       0x6c ./CANopenNode/301/CO_ODinterface.o
                0x08001d1c                OD_get_value
 .text.OD_set_value
                0x08001d88       0x62 ./CANopenNode/301/CO_ODinterface.o
                0x08001d88                OD_set_value
 .text.OD_getPtr
                0x08001dea       0x86 ./CANopenNode/301/CO_ODinterface.o
                0x08001dea                OD_getPtr
 .text.CO_getUint8
                0x08001e70       0x1c ./CANopenNode/301/CO_PDO.o
 .text.CO_getUint16
                0x08001e8c       0x1e ./CANopenNode/301/CO_PDO.o
 .text.CO_getUint32
                0x08001eaa       0x1c ./CANopenNode/301/CO_PDO.o
 .text.CO_setUint32
                0x08001ec6       0x1e ./CANopenNode/301/CO_PDO.o
 .text.OD_getIndex
                0x08001ee4       0x22 ./CANopenNode/301/CO_PDO.o
 .text.OD_extension_init
                0x08001f06       0x28 ./CANopenNode/301/CO_PDO.o
 .text.OD_get_u8
                0x08001f2e       0x2a ./CANopenNode/301/CO_PDO.o
 .text.OD_get_u16
                0x08001f58       0x2a ./CANopenNode/301/CO_PDO.o
 .text.OD_get_u32
                0x08001f82       0x2a ./CANopenNode/301/CO_PDO.o
 .text.OD_write_dummy
                0x08001fac       0x28 ./CANopenNode/301/CO_PDO.o
 .text.OD_read_dummy
                0x08001fd4       0x4e ./CANopenNode/301/CO_PDO.o
 *fill*         0x08002022        0x2 
 .text.PDOconfigMap
                0x08002024      0x180 ./CANopenNode/301/CO_PDO.o
 .text.PDO_initMapping
                0x080021a4      0x15a ./CANopenNode/301/CO_PDO.o
 .text.OD_write_PDO_mapping
                0x080022fe      0x142 ./CANopenNode/301/CO_PDO.o
 .text.OD_read_PDO_commParam
                0x08002440       0x9c ./CANopenNode/301/CO_PDO.o
 .text.CO_PDO_receive
                0x080024dc       0xbc ./CANopenNode/301/CO_PDO.o
 .text.OD_write_14xx
                0x08002598      0x23c ./CANopenNode/301/CO_PDO.o
 .text.CO_RPDO_init
                0x080027d4      0x28c ./CANopenNode/301/CO_PDO.o
                0x080027d4                CO_RPDO_init
 .text.OD_write_18xx
                0x08002a60      0x2a4 ./CANopenNode/301/CO_PDO.o
 .text.CO_TPDO_init
                0x08002d04      0x2f4 ./CANopenNode/301/CO_PDO.o
                0x08002d04                CO_TPDO_init
 .text.CO_getUint8
                0x08002ff8       0x1c ./CANopenNode/301/CO_SDOserver.o
 .text.CO_getUint32
                0x08003014       0x1c ./CANopenNode/301/CO_SDOserver.o
 .text.OD_getIndex
                0x08003030       0x22 ./CANopenNode/301/CO_SDOserver.o
 .text.OD_mappable
                0x08003052       0x2c ./CANopenNode/301/CO_SDOserver.o
 .text.OD_extension_init
                0x0800307e       0x28 ./CANopenNode/301/CO_SDOserver.o
 .text.OD_get_u8
                0x080030a6       0x2a ./CANopenNode/301/CO_SDOserver.o
 .text.OD_get_u32
                0x080030d0       0x2a ./CANopenNode/301/CO_SDOserver.o
 .text.OD_set_u32
                0x080030fa       0x2a ./CANopenNode/301/CO_SDOserver.o
 .text.CO_SDO_receive
                0x08003124       0x54 ./CANopenNode/301/CO_SDOserver.o
 .text.CO_SDOserver_init_canRxTx
                0x08003178       0xd8 ./CANopenNode/301/CO_SDOserver.o
 .text.OD_write_1201_additional
                0x08003250      0x224 ./CANopenNode/301/CO_SDOserver.o
 .text.CO_SDOserver_init
                0x08003474      0x228 ./CANopenNode/301/CO_SDOserver.o
                0x08003474                CO_SDOserver_init
 .text.validateAndWriteToOD
                0x0800369c      0x22c ./CANopenNode/301/CO_SDOserver.o
 .text.readFromOd
                0x080038c8      0x198 ./CANopenNode/301/CO_SDOserver.o
 .text.CO_SDOserver_process
                0x08003a60      0xa24 ./CANopenNode/301/CO_SDOserver.o
                0x08003a60                CO_SDOserver_process
 .text.CO_getUint8
                0x08004484       0x1c ./CANopenNode/301/CO_SYNC.o
 .text.CO_getUint32
                0x080044a0       0x1c ./CANopenNode/301/CO_SYNC.o
 .text.OD_getIndex
                0x080044bc       0x22 ./CANopenNode/301/CO_SYNC.o
 .text.OD_extension_init
                0x080044de       0x28 ./CANopenNode/301/CO_SYNC.o
 .text.OD_get_u8
                0x08004506       0x2a ./CANopenNode/301/CO_SYNC.o
 .text.OD_get_u32
                0x08004530       0x2a ./CANopenNode/301/CO_SYNC.o
 .text.CO_SYNC_receive
                0x0800455a       0x8c ./CANopenNode/301/CO_SYNC.o
 *fill*         0x080045e6        0x2 
 .text.OD_write_1005
                0x080045e8      0x18c ./CANopenNode/301/CO_SYNC.o
 .text.OD_write_1019
                0x08004774       0xbe ./CANopenNode/301/CO_SYNC.o
 *fill*         0x08004832        0x2 
 .text.CO_SYNC_init
                0x08004834      0x250 ./CANopenNode/301/CO_SYNC.o
                0x08004834                CO_SYNC_init
 .text.CO_getUint16
                0x08004a84       0x1e ./CANopenNode/301/CO_TIME.o
 .text.CO_getUint32
                0x08004aa2       0x1c ./CANopenNode/301/CO_TIME.o
 .text.OD_getIndex
                0x08004abe       0x22 ./CANopenNode/301/CO_TIME.o
 .text.OD_extension_init
                0x08004ae0       0x28 ./CANopenNode/301/CO_TIME.o
 .text.OD_get_u32
                0x08004b08       0x2a ./CANopenNode/301/CO_TIME.o
 .text.CO_TIME_receive
                0x08004b32       0x3a ./CANopenNode/301/CO_TIME.o
 .text.OD_write_1012
                0x08004b6c       0xe4 ./CANopenNode/301/CO_TIME.o
 .text.CO_TIME_init
                0x08004c50      0x100 ./CANopenNode/301/CO_TIME.o
                0x08004c50                CO_TIME_init
 .text.CO_TIME_process
                0x08004d50       0xec ./CANopenNode/301/CO_TIME.o
                0x08004d50                CO_TIME_process
 .text.CO_LEDs_init
                0x08004e3c       0x2e ./CANopenNode/303/CO_LEDs.o
                0x08004e3c                CO_LEDs_init
 *fill*         0x08004e6a        0x2 
 .text.CO_LEDs_process
                0x08004e6c      0x360 ./CANopenNode/303/CO_LEDs.o
                0x08004e6c                CO_LEDs_process
 .text.CO_LSSslave_receive
                0x080051cc      0x2c0 ./CANopenNode/305/CO_LSSslave.o
 .text.CO_LSSslave_init
                0x0800548c       0xec ./CANopenNode/305/CO_LSSslave.o
                0x0800548c                CO_LSSslave_init
 .text.CO_LSSslave_process
                0x08005578      0x428 ./CANopenNode/305/CO_LSSslave.o
                0x08005578                CO_LSSslave_process
 .text.CO_isError
                0x080059a0       0x4e ./CANopenNode/CANopen.o
 .text.CO_getErrorRegister
                0x080059ee       0x2c ./CANopenNode/CANopen.o
 .text.CO_NMT_getInternalState
                0x08005a1a       0x24 ./CANopenNode/CANopen.o
 .text.CO_LSSslave_getState
                0x08005a3e       0x22 ./CANopenNode/CANopen.o
 .text.CO_new   0x08005a60      0x24e ./CANopenNode/CANopen.o
                0x08005a60                CO_new
 .text.CO_delete
                0x08005cae       0xbe ./CANopenNode/CANopen.o
                0x08005cae                CO_delete
 .text.CO_CANinit
                0x08005d6c       0x58 ./CANopenNode/CANopen.o
                0x08005d6c                CO_CANinit
 .text.CO_LSSinit
                0x08005dc4       0x58 ./CANopenNode/CANopen.o
                0x08005dc4                CO_LSSinit
 .text.CO_CANopenInit
                0x08005e1c      0x290 ./CANopenNode/CANopen.o
                0x08005e1c                CO_CANopenInit
 .text.CO_CANopenInitPDO
                0x080060ac      0x1b0 ./CANopenNode/CANopen.o
                0x080060ac                CO_CANopenInitPDO
 .text.CO_process
                0x0800625c      0x1ea ./CANopenNode/CANopen.o
                0x0800625c                CO_process
 *fill*         0x08006446        0x2 
 .text.canopen_app_init
                0x08006448       0x68 ./CANopenNode_STM32/CO_app_STM32.o
                0x08006448                canopen_app_init
 .text.canopen_app_resetCommunication
                0x080064b0      0x23c ./CANopenNode_STM32/CO_app_STM32.o
                0x080064b0                canopen_app_resetCommunication
 .text.canopen_app_process
                0x080066ec       0xd8 ./CANopenNode_STM32/CO_app_STM32.o
                0x080066ec                canopen_app_process
 .text.CO_CANsetConfigurationMode
                0x080067c4       0x20 ./CANopenNode_STM32/CO_driver_STM32.o
                0x080067c4                CO_CANsetConfigurationMode
 .text.CO_CANsetNormalMode
                0x080067e4       0x30 ./CANopenNode_STM32/CO_driver_STM32.o
                0x080067e4                CO_CANsetNormalMode
 .text.CO_CANmodule_init
                0x08006814      0x178 ./CANopenNode_STM32/CO_driver_STM32.o
                0x08006814                CO_CANmodule_init
 .text.CO_CANmodule_disable
                0x0800698c       0x2a ./CANopenNode_STM32/CO_driver_STM32.o
                0x0800698c                CO_CANmodule_disable
 *fill*         0x080069b6        0x2 
 .text.CO_CANrxBufferInit
                0x080069b8       0xbc ./CANopenNode_STM32/CO_driver_STM32.o
                0x080069b8                CO_CANrxBufferInit
 .text.CO_CANtxBufferInit
                0x08006a74       0x74 ./CANopenNode_STM32/CO_driver_STM32.o
                0x08006a74                CO_CANtxBufferInit
 .text.prv_send_can_message
                0x08006ae8       0x80 ./CANopenNode_STM32/CO_driver_STM32.o
 .text.CO_CANsend
                0x08006b68       0x86 ./CANopenNode_STM32/CO_driver_STM32.o
                0x08006b68                CO_CANsend
 .text.CO_CANmodule_process
                0x08006bee       0x90 ./CANopenNode_STM32/CO_driver_STM32.o
                0x08006bee                CO_CANmodule_process
 *fill*         0x08006c7e        0x2 
 .text.main     0x08006c80       0x4c ./Core/Src/main.o
                0x08006c80                main
 .text.SystemClock_Config
                0x08006ccc       0xc4 ./Core/Src/main.o
                0x08006ccc                SystemClock_Config
 .text.MX_CAN1_Init
                0x08006d90       0x70 ./Core/Src/main.o
 .text.MX_TIM16_Init
                0x08006e00       0x4c ./Core/Src/main.o
 .text.MX_USART2_UART_Init
                0x08006e4c       0x60 ./Core/Src/main.o
 .text.MX_GPIO_Init
                0x08006eac       0x94 ./Core/Src/main.o
 .text.Error_Handler
                0x08006f40        0xc ./Core/Src/main.o
                0x08006f40                Error_Handler
 .text._isatty  0x08006f4c       0x2c ./Core/Src/retarget.o
                0x08006f4c                _isatty
 .text._write   0x08006f78       0x58 ./Core/Src/retarget.o
                0x08006f78                _write
 .text._close   0x08006fd0       0x2e ./Core/Src/retarget.o
                0x08006fd0                _close
 .text._lseek   0x08006ffe       0x22 ./Core/Src/retarget.o
                0x08006ffe                _lseek
 .text._read    0x08007020       0x50 ./Core/Src/retarget.o
                0x08007020                _read
 .text._fstat   0x08007070       0x36 ./Core/Src/retarget.o
                0x08007070                _fstat
 *fill*         0x080070a6        0x2 
 .text.HAL_MspInit
                0x080070a8       0x48 ./Core/Src/stm32l4xx_hal_msp.o
                0x080070a8                HAL_MspInit
 .text.HAL_CAN_MspInit
                0x080070f0       0x88 ./Core/Src/stm32l4xx_hal_msp.o
                0x080070f0                HAL_CAN_MspInit
 .text.HAL_TIM_Base_MspInit
                0x08007178       0x40 ./Core/Src/stm32l4xx_hal_msp.o
                0x08007178                HAL_TIM_Base_MspInit
 .text.HAL_UART_MspInit
                0x080071b8       0xd4 ./Core/Src/stm32l4xx_hal_msp.o
                0x080071b8                HAL_UART_MspInit
 .text.NMI_Handler
                0x0800728c        0x8 ./Core/Src/stm32l4xx_it.o
                0x0800728c                NMI_Handler
 .text.HardFault_Handler
                0x08007294        0x8 ./Core/Src/stm32l4xx_it.o
                0x08007294                HardFault_Handler
 .text.MemManage_Handler
                0x0800729c        0x8 ./Core/Src/stm32l4xx_it.o
                0x0800729c                MemManage_Handler
 .text.BusFault_Handler
                0x080072a4        0x8 ./Core/Src/stm32l4xx_it.o
                0x080072a4                BusFault_Handler
 .text.UsageFault_Handler
                0x080072ac        0x8 ./Core/Src/stm32l4xx_it.o
                0x080072ac                UsageFault_Handler
 .text.SVC_Handler
                0x080072b4        0xe ./Core/Src/stm32l4xx_it.o
                0x080072b4                SVC_Handler
 .text.DebugMon_Handler
                0x080072c2        0xe ./Core/Src/stm32l4xx_it.o
                0x080072c2                DebugMon_Handler
 .text.PendSV_Handler
                0x080072d0        0xe ./Core/Src/stm32l4xx_it.o
                0x080072d0                PendSV_Handler
 .text.SysTick_Handler
                0x080072de        0xc ./Core/Src/stm32l4xx_it.o
                0x080072de                SysTick_Handler
 *fill*         0x080072ea        0x2 
 .text._sbrk    0x080072ec       0x6c ./Core/Src/sysmem.o
                0x080072ec                _sbrk
 .text.SystemInit
                0x08007358       0x24 ./Core/Src/system_stm32l4xx.o
                0x08007358                SystemInit
 .text.Reset_Handler
                0x0800737c       0x50 ./Core/Startup/startup_stm32l432kcux.o
                0x0800737c                Reset_Handler
 .text.Default_Handler
                0x080073cc        0x2 ./Core/Startup/startup_stm32l432kcux.o
                0x080073cc                RTC_Alarm_IRQHandler
                0x080073cc                EXTI2_IRQHandler
                0x080073cc                TIM1_CC_IRQHandler
                0x080073cc                TSC_IRQHandler
                0x080073cc                TAMP_STAMP_IRQHandler
                0x080073cc                EXTI3_IRQHandler
                0x080073cc                LPTIM2_IRQHandler
                0x080073cc                I2C3_ER_IRQHandler
                0x080073cc                EXTI0_IRQHandler
                0x080073cc                CAN1_RX0_IRQHandler
                0x080073cc                FPU_IRQHandler
                0x080073cc                TIM1_UP_TIM16_IRQHandler
                0x080073cc                SPI1_IRQHandler
                0x080073cc                TIM6_DAC_IRQHandler
                0x080073cc                DMA2_Channel2_IRQHandler
                0x080073cc                DMA1_Channel4_IRQHandler
                0x080073cc                ADC1_IRQHandler
                0x080073cc                DMA1_Channel7_IRQHandler
                0x080073cc                CAN1_RX1_IRQHandler
                0x080073cc                DMA2_Channel1_IRQHandler
                0x080073cc                QUADSPI_IRQHandler
                0x080073cc                I2C1_EV_IRQHandler
                0x080073cc                DMA1_Channel6_IRQHandler
                0x080073cc                DMA2_Channel4_IRQHandler
                0x080073cc                RCC_IRQHandler
                0x080073cc                TIM1_TRG_COM_IRQHandler
                0x080073cc                DMA1_Channel1_IRQHandler
                0x080073cc                Default_Handler
                0x080073cc                DMA2_Channel7_IRQHandler
                0x080073cc                EXTI15_10_IRQHandler
                0x080073cc                TIM7_IRQHandler
                0x080073cc                I2C3_EV_IRQHandler
                0x080073cc                USB_IRQHandler
                0x080073cc                EXTI9_5_IRQHandler
                0x080073cc                RTC_WKUP_IRQHandler
                0x080073cc                PVD_PVM_IRQHandler
                0x080073cc                CAN1_TX_IRQHandler
                0x080073cc                DMA2_Channel5_IRQHandler
                0x080073cc                CRS_IRQHandler
                0x080073cc                DMA1_Channel5_IRQHandler
                0x080073cc                EXTI4_IRQHandler
                0x080073cc                RNG_IRQHandler
                0x080073cc                DMA1_Channel3_IRQHandler
                0x080073cc                COMP_IRQHandler
                0x080073cc                WWDG_IRQHandler
                0x080073cc                LPUART1_IRQHandler
                0x080073cc                DMA2_Channel6_IRQHandler
                0x080073cc                TIM2_IRQHandler
                0x080073cc                EXTI1_IRQHandler
                0x080073cc                USART2_IRQHandler
                0x080073cc                DMA1_Channel2_IRQHandler
                0x080073cc                CAN1_SCE_IRQHandler
                0x080073cc                FLASH_IRQHandler
                0x080073cc                USART1_IRQHandler
                0x080073cc                SPI3_IRQHandler
                0x080073cc                I2C1_ER_IRQHandler
                0x080073cc                SWPMI1_IRQHandler
                0x080073cc                LPTIM1_IRQHandler
                0x080073cc                SAI1_IRQHandler
                0x080073cc                DMA2_Channel3_IRQHandler
                0x080073cc                TIM1_BRK_TIM15_IRQHandler
 .text.HAL_Init
                0x080073ce       0x30 ./Drivers/STM32L4xx_HAL_Driver/Src/stm32l4xx_hal.o
                0x080073ce                HAL_Init
 *fill*         0x080073fe        0x2 
 .text.HAL_InitTick
                0x08007400       0x78 ./Drivers/STM32L4xx_HAL_Driver/Src/stm32l4xx_hal.o
                0x08007400                HAL_InitTick
 .text.HAL_IncTick
                0x08007478       0x28 ./Drivers/STM32L4xx_HAL_Driver/Src/stm32l4xx_hal.o
                0x08007478                HAL_IncTick
 .text.HAL_GetTick
                0x080074a0       0x18 ./Drivers/STM32L4xx_HAL_Driver/Src/stm32l4xx_hal.o
                0x080074a0                HAL_GetTick
 .text.HAL_CAN_Init
                0x080074b8      0x1f6 ./Drivers/STM32L4xx_HAL_Driver/Src/stm32l4xx_hal_can.o
                0x080074b8                HAL_CAN_Init
 .text.HAL_CAN_ConfigFilter
                0x080076ae      0x194 ./Drivers/STM32L4xx_HAL_Driver/Src/stm32l4xx_hal_can.o
                0x080076ae                HAL_CAN_ConfigFilter
 .text.HAL_CAN_Start
                0x08007842       0x88 ./Drivers/STM32L4xx_HAL_Driver/Src/stm32l4xx_hal_can.o
                0x08007842                HAL_CAN_Start
 .text.HAL_CAN_Stop
                0x080078ca       0x92 ./Drivers/STM32L4xx_HAL_Driver/Src/stm32l4xx_hal_can.o
                0x080078ca                HAL_CAN_Stop
 .text.HAL_CAN_AddTxMessage
                0x0800795c      0x1a0 ./Drivers/STM32L4xx_HAL_Driver/Src/stm32l4xx_hal_can.o
                0x0800795c                HAL_CAN_AddTxMessage
 .text.HAL_CAN_GetTxMailboxesFreeLevel
                0x08007afc       0x6a ./Drivers/STM32L4xx_HAL_Driver/Src/stm32l4xx_hal_can.o
                0x08007afc                HAL_CAN_GetTxMailboxesFreeLevel
 .text.HAL_CAN_ActivateNotification
                0x08007b66       0x4c ./Drivers/STM32L4xx_HAL_Driver/Src/stm32l4xx_hal_can.o
                0x08007b66                HAL_CAN_ActivateNotification
 *fill*         0x08007bb2        0x2 
 .text.__NVIC_SetPriorityGrouping
                0x08007bb4       0x48 ./Drivers/STM32L4xx_HAL_Driver/Src/stm32l4xx_hal_cortex.o
 .text.__NVIC_GetPriorityGrouping
                0x08007bfc       0x1c ./Drivers/STM32L4xx_HAL_Driver/Src/stm32l4xx_hal_cortex.o
 .text.__NVIC_SetPriority
                0x08007c18       0x54 ./Drivers/STM32L4xx_HAL_Driver/Src/stm32l4xx_hal_cortex.o
 .text.NVIC_EncodePriority
                0x08007c6c       0x66 ./Drivers/STM32L4xx_HAL_Driver/Src/stm32l4xx_hal_cortex.o
 *fill*         0x08007cd2        0x2 
 .text.__NVIC_SystemReset
                0x08007cd4       0x2c ./Drivers/STM32L4xx_HAL_Driver/Src/stm32l4xx_hal_cortex.o
 .text.SysTick_Config
                0x08007d00       0x44 ./Drivers/STM32L4xx_HAL_Driver/Src/stm32l4xx_hal_cortex.o
 .text.HAL_NVIC_SetPriorityGrouping
                0x08007d44       0x16 ./Drivers/STM32L4xx_HAL_Driver/Src/stm32l4xx_hal_cortex.o
                0x08007d44                HAL_NVIC_SetPriorityGrouping
 .text.HAL_NVIC_SetPriority
                0x08007d5a       0x38 ./Drivers/STM32L4xx_HAL_Driver/Src/stm32l4xx_hal_cortex.o
                0x08007d5a                HAL_NVIC_SetPriority
 .text.HAL_NVIC_SystemReset
                0x08007d92        0x8 ./Drivers/STM32L4xx_HAL_Driver/Src/stm32l4xx_hal_cortex.o
                0x08007d92                HAL_NVIC_SystemReset
 .text.HAL_SYSTICK_Config
                0x08007d9a       0x18 ./Drivers/STM32L4xx_HAL_Driver/Src/stm32l4xx_hal_cortex.o
                0x08007d9a                HAL_SYSTICK_Config
 *fill*         0x08007db2        0x2 
 .text.HAL_GPIO_Init
                0x08007db4      0x2d4 ./Drivers/STM32L4xx_HAL_Driver/Src/stm32l4xx_hal_gpio.o
                0x08007db4                HAL_GPIO_Init
 .text.HAL_GPIO_WritePin
                0x08008088       0x30 ./Drivers/STM32L4xx_HAL_Driver/Src/stm32l4xx_hal_gpio.o
                0x08008088                HAL_GPIO_WritePin
 .text.HAL_PWR_EnableBkUpAccess
                0x080080b8       0x20 ./Drivers/STM32L4xx_HAL_Driver/Src/stm32l4xx_hal_pwr.o
                0x080080b8                HAL_PWR_EnableBkUpAccess
 .text.HAL_PWREx_GetVoltageRange
                0x080080d8       0x1c ./Drivers/STM32L4xx_HAL_Driver/Src/stm32l4xx_hal_pwr_ex.o
                0x080080d8                HAL_PWREx_GetVoltageRange
 .text.HAL_PWREx_ControlVoltageScaling
                0x080080f4       0xac ./Drivers/STM32L4xx_HAL_Driver/Src/stm32l4xx_hal_pwr_ex.o
                0x080080f4                HAL_PWREx_ControlVoltageScaling
 .text.HAL_RCC_OscConfig
                0x080081a0      0x828 ./Drivers/STM32L4xx_HAL_Driver/Src/stm32l4xx_hal_rcc.o
                0x080081a0                HAL_RCC_OscConfig
 .text.HAL_RCC_ClockConfig
                0x080089c8      0x200 ./Drivers/STM32L4xx_HAL_Driver/Src/stm32l4xx_hal_rcc.o
                0x080089c8                HAL_RCC_ClockConfig
 .text.HAL_RCC_GetSysClockFreq
                0x08008bc8      0x118 ./Drivers/STM32L4xx_HAL_Driver/Src/stm32l4xx_hal_rcc.o
                0x08008bc8                HAL_RCC_GetSysClockFreq
 .text.HAL_RCC_GetHCLKFreq
                0x08008ce0       0x18 ./Drivers/STM32L4xx_HAL_Driver/Src/stm32l4xx_hal_rcc.o
                0x08008ce0                HAL_RCC_GetHCLKFreq
 .text.HAL_RCC_GetPCLK1Freq
                0x08008cf8       0x2c ./Drivers/STM32L4xx_HAL_Driver/Src/stm32l4xx_hal_rcc.o
                0x08008cf8                HAL_RCC_GetPCLK1Freq
 .text.HAL_RCC_GetPCLK2Freq
                0x08008d24       0x2c ./Drivers/STM32L4xx_HAL_Driver/Src/stm32l4xx_hal_rcc.o
                0x08008d24                HAL_RCC_GetPCLK2Freq
 .text.RCC_SetFlashLatencyFromMSIRange
                0x08008d50       0xc0 ./Drivers/STM32L4xx_HAL_Driver/Src/stm32l4xx_hal_rcc.o
 .text.HAL_RCCEx_PeriphCLKConfig
                0x08008e10      0x3ec ./Drivers/STM32L4xx_HAL_Driver/Src/stm32l4xx_hal_rcc_ex.o
                0x08008e10                HAL_RCCEx_PeriphCLKConfig
 .text.HAL_RCCEx_EnableMSIPLLMode
                0x080091fc       0x20 ./Drivers/STM32L4xx_HAL_Driver/Src/stm32l4xx_hal_rcc_ex.o
                0x080091fc                HAL_RCCEx_EnableMSIPLLMode
 .text.RCCEx_PLLSAI1_Config
                0x0800921c      0x1e4 ./Drivers/STM32L4xx_HAL_Driver/Src/stm32l4xx_hal_rcc_ex.o
 .text.HAL_TIM_Base_Init
                0x08009400       0xae ./Drivers/STM32L4xx_HAL_Driver/Src/stm32l4xx_hal_tim.o
                0x08009400                HAL_TIM_Base_Init
 *fill*         0x080094ae        0x2 
 .text.HAL_TIM_Base_Start_IT
                0x080094b0       0xa8 ./Drivers/STM32L4xx_HAL_Driver/Src/stm32l4xx_hal_tim.o
                0x080094b0                HAL_TIM_Base_Start_IT
 .text.HAL_TIM_Base_Stop_IT
                0x08009558       0x5e ./Drivers/STM32L4xx_HAL_Driver/Src/stm32l4xx_hal_tim.o
                0x08009558                HAL_TIM_Base_Stop_IT
 *fill*         0x080095b6        0x2 
 .text.TIM_Base_SetConfig
                0x080095b8       0xe0 ./Drivers/STM32L4xx_HAL_Driver/Src/stm32l4xx_hal_tim.o
                0x080095b8                TIM_Base_SetConfig
 .text.HAL_UART_Init
                0x08009698       0x9c ./Drivers/STM32L4xx_HAL_Driver/Src/stm32l4xx_hal_uart.o
                0x08009698                HAL_UART_Init
 .text.HAL_UART_Transmit
                0x08009734      0x112 ./Drivers/STM32L4xx_HAL_Driver/Src/stm32l4xx_hal_uart.o
                0x08009734                HAL_UART_Transmit
 .text.HAL_UART_Receive
                0x08009846      0x192 ./Drivers/STM32L4xx_HAL_Driver/Src/stm32l4xx_hal_uart.o
                0x08009846                HAL_UART_Receive
 .text.UART_SetConfig
                0x080099d8      0x458 ./Drivers/STM32L4xx_HAL_Driver/Src/stm32l4xx_hal_uart.o
                0x080099d8                UART_SetConfig
 .text.UART_AdvFeatureConfig
                0x08009e30      0x144 ./Drivers/STM32L4xx_HAL_Driver/Src/stm32l4xx_hal_uart.o
                0x08009e30                UART_AdvFeatureConfig
 .text.UART_CheckIdleState
                0x08009f74      0x150 ./Drivers/STM32L4xx_HAL_Driver/Src/stm32l4xx_hal_uart.o
                0x08009f74                UART_CheckIdleState
 .text.UART_WaitOnFlagUntilTimeout
                0x0800a0c4       0xda ./Drivers/STM32L4xx_HAL_Driver/Src/stm32l4xx_hal_uart.o
                0x0800a0c4                UART_WaitOnFlagUntilTimeout
 .text.UART_EndRxTransfer
                0x0800a19e       0xc8 ./Drivers/STM32L4xx_HAL_Driver/Src/stm32l4xx_hal_uart.o
 *fill*         0x0800a266        0x2 
 .text.calloc   0x0800a268       0x10 C:/ST/STM32CubeIDE_1.18.1/STM32CubeIDE/plugins/com.st.stm32cube.ide.mcu.externaltools.gnu-tools-for-stm32.13.3.rel1.win32_1.0.0.202411081344/tools/bin/../lib/gcc/arm-none-eabi/13.3.1/../../../../arm-none-eabi/lib/thumb/v7e-m+fp/hard\libc_nano.a(libc_a-calloc.o)
                0x0800a268                calloc
 .text._calloc_r
                0x0800a278       0x28 C:/ST/STM32CubeIDE_1.18.1/STM32CubeIDE/plugins/com.st.stm32cube.ide.mcu.externaltools.gnu-tools-for-stm32.13.3.rel1.win32_1.0.0.202411081344/tools/bin/../lib/gcc/arm-none-eabi/13.3.1/../../../../arm-none-eabi/lib/thumb/v7e-m+fp/hard\libc_nano.a(libc_a-callocr.o)
                0x0800a278                _calloc_r
 .text.free     0x0800a2a0       0x10 C:/ST/STM32CubeIDE_1.18.1/STM32CubeIDE/plugins/com.st.stm32cube.ide.mcu.externaltools.gnu-tools-for-stm32.13.3.rel1.win32_1.0.0.202411081344/tools/bin/../lib/gcc/arm-none-eabi/13.3.1/../../../../arm-none-eabi/lib/thumb/v7e-m+fp/hard\libc_nano.a(libc_a-malloc.o)
                0x0800a2a0                free
 .text.sbrk_aligned
                0x0800a2b0       0x44 C:/ST/STM32CubeIDE_1.18.1/STM32CubeIDE/plugins/com.st.stm32cube.ide.mcu.externaltools.gnu-tools-for-stm32.13.3.rel1.win32_1.0.0.202411081344/tools/bin/../lib/gcc/arm-none-eabi/13.3.1/../../../../arm-none-eabi/lib/thumb/v7e-m+fp/hard\libc_nano.a(libc_a-mallocr.o)
 .text._malloc_r
                0x0800a2f4      0x100 C:/ST/STM32CubeIDE_1.18.1/STM32CubeIDE/plugins/com.st.stm32cube.ide.mcu.externaltools.gnu-tools-for-stm32.13.3.rel1.win32_1.0.0.202411081344/tools/bin/../lib/gcc/arm-none-eabi/13.3.1/../../../../arm-none-eabi/lib/thumb/v7e-m+fp/hard\libc_nano.a(libc_a-mallocr.o)
                0x0800a2f4                _malloc_r
 .text.__malloc_lock
                0x0800a3f4        0xc C:/ST/STM32CubeIDE_1.18.1/STM32CubeIDE/plugins/com.st.stm32cube.ide.mcu.externaltools.gnu-tools-for-stm32.13.3.rel1.win32_1.0.0.202411081344/tools/bin/../lib/gcc/arm-none-eabi/13.3.1/../../../../arm-none-eabi/lib/thumb/v7e-m+fp/hard\libc_nano.a(libc_a-mlock.o)
                0x0800a3f4                __malloc_lock
 .text.__malloc_unlock
                0x0800a400        0xc C:/ST/STM32CubeIDE_1.18.1/STM32CubeIDE/plugins/com.st.stm32cube.ide.mcu.externaltools.gnu-tools-for-stm32.13.3.rel1.win32_1.0.0.202411081344/tools/bin/../lib/gcc/arm-none-eabi/13.3.1/../../../../arm-none-eabi/lib/thumb/v7e-m+fp/hard\libc_nano.a(libc_a-mlock.o)
                0x0800a400                __malloc_unlock
 .text.__sflush_r
                0x0800a40c      0x108 C:/ST/STM32CubeIDE_1.18.1/STM32CubeIDE/plugins/com.st.stm32cube.ide.mcu.externaltools.gnu-tools-for-stm32.13.3.rel1.win32_1.0.0.202411081344/tools/bin/../lib/gcc/arm-none-eabi/13.3.1/../../../../arm-none-eabi/lib/thumb/v7e-m+fp/hard\libc_nano.a(libc_a-fflush.o)
                0x0800a40c                __sflush_r
 .text._fflush_r
                0x0800a514       0x50 C:/ST/STM32CubeIDE_1.18.1/STM32CubeIDE/plugins/com.st.stm32cube.ide.mcu.externaltools.gnu-tools-for-stm32.13.3.rel1.win32_1.0.0.202411081344/tools/bin/../lib/gcc/arm-none-eabi/13.3.1/../../../../arm-none-eabi/lib/thumb/v7e-m+fp/hard\libc_nano.a(libc_a-fflush.o)
                0x0800a514                _fflush_r
 .text.fflush   0x0800a564       0x28 C:/ST/STM32CubeIDE_1.18.1/STM32CubeIDE/plugins/com.st.stm32cube.ide.mcu.externaltools.gnu-tools-for-stm32.13.3.rel1.win32_1.0.0.202411081344/tools/bin/../lib/gcc/arm-none-eabi/13.3.1/../../../../arm-none-eabi/lib/thumb/v7e-m+fp/hard\libc_nano.a(libc_a-fflush.o)
                0x0800a564                fflush
 .text.std      0x0800a58c       0x6c C:/ST/STM32CubeIDE_1.18.1/STM32CubeIDE/plugins/com.st.stm32cube.ide.mcu.externaltools.gnu-tools-for-stm32.13.3.rel1.win32_1.0.0.202411081344/tools/bin/../lib/gcc/arm-none-eabi/13.3.1/../../../../arm-none-eabi/lib/thumb/v7e-m+fp/hard\libc_nano.a(libc_a-findfp.o)
 .text.stdio_exit_handler
                0x0800a5f8       0x18 C:/ST/STM32CubeIDE_1.18.1/STM32CubeIDE/plugins/com.st.stm32cube.ide.mcu.externaltools.gnu-tools-for-stm32.13.3.rel1.win32_1.0.0.202411081344/tools/bin/../lib/gcc/arm-none-eabi/13.3.1/../../../../arm-none-eabi/lib/thumb/v7e-m+fp/hard\libc_nano.a(libc_a-findfp.o)
 .text.cleanup_stdio
                0x0800a610       0x40 C:/ST/STM32CubeIDE_1.18.1/STM32CubeIDE/plugins/com.st.stm32cube.ide.mcu.externaltools.gnu-tools-for-stm32.13.3.rel1.win32_1.0.0.202411081344/tools/bin/../lib/gcc/arm-none-eabi/13.3.1/../../../../arm-none-eabi/lib/thumb/v7e-m+fp/hard\libc_nano.a(libc_a-findfp.o)
 .text.global_stdio_init.part.0
                0x0800a650       0x3c C:/ST/STM32CubeIDE_1.18.1/STM32CubeIDE/plugins/com.st.stm32cube.ide.mcu.externaltools.gnu-tools-for-stm32.13.3.rel1.win32_1.0.0.202411081344/tools/bin/../lib/gcc/arm-none-eabi/13.3.1/../../../../arm-none-eabi/lib/thumb/v7e-m+fp/hard\libc_nano.a(libc_a-findfp.o)
 .text.__sfp_lock_acquire
                0x0800a68c        0xc C:/ST/STM32CubeIDE_1.18.1/STM32CubeIDE/plugins/com.st.stm32cube.ide.mcu.externaltools.gnu-tools-for-stm32.13.3.rel1.win32_1.0.0.202411081344/tools/bin/../lib/gcc/arm-none-eabi/13.3.1/../../../../arm-none-eabi/lib/thumb/v7e-m+fp/hard\libc_nano.a(libc_a-findfp.o)
                0x0800a68c                __sfp_lock_acquire
 .text.__sfp_lock_release
                0x0800a698        0xc C:/ST/STM32CubeIDE_1.18.1/STM32CubeIDE/plugins/com.st.stm32cube.ide.mcu.externaltools.gnu-tools-for-stm32.13.3.rel1.win32_1.0.0.202411081344/tools/bin/../lib/gcc/arm-none-eabi/13.3.1/../../../../arm-none-eabi/lib/thumb/v7e-m+fp/hard\libc_nano.a(libc_a-findfp.o)
                0x0800a698                __sfp_lock_release
 .text.__sinit  0x0800a6a4       0x30 C:/ST/STM32CubeIDE_1.18.1/STM32CubeIDE/plugins/com.st.stm32cube.ide.mcu.externaltools.gnu-tools-for-stm32.13.3.rel1.win32_1.0.0.202411081344/tools/bin/../lib/gcc/arm-none-eabi/13.3.1/../../../../arm-none-eabi/lib/thumb/v7e-m+fp/hard\libc_nano.a(libc_a-findfp.o)
                0x0800a6a4                __sinit
 .text._fwalk_sglue
                0x0800a6d4       0x3c C:/ST/STM32CubeIDE_1.18.1/STM32CubeIDE/plugins/com.st.stm32cube.ide.mcu.externaltools.gnu-tools-for-stm32.13.3.rel1.win32_1.0.0.202411081344/tools/bin/../lib/gcc/arm-none-eabi/13.3.1/../../../../arm-none-eabi/lib/thumb/v7e-m+fp/hard\libc_nano.a(libc_a-fwalk.o)
                0x0800a6d4                _fwalk_sglue
 .text.printf   0x0800a710       0x24 C:/ST/STM32CubeIDE_1.18.1/STM32CubeIDE/plugins/com.st.stm32cube.ide.mcu.externaltools.gnu-tools-for-stm32.13.3.rel1.win32_1.0.0.202411081344/tools/bin/../lib/gcc/arm-none-eabi/13.3.1/../../../../arm-none-eabi/lib/thumb/v7e-m+fp/hard\libc_nano.a(libc_a-printf.o)
                0x0800a710                iprintf
                0x0800a710                printf
 .text._puts_r  0x0800a734       0xaa C:/ST/STM32CubeIDE_1.18.1/STM32CubeIDE/plugins/com.st.stm32cube.ide.mcu.externaltools.gnu-tools-for-stm32.13.3.rel1.win32_1.0.0.202411081344/tools/bin/../lib/gcc/arm-none-eabi/13.3.1/../../../../arm-none-eabi/lib/thumb/v7e-m+fp/hard\libc_nano.a(libc_a-puts.o)
                0x0800a734                _puts_r
 *fill*         0x0800a7de        0x2 
 .text.puts     0x0800a7e0       0x10 C:/ST/STM32CubeIDE_1.18.1/STM32CubeIDE/plugins/com.st.stm32cube.ide.mcu.externaltools.gnu-tools-for-stm32.13.3.rel1.win32_1.0.0.202411081344/tools/bin/../lib/gcc/arm-none-eabi/13.3.1/../../../../arm-none-eabi/lib/thumb/v7e-m+fp/hard\libc_nano.a(libc_a-puts.o)
                0x0800a7e0                puts
 .text.__sread  0x0800a7f0       0x22 C:/ST/STM32CubeIDE_1.18.1/STM32CubeIDE/plugins/com.st.stm32cube.ide.mcu.externaltools.gnu-tools-for-stm32.13.3.rel1.win32_1.0.0.202411081344/tools/bin/../lib/gcc/arm-none-eabi/13.3.1/../../../../arm-none-eabi/lib/thumb/v7e-m+fp/hard\libc_nano.a(libc_a-stdio.o)
                0x0800a7f0                __sread
 .text.__swrite
                0x0800a812       0x38 C:/ST/STM32CubeIDE_1.18.1/STM32CubeIDE/plugins/com.st.stm32cube.ide.mcu.externaltools.gnu-tools-for-stm32.13.3.rel1.win32_1.0.0.202411081344/tools/bin/../lib/gcc/arm-none-eabi/13.3.1/../../../../arm-none-eabi/lib/thumb/v7e-m+fp/hard\libc_nano.a(libc_a-stdio.o)
                0x0800a812                __swrite
 .text.__sseek  0x0800a84a       0x24 C:/ST/STM32CubeIDE_1.18.1/STM32CubeIDE/plugins/com.st.stm32cube.ide.mcu.externaltools.gnu-tools-for-stm32.13.3.rel1.win32_1.0.0.202411081344/tools/bin/../lib/gcc/arm-none-eabi/13.3.1/../../../../arm-none-eabi/lib/thumb/v7e-m+fp/hard\libc_nano.a(libc_a-stdio.o)
                0x0800a84a                __sseek
 .text.__sclose
                0x0800a86e        0x8 C:/ST/STM32CubeIDE_1.18.1/STM32CubeIDE/plugins/com.st.stm32cube.ide.mcu.externaltools.gnu-tools-for-stm32.13.3.rel1.win32_1.0.0.202411081344/tools/bin/../lib/gcc/arm-none-eabi/13.3.1/../../../../arm-none-eabi/lib/thumb/v7e-m+fp/hard\libc_nano.a(libc_a-stdio.o)
                0x0800a86e                __sclose
 .text.__swbuf_r
                0x0800a876       0x7c C:/ST/STM32CubeIDE_1.18.1/STM32CubeIDE/plugins/com.st.stm32cube.ide.mcu.externaltools.gnu-tools-for-stm32.13.3.rel1.win32_1.0.0.202411081344/tools/bin/../lib/gcc/arm-none-eabi/13.3.1/../../../../arm-none-eabi/lib/thumb/v7e-m+fp/hard\libc_nano.a(libc_a-wbuf.o)
                0x0800a876                __swbuf_r
 *fill*         0x0800a8f2        0x2 
 .text.__swsetup_r
                0x0800a8f4       0xac C:/ST/STM32CubeIDE_1.18.1/STM32CubeIDE/plugins/com.st.stm32cube.ide.mcu.externaltools.gnu-tools-for-stm32.13.3.rel1.win32_1.0.0.202411081344/tools/bin/../lib/gcc/arm-none-eabi/13.3.1/../../../../arm-none-eabi/lib/thumb/v7e-m+fp/hard\libc_nano.a(libc_a-wsetup.o)
                0x0800a8f4                __swsetup_r
 .text.memmove  0x0800a9a0       0x34 C:/ST/STM32CubeIDE_1.18.1/STM32CubeIDE/plugins/com.st.stm32cube.ide.mcu.externaltools.gnu-tools-for-stm32.13.3.rel1.win32_1.0.0.202411081344/tools/bin/../lib/gcc/arm-none-eabi/13.3.1/../../../../arm-none-eabi/lib/thumb/v7e-m+fp/hard\libc_nano.a(libc_a-memmove.o)
                0x0800a9a0                memmove
 .text.memset   0x0800a9d4       0x10 C:/ST/STM32CubeIDE_1.18.1/STM32CubeIDE/plugins/com.st.stm32cube.ide.mcu.externaltools.gnu-tools-for-stm32.13.3.rel1.win32_1.0.0.202411081344/tools/bin/../lib/gcc/arm-none-eabi/13.3.1/../../../../arm-none-eabi/lib/thumb/v7e-m+fp/hard\libc_nano.a(libc_a-memset.o)
                0x0800a9d4                memset
 .text._close_r
                0x0800a9e4       0x20 C:/ST/STM32CubeIDE_1.18.1/STM32CubeIDE/plugins/com.st.stm32cube.ide.mcu.externaltools.gnu-tools-for-stm32.13.3.rel1.win32_1.0.0.202411081344/tools/bin/../lib/gcc/arm-none-eabi/13.3.1/../../../../arm-none-eabi/lib/thumb/v7e-m+fp/hard\libc_nano.a(libc_a-closer.o)
                0x0800a9e4                _close_r
 .text._lseek_r
                0x0800aa04       0x24 C:/ST/STM32CubeIDE_1.18.1/STM32CubeIDE/plugins/com.st.stm32cube.ide.mcu.externaltools.gnu-tools-for-stm32.13.3.rel1.win32_1.0.0.202411081344/tools/bin/../lib/gcc/arm-none-eabi/13.3.1/../../../../arm-none-eabi/lib/thumb/v7e-m+fp/hard\libc_nano.a(libc_a-lseekr.o)
                0x0800aa04                _lseek_r
 .text._read_r  0x0800aa28       0x24 C:/ST/STM32CubeIDE_1.18.1/STM32CubeIDE/plugins/com.st.stm32cube.ide.mcu.externaltools.gnu-tools-for-stm32.13.3.rel1.win32_1.0.0.202411081344/tools/bin/../lib/gcc/arm-none-eabi/13.3.1/../../../../arm-none-eabi/lib/thumb/v7e-m+fp/hard\libc_nano.a(libc_a-readr.o)
                0x0800aa28                _read_r
 .text._sbrk_r  0x0800aa4c       0x20 C:/ST/STM32CubeIDE_1.18.1/STM32CubeIDE/plugins/com.st.stm32cube.ide.mcu.externaltools.gnu-tools-for-stm32.13.3.rel1.win32_1.0.0.202411081344/tools/bin/../lib/gcc/arm-none-eabi/13.3.1/../../../../arm-none-eabi/lib/thumb/v7e-m+fp/hard\libc_nano.a(libc_a-sbrkr.o)
                0x0800aa4c                _sbrk_r
 .text._write_r
                0x0800aa6c       0x24 C:/ST/STM32CubeIDE_1.18.1/STM32CubeIDE/plugins/com.st.stm32cube.ide.mcu.externaltools.gnu-tools-for-stm32.13.3.rel1.win32_1.0.0.202411081344/tools/bin/../lib/gcc/arm-none-eabi/13.3.1/../../../../arm-none-eabi/lib/thumb/v7e-m+fp/hard\libc_nano.a(libc_a-writer.o)
                0x0800aa6c                _write_r
 .text.__errno  0x0800aa90        0xc C:/ST/STM32CubeIDE_1.18.1/STM32CubeIDE/plugins/com.st.stm32cube.ide.mcu.externaltools.gnu-tools-for-stm32.13.3.rel1.win32_1.0.0.202411081344/tools/bin/../lib/gcc/arm-none-eabi/13.3.1/../../../../arm-none-eabi/lib/thumb/v7e-m+fp/hard\libc_nano.a(libc_a-errno.o)
                0x0800aa90                __errno
 .text.__libc_init_array
                0x0800aa9c       0x48 C:/ST/STM32CubeIDE_1.18.1/STM32CubeIDE/plugins/com.st.stm32cube.ide.mcu.externaltools.gnu-tools-for-stm32.13.3.rel1.win32_1.0.0.202411081344/tools/bin/../lib/gcc/arm-none-eabi/13.3.1/../../../../arm-none-eabi/lib/thumb/v7e-m+fp/hard\libc_nano.a(libc_a-init.o)
                0x0800aa9c                __libc_init_array
 .text.__retarget_lock_init_recursive
                0x0800aae4        0x2 C:/ST/STM32CubeIDE_1.18.1/STM32CubeIDE/plugins/com.st.stm32cube.ide.mcu.externaltools.gnu-tools-for-stm32.13.3.rel1.win32_1.0.0.202411081344/tools/bin/../lib/gcc/arm-none-eabi/13.3.1/../../../../arm-none-eabi/lib/thumb/v7e-m+fp/hard\libc_nano.a(libc_a-lock.o)
                0x0800aae4                __retarget_lock_init_recursive
 .text.__retarget_lock_acquire_recursive
                0x0800aae6        0x2 C:/ST/STM32CubeIDE_1.18.1/STM32CubeIDE/plugins/com.st.stm32cube.ide.mcu.externaltools.gnu-tools-for-stm32.13.3.rel1.win32_1.0.0.202411081344/tools/bin/../lib/gcc/arm-none-eabi/13.3.1/../../../../arm-none-eabi/lib/thumb/v7e-m+fp/hard\libc_nano.a(libc_a-lock.o)
                0x0800aae6                __retarget_lock_acquire_recursive
 .text.__retarget_lock_release_recursive
                0x0800aae8        0x2 C:/ST/STM32CubeIDE_1.18.1/STM32CubeIDE/plugins/com.st.stm32cube.ide.mcu.externaltools.gnu-tools-for-stm32.13.3.rel1.win32_1.0.0.202411081344/tools/bin/../lib/gcc/arm-none-eabi/13.3.1/../../../../arm-none-eabi/lib/thumb/v7e-m+fp/hard\libc_nano.a(libc_a-lock.o)
                0x0800aae8                __retarget_lock_release_recursive
 .text.memcpy   0x0800aaea       0x1c C:/ST/STM32CubeIDE_1.18.1/STM32CubeIDE/plugins/com.st.stm32cube.ide.mcu.externaltools.gnu-tools-for-stm32.13.3.rel1.win32_1.0.0.202411081344/tools/bin/../lib/gcc/arm-none-eabi/13.3.1/../../../../arm-none-eabi/lib/thumb/v7e-m+fp/hard\libc_nano.a(libc_a-memcpy-stub.o)
                0x0800aaea                memcpy
 *fill*         0x0800ab06        0x2 
 .text._free_r  0x0800ab08       0x94 C:/ST/STM32CubeIDE_1.18.1/STM32CubeIDE/plugins/com.st.stm32cube.ide.mcu.externaltools.gnu-tools-for-stm32.13.3.rel1.win32_1.0.0.202411081344/tools/bin/../lib/gcc/arm-none-eabi/13.3.1/../../../../arm-none-eabi/lib/thumb/v7e-m+fp/hard\libc_nano.a(libc_a-freer.o)
                0x0800ab08                _free_r
 .text.__sfputc_r
                0x0800ab9c       0x2e C:/ST/STM32CubeIDE_1.18.1/STM32CubeIDE/plugins/com.st.stm32cube.ide.mcu.externaltools.gnu-tools-for-stm32.13.3.rel1.win32_1.0.0.202411081344/tools/bin/../lib/gcc/arm-none-eabi/13.3.1/../../../../arm-none-eabi/lib/thumb/v7e-m+fp/hard\libc_nano.a(libc_a-nano-vfprintf.o)
 .text.__sfputs_r
                0x0800abca       0x24 C:/ST/STM32CubeIDE_1.18.1/STM32CubeIDE/plugins/com.st.stm32cube.ide.mcu.externaltools.gnu-tools-for-stm32.13.3.rel1.win32_1.0.0.202411081344/tools/bin/../lib/gcc/arm-none-eabi/13.3.1/../../../../arm-none-eabi/lib/thumb/v7e-m+fp/hard\libc_nano.a(libc_a-nano-vfprintf.o)
                0x0800abca                __sfputs_r
 *fill*         0x0800abee        0x2 
 .text._vfprintf_r
                0x0800abf0      0x230 C:/ST/STM32CubeIDE_1.18.1/STM32CubeIDE/plugins/com.st.stm32cube.ide.mcu.externaltools.gnu-tools-for-stm32.13.3.rel1.win32_1.0.0.202411081344/tools/bin/../lib/gcc/arm-none-eabi/13.3.1/../../../../arm-none-eabi/lib/thumb/v7e-m+fp/hard\libc_nano.a(libc_a-nano-vfprintf.o)
                0x0800abf0                _vfprintf_r
                0x0800abf0                _vfiprintf_r
 .text._printf_common
                0x0800ae20       0xda C:/ST/STM32CubeIDE_1.18.1/STM32CubeIDE/plugins/com.st.stm32cube.ide.mcu.externaltools.gnu-tools-for-stm32.13.3.rel1.win32_1.0.0.202411081344/tools/bin/../lib/gcc/arm-none-eabi/13.3.1/../../../../arm-none-eabi/lib/thumb/v7e-m+fp/hard\libc_nano.a(libc_a-nano-vfprintf_i.o)
                0x0800ae20                _printf_common
 *fill*         0x0800aefa        0x2 
 .text._printf_i
                0x0800aefc      0x23c C:/ST/STM32CubeIDE_1.18.1/STM32CubeIDE/plugins/com.st.stm32cube.ide.mcu.externaltools.gnu-tools-for-stm32.13.3.rel1.win32_1.0.0.202411081344/tools/bin/../lib/gcc/arm-none-eabi/13.3.1/../../../../arm-none-eabi/lib/thumb/v7e-m+fp/hard\libc_nano.a(libc_a-nano-vfprintf_i.o)
                0x0800aefc                _printf_i
 .text.__swhatbuf_r
                0x0800b138       0x4c C:/ST/STM32CubeIDE_1.18.1/STM32CubeIDE/plugins/com.st.stm32cube.ide.mcu.externaltools.gnu-tools-for-stm32.13.3.rel1.win32_1.0.0.202411081344/tools/bin/../lib/gcc/arm-none-eabi/13.3.1/../../../../arm-none-eabi/lib/thumb/v7e-m+fp/hard\libc_nano.a(libc_a-makebuf.o)
                0x0800b138                __swhatbuf_r
 .text.__smakebuf_r
                0x0800b184       0x78 C:/ST/STM32CubeIDE_1.18.1/STM32CubeIDE/plugins/com.st.stm32cube.ide.mcu.externaltools.gnu-tools-for-stm32.13.3.rel1.win32_1.0.0.202411081344/tools/bin/../lib/gcc/arm-none-eabi/13.3.1/../../../../arm-none-eabi/lib/thumb/v7e-m+fp/hard\libc_nano.a(libc_a-makebuf.o)
                0x0800b184                __smakebuf_r
 .text._fstat_r
                0x0800b1fc       0x24 C:/ST/STM32CubeIDE_1.18.1/STM32CubeIDE/plugins/com.st.stm32cube.ide.mcu.externaltools.gnu-tools-for-stm32.13.3.rel1.win32_1.0.0.202411081344/tools/bin/../lib/gcc/arm-none-eabi/13.3.1/../../../../arm-none-eabi/lib/thumb/v7e-m+fp/hard\libc_nano.a(libc_a-fstatr.o)
                0x0800b1fc                _fstat_r
 .text._isatty_r
                0x0800b220       0x20 C:/ST/STM32CubeIDE_1.18.1/STM32CubeIDE/plugins/com.st.stm32cube.ide.mcu.externaltools.gnu-tools-for-stm32.13.3.rel1.win32_1.0.0.202411081344/tools/bin/../lib/gcc/arm-none-eabi/13.3.1/../../../../arm-none-eabi/lib/thumb/v7e-m+fp/hard\libc_nano.a(libc_a-isattyr.o)
                0x0800b220                _isatty_r
 *(.glue_7)
 .glue_7        0x0800b240        0x0 linker stubs
 *(.glue_7t)
 .glue_7t       0x0800b240        0x0 linker stubs
 *(.eh_frame)
 .eh_frame      0x0800b240        0x0 C:/ST/STM32CubeIDE_1.18.1/STM32CubeIDE/plugins/com.st.stm32cube.ide.mcu.externaltools.gnu-tools-for-stm32.13.3.rel1.win32_1.0.0.202411081344/tools/bin/../lib/gcc/arm-none-eabi/13.3.1/thumb/v7e-m+fp/hard/crtbegin.o
 *(.init)
 .init          0x0800b240        0x4 C:/ST/STM32CubeIDE_1.18.1/STM32CubeIDE/plugins/com.st.stm32cube.ide.mcu.externaltools.gnu-tools-for-stm32.13.3.rel1.win32_1.0.0.202411081344/tools/bin/../lib/gcc/arm-none-eabi/13.3.1/thumb/v7e-m+fp/hard/crti.o
                0x0800b240                _init
 .init          0x0800b244        0x8 C:/ST/STM32CubeIDE_1.18.1/STM32CubeIDE/plugins/com.st.stm32cube.ide.mcu.externaltools.gnu-tools-for-stm32.13.3.rel1.win32_1.0.0.202411081344/tools/bin/../lib/gcc/arm-none-eabi/13.3.1/thumb/v7e-m+fp/hard/crtn.o
 *(.fini)
 .fini          0x0800b24c        0x4 C:/ST/STM32CubeIDE_1.18.1/STM32CubeIDE/plugins/com.st.stm32cube.ide.mcu.externaltools.gnu-tools-for-stm32.13.3.rel1.win32_1.0.0.202411081344/tools/bin/../lib/gcc/arm-none-eabi/13.3.1/thumb/v7e-m+fp/hard/crti.o
                0x0800b24c                _fini
 .fini          0x0800b250        0x8 C:/ST/STM32CubeIDE_1.18.1/STM32CubeIDE/plugins/com.st.stm32cube.ide.mcu.externaltools.gnu-tools-for-stm32.13.3.rel1.win32_1.0.0.202411081344/tools/bin/../lib/gcc/arm-none-eabi/13.3.1/thumb/v7e-m+fp/hard/crtn.o
                0x0800b258                        . = ALIGN (0x4)
                0x0800b258                        _etext = .

.vfp11_veneer   0x0800b258        0x0
 .vfp11_veneer  0x0800b258        0x0 linker stubs

.v4_bx          0x0800b258        0x0
 .v4_bx         0x0800b258        0x0 linker stubs

.iplt           0x0800b258        0x0
 .iplt          0x0800b258        0x0 C:/ST/STM32CubeIDE_1.18.1/STM32CubeIDE/plugins/com.st.stm32cube.ide.mcu.externaltools.gnu-tools-for-stm32.13.3.rel1.win32_1.0.0.202411081344/tools/bin/../lib/gcc/arm-none-eabi/13.3.1/thumb/v7e-m+fp/hard/crtbegin.o

.rodata         0x0800b258      0x958
                0x0800b258                        . = ALIGN (0x4)
 *(.rodata)
 .rodata        0x0800b258      0x1c5 ./CANopenNode_STM32/CO_app_STM32.o
 *(.rodata*)
 *fill*         0x0800b41d        0x3 
 .rodata.abortCodes.0
                0x0800b420       0x68 ./CANopenNode/301/CO_ODinterface.o
 .rodata.CO_LSS_bitTimingTableLookup
                0x0800b488       0x14 ./CANopenNode/305/CO_LSSslave.o
 .rodata.ODObjs
                0x0800b49c      0x698 ./CANopenNode_STM32/OD.o
 .rodata.AHBPrescTable
                0x0800bb34       0x10 ./Core/Src/system_stm32l4xx.o
                0x0800bb34                AHBPrescTable
 .rodata.APBPrescTable
                0x0800bb44        0x8 ./Core/Src/system_stm32l4xx.o
                0x0800bb44                APBPrescTable
 .rodata.MSIRangeTable
                0x0800bb4c       0x30 ./Core/Src/system_stm32l4xx.o
                0x0800bb4c                MSIRangeTable
 .rodata._vfprintf_r.str1.1
                0x0800bb7c       0x33 C:/ST/STM32CubeIDE_1.18.1/STM32CubeIDE/plugins/com.st.stm32cube.ide.mcu.externaltools.gnu-tools-for-stm32.13.3.rel1.win32_1.0.0.202411081344/tools/bin/../lib/gcc/arm-none-eabi/13.3.1/../../../../arm-none-eabi/lib/thumb/v7e-m+fp/hard\libc_nano.a(libc_a-nano-vfprintf.o)
                                 0x11 (size before relaxing)
 .rodata._printf_i.str1.1
                0x0800bbaf       0x22 C:/ST/STM32CubeIDE_1.18.1/STM32CubeIDE/plugins/com.st.stm32cube.ide.mcu.externaltools.gnu-tools-for-stm32.13.3.rel1.win32_1.0.0.202411081344/tools/bin/../lib/gcc/arm-none-eabi/13.3.1/../../../../arm-none-eabi/lib/thumb/v7e-m+fp/hard\libc_nano.a(libc_a-nano-vfprintf_i.o)
                0x0800bbd4                        . = ALIGN (0x4)
 *fill*         0x0800bbaf        0x1 

.ARM.extab      0x0800bbb0        0x0
                0x0800bbb0                        . = ALIGN (0x4)
 *(.ARM.extab* .gnu.linkonce.armextab.*)
                0x0800bbb0                        . = ALIGN (0x4)

.ARM            0x0800bbb0        0x8
                0x0800bbb0                        . = ALIGN (0x4)
                0x0800bbb0                        __exidx_start = .
 *(.ARM.exidx*)
 .ARM.exidx     0x0800bbb0        0x8 C:/ST/STM32CubeIDE_1.18.1/STM32CubeIDE/plugins/com.st.stm32cube.ide.mcu.externaltools.gnu-tools-for-stm32.13.3.rel1.win32_1.0.0.202411081344/tools/bin/../lib/gcc/arm-none-eabi/13.3.1/../../../../arm-none-eabi/lib/thumb/v7e-m+fp/hard\libc_nano.a(libc_a-strlen.o)
 .ARM.exidx     0x0800bbb8        0x0 C:/ST/STM32CubeIDE_1.18.1/STM32CubeIDE/plugins/com.st.stm32cube.ide.mcu.externaltools.gnu-tools-for-stm32.13.3.rel1.win32_1.0.0.202411081344/tools/bin/../lib/gcc/arm-none-eabi/13.3.1/../../../../arm-none-eabi/lib/thumb/v7e-m+fp/hard\libc_nano.a(libc_a-memchr.o)
                                  0x8 (size before relaxing)
 .ARM.exidx     0x0800bbb8        0x0 C:/ST/STM32CubeIDE_1.18.1/STM32CubeIDE/plugins/com.st.stm32cube.ide.mcu.externaltools.gnu-tools-for-stm32.13.3.rel1.win32_1.0.0.202411081344/tools/bin/../lib/gcc/arm-none-eabi/13.3.1/thumb/v7e-m+fp/hard\libgcc.a(_udivmoddi4.o)
                                  0x8 (size before relaxing)
                0x0800bbb8                        __exidx_end = .
                0x0800bbb8                        . = ALIGN (0x4)

.preinit_array  0x0800bbb8        0x0
                0x0800bbb8                        . = ALIGN (0x4)
                0x0800bbb8                        PROVIDE (__preinit_array_start = .)
 *(.preinit_array*)
                0x0800bbb8                        PROVIDE (__preinit_array_end = .)
                0x0800bbb8                        . = ALIGN (0x4)

.init_array     0x0800bbb8        0x4
                0x0800bbb8                        . = ALIGN (0x4)
                0x0800bbb8                        PROVIDE (__init_array_start = .)
 *(SORT_BY_NAME(.init_array.*))
 *(.init_array*)
 .init_array    0x0800bbb8        0x4 C:/ST/STM32CubeIDE_1.18.1/STM32CubeIDE/plugins/com.st.stm32cube.ide.mcu.externaltools.gnu-tools-for-stm32.13.3.rel1.win32_1.0.0.202411081344/tools/bin/../lib/gcc/arm-none-eabi/13.3.1/thumb/v7e-m+fp/hard/crtbegin.o
                0x0800bbbc                        PROVIDE (__init_array_end = .)
                0x0800bbbc                        . = ALIGN (0x4)

.fini_array     0x0800bbbc        0x4
                0x0800bbbc                        . = ALIGN (0x4)
                [!provide]                        PROVIDE (__fini_array_start = .)
 *(SORT_BY_NAME(.fini_array.*))
 *(.fini_array*)
 .fini_array    0x0800bbbc        0x4 C:/ST/STM32CubeIDE_1.18.1/STM32CubeIDE/plugins/com.st.stm32cube.ide.mcu.externaltools.gnu-tools-for-stm32.13.3.rel1.win32_1.0.0.202411081344/tools/bin/../lib/gcc/arm-none-eabi/13.3.1/thumb/v7e-m+fp/hard/crtbegin.o
                [!provide]                        PROVIDE (__fini_array_end = .)
                0x0800bbc0                        . = ALIGN (0x4)
                0x0800bbc0                        _sidata = LOADADDR (.data)

.rel.dyn        0x0800bbc0        0x0
 .rel.iplt      0x0800bbc0        0x0 C:/ST/STM32CubeIDE_1.18.1/STM32CubeIDE/plugins/com.st.stm32cube.ide.mcu.externaltools.gnu-tools-for-stm32.13.3.rel1.win32_1.0.0.202411081344/tools/bin/../lib/gcc/arm-none-eabi/13.3.1/thumb/v7e-m+fp/hard/crtbegin.o

.data           0x20000000      0x438 load address 0x0800bbc0
                0x20000000                        . = ALIGN (0x4)
                0x20000000                        _sdata = .
 *(.data)
 *(.data*)
 .data.OD_PERSIST_COMM
                0x20000000      0x1f8 ./CANopenNode_STM32/OD.o
                0x20000000                OD_PERSIST_COMM
 .data.OD_RAM   0x200001f8       0x34 ./CANopenNode_STM32/OD.o
                0x200001f8                OD_RAM
 .data.ODList   0x2000022c      0x198 ./CANopenNode_STM32/OD.o
 .data._OD      0x200003c4        0x8 ./CANopenNode_STM32/OD.o
 .data.OD       0x200003cc        0x4 ./CANopenNode_STM32/OD.o
                0x200003cc                OD
 .data.SystemCoreClock
                0x200003d0        0x4 ./Core/Src/system_stm32l4xx.o
                0x200003d0                SystemCoreClock
 .data.uwTickPrio
                0x200003d4        0x4 ./Drivers/STM32L4xx_HAL_Driver/Src/stm32l4xx_hal.o
                0x200003d4                uwTickPrio
 .data.uwTickFreq
                0x200003d8        0x1 ./Drivers/STM32L4xx_HAL_Driver/Src/stm32l4xx_hal.o
                0x200003d8                uwTickFreq
 *fill*         0x200003d9        0x3 
 .data.__sglue  0x200003dc        0xc C:/ST/STM32CubeIDE_1.18.1/STM32CubeIDE/plugins/com.st.stm32cube.ide.mcu.externaltools.gnu-tools-for-stm32.13.3.rel1.win32_1.0.0.202411081344/tools/bin/../lib/gcc/arm-none-eabi/13.3.1/../../../../arm-none-eabi/lib/thumb/v7e-m+fp/hard\libc_nano.a(libc_a-findfp.o)
                0x200003dc                __sglue
 .data._impure_ptr
                0x200003e8        0x4 C:/ST/STM32CubeIDE_1.18.1/STM32CubeIDE/plugins/com.st.stm32cube.ide.mcu.externaltools.gnu-tools-for-stm32.13.3.rel1.win32_1.0.0.202411081344/tools/bin/../lib/gcc/arm-none-eabi/13.3.1/../../../../arm-none-eabi/lib/thumb/v7e-m+fp/hard\libc_nano.a(libc_a-impure.o)
                0x200003e8                _impure_ptr
 .data._impure_data
                0x200003ec       0x4c C:/ST/STM32CubeIDE_1.18.1/STM32CubeIDE/plugins/com.st.stm32cube.ide.mcu.externaltools.gnu-tools-for-stm32.13.3.rel1.win32_1.0.0.202411081344/tools/bin/../lib/gcc/arm-none-eabi/13.3.1/../../../../arm-none-eabi/lib/thumb/v7e-m+fp/hard\libc_nano.a(libc_a-impure.o)
                0x200003ec                _impure_data
 *(.RamFunc)
 *(.RamFunc*)
                0x20000438                        . = ALIGN (0x4)
                0x20000438                        _edata = .

.igot.plt       0x20000438        0x0 load address 0x0800bff8
 .igot.plt      0x20000438        0x0 C:/ST/STM32CubeIDE_1.18.1/STM32CubeIDE/plugins/com.st.stm32cube.ide.mcu.externaltools.gnu-tools-for-stm32.13.3.rel1.win32_1.0.0.202411081344/tools/bin/../lib/gcc/arm-none-eabi/13.3.1/thumb/v7e-m+fp/hard/crtbegin.o
                0x20000438                        . = ALIGN (0x4)

.bss            0x20000438      0x2a0 load address 0x0800bff8
                0x20000438                        _sbss = .
                0x20000438                        __bss_start__ = _sbss
 *(.bss)
 .bss           0x20000438       0x1c C:/ST/STM32CubeIDE_1.18.1/STM32CubeIDE/plugins/com.st.stm32cube.ide.mcu.externaltools.gnu-tools-for-stm32.13.3.rel1.win32_1.0.0.202411081344/tools/bin/../lib/gcc/arm-none-eabi/13.3.1/thumb/v7e-m+fp/hard/crtbegin.o
 *(.bss*)
 .bss.canopenNodeSTM32
                0x20000454        0x4 ./CANopenNode_STM32/CO_app_STM32.o
                0x20000454                canopenNodeSTM32
 .bss.CO        0x20000458        0x4 ./CANopenNode_STM32/CO_app_STM32.o
                0x20000458                CO
 .bss.time_old  0x2000045c        0x4 ./CANopenNode_STM32/CO_app_STM32.o
                0x2000045c                time_old
 .bss.time_current
                0x20000460        0x4 ./CANopenNode_STM32/CO_app_STM32.o
                0x20000460                time_current
 .bss.err       0x20000464        0x1 ./CANopenNode_STM32/CO_app_STM32.o
                0x20000464                err
 *fill*         0x20000465        0x3 
 .bss.CANModule_local
                0x20000468        0x4 ./CANopenNode_STM32/CO_driver_STM32.o
 .bss.tx_hdr.1  0x2000046c       0x18 ./CANopenNode_STM32/CO_driver_STM32.o
 .bss.hcan1     0x20000484       0x28 ./Core/Src/main.o
                0x20000484                hcan1
 .bss.htim16    0x200004ac       0x4c ./Core/Src/main.o
                0x200004ac                htim16
 .bss.huart2    0x200004f8       0x88 ./Core/Src/main.o
                0x200004f8                huart2
 .bss.gHuart    0x20000580        0x4 ./Core/Src/retarget.o
                0x20000580                gHuart
 .bss.__sbrk_heap_end
                0x20000584        0x4 ./Core/Src/sysmem.o
 .bss.uwTick    0x20000588        0x4 ./Drivers/STM32L4xx_HAL_Driver/Src/stm32l4xx_hal.o
                0x20000588                uwTick
 .bss.__malloc_sbrk_start
                0x2000058c        0x4 C:/ST/STM32CubeIDE_1.18.1/STM32CubeIDE/plugins/com.st.stm32cube.ide.mcu.externaltools.gnu-tools-for-stm32.13.3.rel1.win32_1.0.0.202411081344/tools/bin/../lib/gcc/arm-none-eabi/13.3.1/../../../../arm-none-eabi/lib/thumb/v7e-m+fp/hard\libc_nano.a(libc_a-mallocr.o)
                0x2000058c                __malloc_sbrk_start
 .bss.__malloc_free_list
                0x20000590        0x4 C:/ST/STM32CubeIDE_1.18.1/STM32CubeIDE/plugins/com.st.stm32cube.ide.mcu.externaltools.gnu-tools-for-stm32.13.3.rel1.win32_1.0.0.202411081344/tools/bin/../lib/gcc/arm-none-eabi/13.3.1/../../../../arm-none-eabi/lib/thumb/v7e-m+fp/hard\libc_nano.a(libc_a-mallocr.o)
                0x20000590                __malloc_free_list
 .bss.__sf      0x20000594      0x138 C:/ST/STM32CubeIDE_1.18.1/STM32CubeIDE/plugins/com.st.stm32cube.ide.mcu.externaltools.gnu-tools-for-stm32.13.3.rel1.win32_1.0.0.202411081344/tools/bin/../lib/gcc/arm-none-eabi/13.3.1/../../../../arm-none-eabi/lib/thumb/v7e-m+fp/hard\libc_nano.a(libc_a-findfp.o)
                0x20000594                __sf
 .bss.__stdio_exit_handler
                0x200006cc        0x4 C:/ST/STM32CubeIDE_1.18.1/STM32CubeIDE/plugins/com.st.stm32cube.ide.mcu.externaltools.gnu-tools-for-stm32.13.3.rel1.win32_1.0.0.202411081344/tools/bin/../lib/gcc/arm-none-eabi/13.3.1/../../../../arm-none-eabi/lib/thumb/v7e-m+fp/hard\libc_nano.a(libc_a-findfp.o)
                0x200006cc                __stdio_exit_handler
 .bss.errno     0x200006d0        0x4 C:/ST/STM32CubeIDE_1.18.1/STM32CubeIDE/plugins/com.st.stm32cube.ide.mcu.externaltools.gnu-tools-for-stm32.13.3.rel1.win32_1.0.0.202411081344/tools/bin/../lib/gcc/arm-none-eabi/13.3.1/../../../../arm-none-eabi/lib/thumb/v7e-m+fp/hard\libc_nano.a(libc_a-reent.o)
                0x200006d0                errno
 .bss.__lock___malloc_recursive_mutex
                0x200006d4        0x1 C:/ST/STM32CubeIDE_1.18.1/STM32CubeIDE/plugins/com.st.stm32cube.ide.mcu.externaltools.gnu-tools-for-stm32.13.3.rel1.win32_1.0.0.202411081344/tools/bin/../lib/gcc/arm-none-eabi/13.3.1/../../../../arm-none-eabi/lib/thumb/v7e-m+fp/hard\libc_nano.a(libc_a-lock.o)
                0x200006d4                __lock___malloc_recursive_mutex
 .bss.__lock___sfp_recursive_mutex
                0x200006d5        0x1 C:/ST/STM32CubeIDE_1.18.1/STM32CubeIDE/plugins/com.st.stm32cube.ide.mcu.externaltools.gnu-tools-for-stm32.13.3.rel1.win32_1.0.0.202411081344/tools/bin/../lib/gcc/arm-none-eabi/13.3.1/../../../../arm-none-eabi/lib/thumb/v7e-m+fp/hard\libc_nano.a(libc_a-lock.o)
                0x200006d5                __lock___sfp_recursive_mutex
 *(COMMON)
                0x200006d8                        . = ALIGN (0x4)
 *fill*         0x200006d6        0x2 
                0x200006d8                        _ebss = .
                0x200006d8                        __bss_end__ = _ebss

._user_heap_stack
                0x200006d8      0x600 load address 0x0800bff8
                0x200006d8                        . = ALIGN (0x8)
                [!provide]                        PROVIDE (end = .)
                0x200006d8                        PROVIDE (_end = .)
                0x200008d8                        . = (. + _Min_Heap_Size)
 *fill*         0x200006d8      0x200 
                0x20000cd8                        . = (. + _Min_Stack_Size)
 *fill*         0x200008d8      0x400 
                0x20000cd8                        . = ALIGN (0x8)

/DISCARD/
 libc.a(*)
 libm.a(*)
 libgcc.a(*)

.ARM.attributes
                0x00000000       0x30
 *(.ARM.attributes)
 .ARM.attributes
                0x00000000       0x22 C:/ST/STM32CubeIDE_1.18.1/STM32CubeIDE/plugins/com.st.stm32cube.ide.mcu.externaltools.gnu-tools-for-stm32.13.3.rel1.win32_1.0.0.202411081344/tools/bin/../lib/gcc/arm-none-eabi/13.3.1/thumb/v7e-m+fp/hard/crti.o
 .ARM.attributes
                0x00000022       0x34 C:/ST/STM32CubeIDE_1.18.1/STM32CubeIDE/plugins/com.st.stm32cube.ide.mcu.externaltools.gnu-tools-for-stm32.13.3.rel1.win32_1.0.0.202411081344/tools/bin/../lib/gcc/arm-none-eabi/13.3.1/thumb/v7e-m+fp/hard/crtbegin.o
 .ARM.attributes
                0x00000056       0x34 ./CANopenNode/301/CO_Emergency.o
 .ARM.attributes
                0x0000008a       0x34 ./CANopenNode/301/CO_HBconsumer.o
 .ARM.attributes
                0x000000be       0x34 ./CANopenNode/301/CO_NMT_Heartbeat.o
 .ARM.attributes
                0x000000f2       0x34 ./CANopenNode/301/CO_ODinterface.o
 .ARM.attributes
                0x00000126       0x34 ./CANopenNode/301/CO_PDO.o
 .ARM.attributes
                0x0000015a       0x34 ./CANopenNode/301/CO_SDOserver.o
 .ARM.attributes
                0x0000018e       0x34 ./CANopenNode/301/CO_SYNC.o
 .ARM.attributes
                0x000001c2       0x34 ./CANopenNode/301/CO_TIME.o
 .ARM.attributes
                0x000001f6       0x34 ./CANopenNode/303/CO_LEDs.o
 .ARM.attributes
                0x0000022a       0x34 ./CANopenNode/305/CO_LSSslave.o
 .ARM.attributes
                0x0000025e       0x34 ./CANopenNode/CANopen.o
 .ARM.attributes
                0x00000292       0x34 ./CANopenNode_STM32/CO_app_STM32.o
 .ARM.attributes
                0x000002c6       0x34 ./CANopenNode_STM32/CO_driver_STM32.o
 .ARM.attributes
                0x000002fa       0x34 ./CANopenNode_STM32/OD.o
 .ARM.attributes
                0x0000032e       0x34 ./Core/Src/main.o
 .ARM.attributes
                0x00000362       0x34 ./Core/Src/retarget.o
 .ARM.attributes
                0x00000396       0x34 ./Core/Src/stm32l4xx_hal_msp.o
 .ARM.attributes
                0x000003ca       0x34 ./Core/Src/stm32l4xx_it.o
 .ARM.attributes
                0x000003fe       0x34 ./Core/Src/sysmem.o
 .ARM.attributes
                0x00000432       0x34 ./Core/Src/system_stm32l4xx.o
 .ARM.attributes
                0x00000466       0x21 ./Core/Startup/startup_stm32l432kcux.o
 .ARM.attributes
                0x00000487       0x34 ./Drivers/STM32L4xx_HAL_Driver/Src/stm32l4xx_hal.o
 .ARM.attributes
                0x000004bb       0x34 ./Drivers/STM32L4xx_HAL_Driver/Src/stm32l4xx_hal_can.o
 .ARM.attributes
                0x000004ef       0x34 ./Drivers/STM32L4xx_HAL_Driver/Src/stm32l4xx_hal_cortex.o
 .ARM.attributes
                0x00000523       0x34 ./Drivers/STM32L4xx_HAL_Driver/Src/stm32l4xx_hal_gpio.o
 .ARM.attributes
                0x00000557       0x34 ./Drivers/STM32L4xx_HAL_Driver/Src/stm32l4xx_hal_pwr.o
 .ARM.attributes
                0x0000058b       0x34 ./Drivers/STM32L4xx_HAL_Driver/Src/stm32l4xx_hal_pwr_ex.o
 .ARM.attributes
                0x000005bf       0x34 ./Drivers/STM32L4xx_HAL_Driver/Src/stm32l4xx_hal_rcc.o
 .ARM.attributes
                0x000005f3       0x34 ./Drivers/STM32L4xx_HAL_Driver/Src/stm32l4xx_hal_rcc_ex.o
 .ARM.attributes
                0x00000627       0x34 ./Drivers/STM32L4xx_HAL_Driver/Src/stm32l4xx_hal_tim.o
 .ARM.attributes
                0x0000065b       0x34 ./Drivers/STM32L4xx_HAL_Driver/Src/stm32l4xx_hal_uart.o
 .ARM.attributes
                0x0000068f       0x34 C:/ST/STM32CubeIDE_1.18.1/STM32CubeIDE/plugins/com.st.stm32cube.ide.mcu.externaltools.gnu-tools-for-stm32.13.3.rel1.win32_1.0.0.202411081344/tools/bin/../lib/gcc/arm-none-eabi/13.3.1/../../../../arm-none-eabi/lib/thumb/v7e-m+fp/hard\libc_nano.a(libc_a-calloc.o)
 .ARM.attributes
                0x000006c3       0x34 C:/ST/STM32CubeIDE_1.18.1/STM32CubeIDE/plugins/com.st.stm32cube.ide.mcu.externaltools.gnu-tools-for-stm32.13.3.rel1.win32_1.0.0.202411081344/tools/bin/../lib/gcc/arm-none-eabi/13.3.1/../../../../arm-none-eabi/lib/thumb/v7e-m+fp/hard\libc_nano.a(libc_a-callocr.o)
 .ARM.attributes
                0x000006f7       0x34 C:/ST/STM32CubeIDE_1.18.1/STM32CubeIDE/plugins/com.st.stm32cube.ide.mcu.externaltools.gnu-tools-for-stm32.13.3.rel1.win32_1.0.0.202411081344/tools/bin/../lib/gcc/arm-none-eabi/13.3.1/../../../../arm-none-eabi/lib/thumb/v7e-m+fp/hard\libc_nano.a(libc_a-malloc.o)
 .ARM.attributes
                0x0000072b       0x34 C:/ST/STM32CubeIDE_1.18.1/STM32CubeIDE/plugins/com.st.stm32cube.ide.mcu.externaltools.gnu-tools-for-stm32.13.3.rel1.win32_1.0.0.202411081344/tools/bin/../lib/gcc/arm-none-eabi/13.3.1/../../../../arm-none-eabi/lib/thumb/v7e-m+fp/hard\libc_nano.a(libc_a-mallocr.o)
 .ARM.attributes
                0x0000075f       0x34 C:/ST/STM32CubeIDE_1.18.1/STM32CubeIDE/plugins/com.st.stm32cube.ide.mcu.externaltools.gnu-tools-for-stm32.13.3.rel1.win32_1.0.0.202411081344/tools/bin/../lib/gcc/arm-none-eabi/13.3.1/../../../../arm-none-eabi/lib/thumb/v7e-m+fp/hard\libc_nano.a(libc_a-mlock.o)
 .ARM.attributes
                0x00000793       0x34 C:/ST/STM32CubeIDE_1.18.1/STM32CubeIDE/plugins/com.st.stm32cube.ide.mcu.externaltools.gnu-tools-for-stm32.13.3.rel1.win32_1.0.0.202411081344/tools/bin/../lib/gcc/arm-none-eabi/13.3.1/../../../../arm-none-eabi/lib/thumb/v7e-m+fp/hard\libc_nano.a(libc_a-fflush.o)
 .ARM.attributes
                0x000007c7       0x34 C:/ST/STM32CubeIDE_1.18.1/STM32CubeIDE/plugins/com.st.stm32cube.ide.mcu.externaltools.gnu-tools-for-stm32.13.3.rel1.win32_1.0.0.202411081344/tools/bin/../lib/gcc/arm-none-eabi/13.3.1/../../../../arm-none-eabi/lib/thumb/v7e-m+fp/hard\libc_nano.a(libc_a-findfp.o)
 .ARM.attributes
                0x000007fb       0x34 C:/ST/STM32CubeIDE_1.18.1/STM32CubeIDE/plugins/com.st.stm32cube.ide.mcu.externaltools.gnu-tools-for-stm32.13.3.rel1.win32_1.0.0.202411081344/tools/bin/../lib/gcc/arm-none-eabi/13.3.1/../../../../arm-none-eabi/lib/thumb/v7e-m+fp/hard\libc_nano.a(libc_a-fwalk.o)
 .ARM.attributes
                0x0000082f       0x34 C:/ST/STM32CubeIDE_1.18.1/STM32CubeIDE/plugins/com.st.stm32cube.ide.mcu.externaltools.gnu-tools-for-stm32.13.3.rel1.win32_1.0.0.202411081344/tools/bin/../lib/gcc/arm-none-eabi/13.3.1/../../../../arm-none-eabi/lib/thumb/v7e-m+fp/hard\libc_nano.a(libc_a-printf.o)
 .ARM.attributes
                0x00000863       0x34 C:/ST/STM32CubeIDE_1.18.1/STM32CubeIDE/plugins/com.st.stm32cube.ide.mcu.externaltools.gnu-tools-for-stm32.13.3.rel1.win32_1.0.0.202411081344/tools/bin/../lib/gcc/arm-none-eabi/13.3.1/../../../../arm-none-eabi/lib/thumb/v7e-m+fp/hard\libc_nano.a(libc_a-puts.o)
 .ARM.attributes
                0x00000897       0x34 C:/ST/STM32CubeIDE_1.18.1/STM32CubeIDE/plugins/com.st.stm32cube.ide.mcu.externaltools.gnu-tools-for-stm32.13.3.rel1.win32_1.0.0.202411081344/tools/bin/../lib/gcc/arm-none-eabi/13.3.1/../../../../arm-none-eabi/lib/thumb/v7e-m+fp/hard\libc_nano.a(libc_a-stdio.o)
 .ARM.attributes
                0x000008cb       0x34 C:/ST/STM32CubeIDE_1.18.1/STM32CubeIDE/plugins/com.st.stm32cube.ide.mcu.externaltools.gnu-tools-for-stm32.13.3.rel1.win32_1.0.0.202411081344/tools/bin/../lib/gcc/arm-none-eabi/13.3.1/../../../../arm-none-eabi/lib/thumb/v7e-m+fp/hard\libc_nano.a(libc_a-wbuf.o)
 .ARM.attributes
                0x000008ff       0x34 C:/ST/STM32CubeIDE_1.18.1/STM32CubeIDE/plugins/com.st.stm32cube.ide.mcu.externaltools.gnu-tools-for-stm32.13.3.rel1.win32_1.0.0.202411081344/tools/bin/../lib/gcc/arm-none-eabi/13.3.1/../../../../arm-none-eabi/lib/thumb/v7e-m+fp/hard\libc_nano.a(libc_a-wsetup.o)
 .ARM.attributes
                0x00000933       0x34 C:/ST/STM32CubeIDE_1.18.1/STM32CubeIDE/plugins/com.st.stm32cube.ide.mcu.externaltools.gnu-tools-for-stm32.13.3.rel1.win32_1.0.0.202411081344/tools/bin/../lib/gcc/arm-none-eabi/13.3.1/../../../../arm-none-eabi/lib/thumb/v7e-m+fp/hard\libc_nano.a(libc_a-memmove.o)
 .ARM.attributes
                0x00000967       0x34 C:/ST/STM32CubeIDE_1.18.1/STM32CubeIDE/plugins/com.st.stm32cube.ide.mcu.externaltools.gnu-tools-for-stm32.13.3.rel1.win32_1.0.0.202411081344/tools/bin/../lib/gcc/arm-none-eabi/13.3.1/../../../../arm-none-eabi/lib/thumb/v7e-m+fp/hard\libc_nano.a(libc_a-memset.o)
 .ARM.attributes
                0x0000099b       0x34 C:/ST/STM32CubeIDE_1.18.1/STM32CubeIDE/plugins/com.st.stm32cube.ide.mcu.externaltools.gnu-tools-for-stm32.13.3.rel1.win32_1.0.0.202411081344/tools/bin/../lib/gcc/arm-none-eabi/13.3.1/../../../../arm-none-eabi/lib/thumb/v7e-m+fp/hard\libc_nano.a(libc_a-closer.o)
 .ARM.attributes
                0x000009cf       0x34 C:/ST/STM32CubeIDE_1.18.1/STM32CubeIDE/plugins/com.st.stm32cube.ide.mcu.externaltools.gnu-tools-for-stm32.13.3.rel1.win32_1.0.0.202411081344/tools/bin/../lib/gcc/arm-none-eabi/13.3.1/../../../../arm-none-eabi/lib/thumb/v7e-m+fp/hard\libc_nano.a(libc_a-reent.o)
 .ARM.attributes
                0x00000a03       0x34 C:/ST/STM32CubeIDE_1.18.1/STM32CubeIDE/plugins/com.st.stm32cube.ide.mcu.externaltools.gnu-tools-for-stm32.13.3.rel1.win32_1.0.0.202411081344/tools/bin/../lib/gcc/arm-none-eabi/13.3.1/../../../../arm-none-eabi/lib/thumb/v7e-m+fp/hard\libc_nano.a(libc_a-impure.o)
 .ARM.attributes
                0x00000a37       0x34 C:/ST/STM32CubeIDE_1.18.1/STM32CubeIDE/plugins/com.st.stm32cube.ide.mcu.externaltools.gnu-tools-for-stm32.13.3.rel1.win32_1.0.0.202411081344/tools/bin/../lib/gcc/arm-none-eabi/13.3.1/../../../../arm-none-eabi/lib/thumb/v7e-m+fp/hard\libc_nano.a(libc_a-lseekr.o)
 .ARM.attributes
                0x00000a6b       0x34 C:/ST/STM32CubeIDE_1.18.1/STM32CubeIDE/plugins/com.st.stm32cube.ide.mcu.externaltools.gnu-tools-for-stm32.13.3.rel1.win32_1.0.0.202411081344/tools/bin/../lib/gcc/arm-none-eabi/13.3.1/../../../../arm-none-eabi/lib/thumb/v7e-m+fp/hard\libc_nano.a(libc_a-readr.o)
 .ARM.attributes
                0x00000a9f       0x34 C:/ST/STM32CubeIDE_1.18.1/STM32CubeIDE/plugins/com.st.stm32cube.ide.mcu.externaltools.gnu-tools-for-stm32.13.3.rel1.win32_1.0.0.202411081344/tools/bin/../lib/gcc/arm-none-eabi/13.3.1/../../../../arm-none-eabi/lib/thumb/v7e-m+fp/hard\libc_nano.a(libc_a-sbrkr.o)
 .ARM.attributes
                0x00000ad3       0x34 C:/ST/STM32CubeIDE_1.18.1/STM32CubeIDE/plugins/com.st.stm32cube.ide.mcu.externaltools.gnu-tools-for-stm32.13.3.rel1.win32_1.0.0.202411081344/tools/bin/../lib/gcc/arm-none-eabi/13.3.1/../../../../arm-none-eabi/lib/thumb/v7e-m+fp/hard\libc_nano.a(libc_a-writer.o)
 .ARM.attributes
                0x00000b07       0x34 C:/ST/STM32CubeIDE_1.18.1/STM32CubeIDE/plugins/com.st.stm32cube.ide.mcu.externaltools.gnu-tools-for-stm32.13.3.rel1.win32_1.0.0.202411081344/tools/bin/../lib/gcc/arm-none-eabi/13.3.1/../../../../arm-none-eabi/lib/thumb/v7e-m+fp/hard\libc_nano.a(libc_a-errno.o)
 .ARM.attributes
                0x00000b3b       0x34 C:/ST/STM32CubeIDE_1.18.1/STM32CubeIDE/plugins/com.st.stm32cube.ide.mcu.externaltools.gnu-tools-for-stm32.13.3.rel1.win32_1.0.0.202411081344/tools/bin/../lib/gcc/arm-none-eabi/13.3.1/../../../../arm-none-eabi/lib/thumb/v7e-m+fp/hard\libc_nano.a(libc_a-init.o)
 .ARM.attributes
                0x00000b6f       0x34 C:/ST/STM32CubeIDE_1.18.1/STM32CubeIDE/plugins/com.st.stm32cube.ide.mcu.externaltools.gnu-tools-for-stm32.13.3.rel1.win32_1.0.0.202411081344/tools/bin/../lib/gcc/arm-none-eabi/13.3.1/../../../../arm-none-eabi/lib/thumb/v7e-m+fp/hard\libc_nano.a(libc_a-lock.o)
 .ARM.attributes
                0x00000ba3       0x34 C:/ST/STM32CubeIDE_1.18.1/STM32CubeIDE/plugins/com.st.stm32cube.ide.mcu.externaltools.gnu-tools-for-stm32.13.3.rel1.win32_1.0.0.202411081344/tools/bin/../lib/gcc/arm-none-eabi/13.3.1/../../../../arm-none-eabi/lib/thumb/v7e-m+fp/hard\libc_nano.a(libc_a-memcpy-stub.o)
 .ARM.attributes
                0x00000bd7       0x17 C:/ST/STM32CubeIDE_1.18.1/STM32CubeIDE/plugins/com.st.stm32cube.ide.mcu.externaltools.gnu-tools-for-stm32.13.3.rel1.win32_1.0.0.202411081344/tools/bin/../lib/gcc/arm-none-eabi/13.3.1/../../../../arm-none-eabi/lib/thumb/v7e-m+fp/hard\libc_nano.a(libc_a-strlen.o)
 .ARM.attributes
                0x00000bee       0x34 C:/ST/STM32CubeIDE_1.18.1/STM32CubeIDE/plugins/com.st.stm32cube.ide.mcu.externaltools.gnu-tools-for-stm32.13.3.rel1.win32_1.0.0.202411081344/tools/bin/../lib/gcc/arm-none-eabi/13.3.1/../../../../arm-none-eabi/lib/thumb/v7e-m+fp/hard\libc_nano.a(libc_a-freer.o)
 .ARM.attributes
                0x00000c22       0x34 C:/ST/STM32CubeIDE_1.18.1/STM32CubeIDE/plugins/com.st.stm32cube.ide.mcu.externaltools.gnu-tools-for-stm32.13.3.rel1.win32_1.0.0.202411081344/tools/bin/../lib/gcc/arm-none-eabi/13.3.1/../../../../arm-none-eabi/lib/thumb/v7e-m+fp/hard\libc_nano.a(libc_a-nano-vfprintf.o)
 .ARM.attributes
                0x00000c56       0x34 C:/ST/STM32CubeIDE_1.18.1/STM32CubeIDE/plugins/com.st.stm32cube.ide.mcu.externaltools.gnu-tools-for-stm32.13.3.rel1.win32_1.0.0.202411081344/tools/bin/../lib/gcc/arm-none-eabi/13.3.1/../../../../arm-none-eabi/lib/thumb/v7e-m+fp/hard\libc_nano.a(libc_a-nano-vfprintf_i.o)
 .ARM.attributes
                0x00000c8a       0x34 C:/ST/STM32CubeIDE_1.18.1/STM32CubeIDE/plugins/com.st.stm32cube.ide.mcu.externaltools.gnu-tools-for-stm32.13.3.rel1.win32_1.0.0.202411081344/tools/bin/../lib/gcc/arm-none-eabi/13.3.1/../../../../arm-none-eabi/lib/thumb/v7e-m+fp/hard\libc_nano.a(libc_a-makebuf.o)
 .ARM.attributes
                0x00000cbe       0x34 C:/ST/STM32CubeIDE_1.18.1/STM32CubeIDE/plugins/com.st.stm32cube.ide.mcu.externaltools.gnu-tools-for-stm32.13.3.rel1.win32_1.0.0.202411081344/tools/bin/../lib/gcc/arm-none-eabi/13.3.1/../../../../arm-none-eabi/lib/thumb/v7e-m+fp/hard\libc_nano.a(libc_a-fstatr.o)
 .ARM.attributes
                0x00000cf2       0x34 C:/ST/STM32CubeIDE_1.18.1/STM32CubeIDE/plugins/com.st.stm32cube.ide.mcu.externaltools.gnu-tools-for-stm32.13.3.rel1.win32_1.0.0.202411081344/tools/bin/../lib/gcc/arm-none-eabi/13.3.1/../../../../arm-none-eabi/lib/thumb/v7e-m+fp/hard\libc_nano.a(libc_a-isattyr.o)
 .ARM.attributes
                0x00000d26       0x1c C:/ST/STM32CubeIDE_1.18.1/STM32CubeIDE/plugins/com.st.stm32cube.ide.mcu.externaltools.gnu-tools-for-stm32.13.3.rel1.win32_1.0.0.202411081344/tools/bin/../lib/gcc/arm-none-eabi/13.3.1/../../../../arm-none-eabi/lib/thumb/v7e-m+fp/hard\libc_nano.a(libc_a-memchr.o)
 .ARM.attributes
                0x00000d42       0x22 C:/ST/STM32CubeIDE_1.18.1/STM32CubeIDE/plugins/com.st.stm32cube.ide.mcu.externaltools.gnu-tools-for-stm32.13.3.rel1.win32_1.0.0.202411081344/tools/bin/../lib/gcc/arm-none-eabi/13.3.1/thumb/v7e-m+fp/hard\libgcc.a(_aeabi_uldivmod.o)
 .ARM.attributes
                0x00000d64       0x34 C:/ST/STM32CubeIDE_1.18.1/STM32CubeIDE/plugins/com.st.stm32cube.ide.mcu.externaltools.gnu-tools-for-stm32.13.3.rel1.win32_1.0.0.202411081344/tools/bin/../lib/gcc/arm-none-eabi/13.3.1/thumb/v7e-m+fp/hard\libgcc.a(_udivmoddi4.o)
 .ARM.attributes
                0x00000d98       0x22 C:/ST/STM32CubeIDE_1.18.1/STM32CubeIDE/plugins/com.st.stm32cube.ide.mcu.externaltools.gnu-tools-for-stm32.13.3.rel1.win32_1.0.0.202411081344/tools/bin/../lib/gcc/arm-none-eabi/13.3.1/thumb/v7e-m+fp/hard\libgcc.a(_dvmd_tls.o)
 .ARM.attributes
                0x00000dba       0x22 C:/ST/STM32CubeIDE_1.18.1/STM32CubeIDE/plugins/com.st.stm32cube.ide.mcu.externaltools.gnu-tools-for-stm32.13.3.rel1.win32_1.0.0.202411081344/tools/bin/../lib/gcc/arm-none-eabi/13.3.1/thumb/v7e-m+fp/hard/crtn.o
OUTPUT(CANTest.elf elf32-littlearm)
LOAD linker stubs
LOAD C:/ST/STM32CubeIDE_1.18.1/STM32CubeIDE/plugins/com.st.stm32cube.ide.mcu.externaltools.gnu-tools-for-stm32.13.3.rel1.win32_1.0.0.202411081344/tools/bin/../lib/gcc/arm-none-eabi/13.3.1/../../../../arm-none-eabi/lib/thumb/v7e-m+fp/hard\libc.a
LOAD C:/ST/STM32CubeIDE_1.18.1/STM32CubeIDE/plugins/com.st.stm32cube.ide.mcu.externaltools.gnu-tools-for-stm32.13.3.rel1.win32_1.0.0.202411081344/tools/bin/../lib/gcc/arm-none-eabi/13.3.1/../../../../arm-none-eabi/lib/thumb/v7e-m+fp/hard\libm.a
LOAD C:/ST/STM32CubeIDE_1.18.1/STM32CubeIDE/plugins/com.st.stm32cube.ide.mcu.externaltools.gnu-tools-for-stm32.13.3.rel1.win32_1.0.0.202411081344/tools/bin/../lib/gcc/arm-none-eabi/13.3.1/thumb/v7e-m+fp/hard\libgcc.a

.debug_info     0x00000000    0x247a0
 .debug_info    0x00000000     0x116f ./CANopenNode/301/CO_Emergency.o
 .debug_info    0x0000116f     0x1126 ./CANopenNode/301/CO_HBconsumer.o
 .debug_info    0x00002295      0xf1c ./CANopenNode/301/CO_NMT_Heartbeat.o
 .debug_info    0x000031b1      0xa4c ./CANopenNode/301/CO_ODinterface.o
 .debug_info    0x00003bfd     0x1f3e ./CANopenNode/301/CO_PDO.o
 .debug_info    0x00005b3b     0x18f1 ./CANopenNode/301/CO_SDOserver.o
 .debug_info    0x0000742c     0x114b ./CANopenNode/301/CO_SYNC.o
 .debug_info    0x00008577      0xaaa ./CANopenNode/301/CO_TIME.o
 .debug_info    0x00009021      0x3da ./CANopenNode/303/CO_LEDs.o
 .debug_info    0x000093fb      0xbec ./CANopenNode/305/CO_LSSslave.o
 .debug_info    0x00009fe7     0x2362 ./CANopenNode/CANopen.o
 .debug_info    0x0000c349     0x3318 ./CANopenNode_STM32/CO_app_STM32.o
 .debug_info    0x0000f661     0x2899 ./CANopenNode_STM32/CO_driver_STM32.o
 .debug_info    0x00011efa     0x108e ./CANopenNode_STM32/OD.o
 .debug_info    0x00012f88     0x297a ./Core/Src/main.o
 .debug_info    0x00015902     0x1170 ./Core/Src/retarget.o
 .debug_info    0x00016a72     0x147b ./Core/Src/stm32l4xx_hal_msp.o
 .debug_info    0x00017eed      0x113 ./Core/Src/stm32l4xx_it.o
 .debug_info    0x00018000      0x168 ./Core/Src/sysmem.o
 .debug_info    0x00018168      0x5bf ./Core/Src/system_stm32l4xx.o
 .debug_info    0x00018727       0x30 ./Core/Startup/startup_stm32l432kcux.o
 .debug_info    0x00018757      0x99e ./Drivers/STM32L4xx_HAL_Driver/Src/stm32l4xx_hal.o
 .debug_info    0x000190f5      0xf4c ./Drivers/STM32L4xx_HAL_Driver/Src/stm32l4xx_hal_can.o
 .debug_info    0x0001a041      0xd03 ./Drivers/STM32L4xx_HAL_Driver/Src/stm32l4xx_hal_cortex.o
 .debug_info    0x0001ad44      0x757 ./Drivers/STM32L4xx_HAL_Driver/Src/stm32l4xx_hal_gpio.o
 .debug_info    0x0001b49b      0x92c ./Drivers/STM32L4xx_HAL_Driver/Src/stm32l4xx_hal_pwr.o
 .debug_info    0x0001bdc7      0x920 ./Drivers/STM32L4xx_HAL_Driver/Src/stm32l4xx_hal_pwr_ex.o
 .debug_info    0x0001c6e7      0xbc3 ./Drivers/STM32L4xx_HAL_Driver/Src/stm32l4xx_hal_rcc.o
 .debug_info    0x0001d2aa      0xee5 ./Drivers/STM32L4xx_HAL_Driver/Src/stm32l4xx_hal_rcc_ex.o
 .debug_info    0x0001e18f     0x2a9a ./Drivers/STM32L4xx_HAL_Driver/Src/stm32l4xx_hal_tim.o
 .debug_info    0x00020c29     0x3b77 ./Drivers/STM32L4xx_HAL_Driver/Src/stm32l4xx_hal_uart.o

.debug_abbrev   0x00000000     0x4ad7
 .debug_abbrev  0x00000000      0x360 ./CANopenNode/301/CO_Emergency.o
 .debug_abbrev  0x00000360      0x2ea ./CANopenNode/301/CO_HBconsumer.o
 .debug_abbrev  0x0000064a      0x28c ./CANopenNode/301/CO_NMT_Heartbeat.o
 .debug_abbrev  0x000008d6      0x275 ./CANopenNode/301/CO_ODinterface.o
 .debug_abbrev  0x00000b4b      0x36f ./CANopenNode/301/CO_PDO.o
 .debug_abbrev  0x00000eba      0x360 ./CANopenNode/301/CO_SDOserver.o
 .debug_abbrev  0x0000121a      0x2dc ./CANopenNode/301/CO_SYNC.o
 .debug_abbrev  0x000014f6      0x291 ./CANopenNode/301/CO_TIME.o
 .debug_abbrev  0x00001787      0x155 ./CANopenNode/303/CO_LEDs.o
 .debug_abbrev  0x000018dc      0x267 ./CANopenNode/305/CO_LSSslave.o
 .debug_abbrev  0x00001b43      0x357 ./CANopenNode/CANopen.o
 .debug_abbrev  0x00001e9a      0x42b ./CANopenNode_STM32/CO_app_STM32.o
 .debug_abbrev  0x000022c5      0x415 ./CANopenNode_STM32/CO_driver_STM32.o
 .debug_abbrev  0x000026da      0x1a1 ./CANopenNode_STM32/OD.o
 .debug_abbrev  0x0000287b      0x3af ./Core/Src/main.o
 .debug_abbrev  0x00002c2a      0x247 ./Core/Src/retarget.o
 .debug_abbrev  0x00002e71      0x238 ./Core/Src/stm32l4xx_hal_msp.o
 .debug_abbrev  0x000030a9       0x73 ./Core/Src/stm32l4xx_it.o
 .debug_abbrev  0x0000311c       0xbc ./Core/Src/sysmem.o
 .debug_abbrev  0x000031d8      0x11a ./Core/Src/system_stm32l4xx.o
 .debug_abbrev  0x000032f2       0x24 ./Core/Startup/startup_stm32l432kcux.o
 .debug_abbrev  0x00003316      0x225 ./Drivers/STM32L4xx_HAL_Driver/Src/stm32l4xx_hal.o
 .debug_abbrev  0x0000353b      0x234 ./Drivers/STM32L4xx_HAL_Driver/Src/stm32l4xx_hal_can.o
 .debug_abbrev  0x0000376f      0x31c ./Drivers/STM32L4xx_HAL_Driver/Src/stm32l4xx_hal_cortex.o
 .debug_abbrev  0x00003a8b      0x1cb ./Drivers/STM32L4xx_HAL_Driver/Src/stm32l4xx_hal_gpio.o
 .debug_abbrev  0x00003c56      0x1d4 ./Drivers/STM32L4xx_HAL_Driver/Src/stm32l4xx_hal_pwr.o
 .debug_abbrev  0x00003e2a      0x1f9 ./Drivers/STM32L4xx_HAL_Driver/Src/stm32l4xx_hal_pwr_ex.o
 .debug_abbrev  0x00004023      0x2cb ./Drivers/STM32L4xx_HAL_Driver/Src/stm32l4xx_hal_rcc.o
 .debug_abbrev  0x000042ee      0x2a1 ./Drivers/STM32L4xx_HAL_Driver/Src/stm32l4xx_hal_rcc_ex.o