13:42:51 **** Build of configuration Debug for project UpperSteerByWireDemo ****
make -j12 all 
arm-none-eabi-gcc "../Drivers/STM32L4xx_HAL_Driver/Src/stm32l4xx_hal.c" -mcpu=cortex-m4 -std=gnu11 -g3 -DDEBUG -DUSE_HAL_DRIVER -DSTM32L432xx -c -I../Core/Inc -I../Drivers/STM32L4xx_HAL_Driver/Inc -I../Drivers/STM32L4xx_HAL_Driver/Inc/Legacy -I../Drivers/CMSIS/Device/ST/STM32L4xx/Include -I../Drivers/CMSIS/Include -O0 -ffunction-sections -fdata-sections -Wall -fstack-usage -fcyclomatic-complexity -MMD -MP -MF"Drivers/STM32L4xx_HAL_Driver/Src/stm32l4xx_hal.d" -MT"Drivers/STM32L4xx_HAL_Driver/Src/stm32l4xx_hal.o" --specs=nano.specs -mfpu=fpv4-sp-d16 -mfloat-abi=hard -mthumb -o "Drivers/STM32L4xx_HAL_Driver/Src/stm32l4xx_hal.o"
arm-none-eabi-gcc "../Drivers/STM32L4xx_HAL_Driver/Src/stm32l4xx_hal_can.c" -mcpu=cortex-m4 -std=gnu11 -g3 -DDEBUG -DUSE_HAL_DRIVER -DSTM32L432xx -c -I../Core/Inc -I../Drivers/STM32L4xx_HAL_Driver/Inc -I../Drivers/STM32L4xx_HAL_Driver/Inc/Legacy -I../Drivers/CMSIS/Device/ST/STM32L4xx/Include -I../Drivers/CMSIS/Include -O0 -ffunction-sections -fdata-sections -Wall -fstack-usage -fcyclomatic-complexity -MMD -MP -MF"Drivers/STM32L4xx_HAL_Driver/Src/stm32l4xx_hal_can.d" -MT"Drivers/STM32L4xx_HAL_Driver/Src/stm32l4xx_hal_can.o" --specs=nano.specs -mfpu=fpv4-sp-d16 -mfloat-abi=hard -mthumb -o "Drivers/STM32L4xx_HAL_Driver/Src/stm32l4xx_hal_can.o"
arm-none-eabi-gcc "../Drivers/STM32L4xx_HAL_Driver/Src/stm32l4xx_hal_cortex.c" -mcpu=cortex-m4 -std=gnu11 -g3 -DDEBUG -DUSE_HAL_DRIVER -DSTM32L432xx -c -I../Core/Inc -I../Drivers/STM32L4xx_HAL_Driver/Inc -I../Drivers/STM32L4xx_HAL_Driver/Inc/Legacy -I../Drivers/CMSIS/Device/ST/STM32L4xx/Include -I../Drivers/CMSIS/Include -O0 -ffunction-sections -fdata-sections -Wall -fstack-usage -fcyclomatic-complexity -MMD -MP -MF"Drivers/STM32L4xx_HAL_Driver/Src/stm32l4xx_hal_cortex.d" -MT"Drivers/STM32L4xx_HAL_Driver/Src/stm32l4xx_hal_cortex.o" --specs=nano.specs -mfpu=fpv4-sp-d16 -mfloat-abi=hard -mthumb -o "Drivers/STM32L4xx_HAL_Driver/Src/stm32l4xx_hal_cortex.o"
arm-none-eabi-gcc "../Drivers/STM32L4xx_HAL_Driver/Src/stm32l4xx_hal_dma.c" -mcpu=cortex-m4 -std=gnu11 -g3 -DDEBUG -DUSE_HAL_DRIVER -DSTM32L432xx -c -I../Core/Inc -I../Drivers/STM32L4xx_HAL_Driver/Inc -I../Drivers/STM32L4xx_HAL_Driver/Inc/Legacy -I../Drivers/CMSIS/Device/ST/STM32L4xx/Include -I../Drivers/CMSIS/Include -O0 -ffunction-sections -fdata-sections -Wall -fstack-usage -fcyclomatic-complexity -MMD -MP -MF"Drivers/STM32L4xx_HAL_Driver/Src/stm32l4xx_hal_dma.d" -MT"Drivers/STM32L4xx_HAL_Driver/Src/stm32l4xx_hal_dma.o" --specs=nano.specs -mfpu=fpv4-sp-d16 -mfloat-abi=hard -mthumb -o "Drivers/STM32L4xx_HAL_Driver/Src/stm32l4xx_hal_dma.o"
arm-none-eabi-gcc "../Drivers/STM32L4xx_HAL_Driver/Src/stm32l4xx_hal_dma_ex.c" -mcpu=cortex-m4 -std=gnu11 -g3 -DDEBUG -DUSE_HAL_DRIVER -DSTM32L432xx -c -I../Core/Inc -I../Drivers/STM32L4xx_HAL_Driver/Inc -I../Drivers/STM32L4xx_HAL_Driver/Inc/Legacy -I../Drivers/CMSIS/Device/ST/STM32L4xx/Include -I../Drivers/CMSIS/Include -O0 -ffunction-sections -fdata-sections -Wall -fstack-usage -fcyclomatic-complexity -MMD -MP -MF"Drivers/STM32L4xx_HAL_Driver/Src/stm32l4xx_hal_dma_ex.d" -MT"Drivers/STM32L4xx_HAL_Driver/Src/stm32l4xx_hal_dma_ex.o" --specs=nano.specs -mfpu=fpv4-sp-d16 -mfloat-abi=hard -mthumb -o "Drivers/STM32L4xx_HAL_Driver/Src/stm32l4xx_hal_dma_ex.o"
arm-none-eabi-gcc "../Drivers/STM32L4xx_HAL_Driver/Src/stm32l4xx_hal_exti.c" -mcpu=cortex-m4 -std=gnu11 -g3 -DDEBUG -DUSE_HAL_DRIVER -DSTM32L432xx -c -I../Core/Inc -I../Drivers/STM32L4xx_HAL_Driver/Inc -I../Drivers/STM32L4xx_HAL_Driver/Inc/Legacy -I../Drivers/CMSIS/Device/ST/STM32L4xx/Include -I../Drivers/CMSIS/Include -O0 -ffunction-sections -fdata-sections -Wall -fstack-usage -fcyclomatic-complexity -MMD -MP -MF"Drivers/STM32L4xx_HAL_Driver/Src/stm32l4xx_hal_exti.d" -MT"Drivers/STM32L4xx_HAL_Driver/Src/stm32l4xx_hal_exti.o" --specs=nano.specs -mfpu=fpv4-sp-d16 -mfloat-abi=hard -mthumb -o "Drivers/STM32L4xx_HAL_Driver/Src/stm32l4xx_hal_exti.o"
arm-none-eabi-gcc "../Drivers/STM32L4xx_HAL_Driver/Src/stm32l4xx_hal_flash.c" -mcpu=cortex-m4 -std=gnu11 -g3 -DDEBUG -DUSE_HAL_DRIVER -DSTM32L432xx -c -I../Core/Inc -I../Drivers/STM32L4xx_HAL_Driver/Inc -I../Drivers/STM32L4xx_HAL_Driver/Inc/Legacy -I../Drivers/CMSIS/Device/ST/STM32L4xx/Include -I../Drivers/CMSIS/Include -O0 -ffunction-sections -fdata-sections -Wall -fstack-usage -fcyclomatic-complexity -MMD -MP -MF"Drivers/STM32L4xx_HAL_Driver/Src/stm32l4xx_hal_flash.d" -MT"Drivers/STM32L4xx_HAL_Driver/Src/stm32l4xx_hal_flash.o" --specs=nano.specs -mfpu=fpv4-sp-d16 -mfloat-abi=hard -mthumb -o "Drivers/STM32L4xx_HAL_Driver/Src/stm32l4xx_hal_flash.o"
arm-none-eabi-gcc "../Drivers/STM32L4xx_HAL_Driver/Src/stm32l4xx_hal_flash_ex.c" -mcpu=cortex-m4 -std=gnu11 -g3 -DDEBUG -DUSE_HAL_DRIVER -DSTM32L432xx -c -I../Core/Inc -I../Drivers/STM32L4xx_HAL_Driver/Inc -I../Drivers/STM32L4xx_HAL_Driver/Inc/Legacy -I../Drivers/CMSIS/Device/ST/STM32L4xx/Include -I../Drivers/CMSIS/Include -O0 -ffunction-sections -fdata-sections -Wall -fstack-usage -fcyclomatic-complexity -MMD -MP -MF"Drivers/STM32L4xx_HAL_Driver/Src/stm32l4xx_hal_flash_ex.d" -MT"Drivers/STM32L4xx_HAL_Driver/Src/stm32l4xx_hal_flash_ex.o" --specs=nano.specs -mfpu=fpv4-sp-d16 -mfloat-abi=hard -mthumb -o "Drivers/STM32L4xx_HAL_Driver/Src/stm32l4xx_hal_flash_ex.o"
arm-none-eabi-gcc "../Drivers/STM32L4xx_HAL_Driver/Src/stm32l4xx_hal_flash_ramfunc.c" -mcpu=cortex-m4 -std=gnu11 -g3 -DDEBUG -DUSE_HAL_DRIVER -DSTM32L432xx -c -I../Core/Inc -I../Drivers/STM32L4xx_HAL_Driver/Inc -I../Drivers/STM32L4xx_HAL_Driver/Inc/Legacy -I../Drivers/CMSIS/Device/ST/STM32L4xx/Include -I../Drivers/CMSIS/Include -O0 -ffunction-sections -fdata-sections -Wall -fstack-usage -fcyclomatic-complexity -MMD -MP -MF"Drivers/STM32L4xx_HAL_Driver/Src/stm32l4xx_hal_flash_ramfunc.d" -MT"Drivers/STM32L4xx_HAL_Driver/Src/stm32l4xx_hal_flash_ramfunc.o" --specs=nano.specs -mfpu=fpv4-sp-d16 -mfloat-abi=hard -mthumb -o "Drivers/STM32L4xx_HAL_Driver/Src/stm32l4xx_hal_flash_ramfunc.o"
arm-none-eabi-gcc "../Drivers/STM32L4xx_HAL_Driver/Src/stm32l4xx_hal_gpio.c" -mcpu=cortex-m4 -std=gnu11 -g3 -DDEBUG -DUSE_HAL_DRIVER -DSTM32L432xx -c -I../Core/Inc -I../Drivers/STM32L4xx_HAL_Driver/Inc -I../Drivers/STM32L4xx_HAL_Driver/Inc/Legacy -I../Drivers/CMSIS/Device/ST/STM32L4xx/Include -I../Drivers/CMSIS/Include -O0 -ffunction-sections -fdata-sections -Wall -fstack-usage -fcyclomatic-complexity -MMD -MP -MF"Drivers/STM32L4xx_HAL_Driver/Src/stm32l4xx_hal_gpio.d" -MT"Drivers/STM32L4xx_HAL_Driver/Src/stm32l4xx_hal_gpio.o" --specs=nano.specs -mfpu=fpv4-sp-d16 -mfloat-abi=hard -mthumb -o "Drivers/STM32L4xx_HAL_Driver/Src/stm32l4xx_hal_gpio.o"
arm-none-eabi-gcc "../Drivers/STM32L4xx_HAL_Driver/Src/stm32l4xx_hal_i2c.c" -mcpu=cortex-m4 -std=gnu11 -g3 -DDEBUG -DUSE_HAL_DRIVER -DSTM32L432xx -c -I../Core/Inc -I../Drivers/STM32L4xx_HAL_Driver/Inc -I../Drivers/STM32L4xx_HAL_Driver/Inc/Legacy -I../Drivers/CMSIS/Device/ST/STM32L4xx/Include -I../Drivers/CMSIS/Include -O0 -ffunction-sections -fdata-sections -Wall -fstack-usage -fcyclomatic-complexity -MMD -MP -MF"Drivers/STM32L4xx_HAL_Driver/Src/stm32l4xx_hal_i2c.d" -MT"Drivers/STM32L4xx_HAL_Driver/Src/stm32l4xx_hal_i2c.o" --specs=nano.specs -mfpu=fpv4-sp-d16 -mfloat-abi=hard -mthumb -o "Drivers/STM32L4xx_HAL_Driver/Src/stm32l4xx_hal_i2c.o"
arm-none-eabi-gcc "../Drivers/STM32L4xx_HAL_Driver/Src/stm32l4xx_hal_i2c_ex.c" -mcpu=cortex-m4 -std=gnu11 -g3 -DDEBUG -DUSE_HAL_DRIVER -DSTM32L432xx -c -I../Core/Inc -I../Drivers/STM32L4xx_HAL_Driver/Inc -I../Drivers/STM32L4xx_HAL_Driver/Inc/Legacy -I../Drivers/CMSIS/Device/ST/STM32L4xx/Include -I../Drivers/CMSIS/Include -O0 -ffunction-sections -fdata-sections -Wall -fstack-usage -fcyclomatic-complexity -MMD -MP -MF"Drivers/STM32L4xx_HAL_Driver/Src/stm32l4xx_hal_i2c_ex.d" -MT"Drivers/STM32L4xx_HAL_Driver/Src/stm32l4xx_hal_i2c_ex.o" --specs=nano.specs -mfpu=fpv4-sp-d16 -mfloat-abi=hard -mthumb -o "Drivers/STM32L4xx_HAL_Driver/Src/stm32l4xx_hal_i2c_ex.o"
arm-none-eabi-gcc "../Drivers/STM32L4xx_HAL_Driver/Src/stm32l4xx_hal_pwr.c" -mcpu=cortex-m4 -std=gnu11 -g3 -DDEBUG -DUSE_HAL_DRIVER -DSTM32L432xx -c -I../Core/Inc -I../Drivers/STM32L4xx_HAL_Driver/Inc -I../Drivers/STM32L4xx_HAL_Driver/Inc/Legacy -I../Drivers/CMSIS/Device/ST/STM32L4xx/Include -I../Drivers/CMSIS/Include -O0 -ffunction-sections -fdata-sections -Wall -fstack-usage -fcyclomatic-complexity -MMD -MP -MF"Drivers/STM32L4xx_HAL_Driver/Src/stm32l4xx_hal_pwr.d" -MT"Drivers/STM32L4xx_HAL_Driver/Src/stm32l4xx_hal_pwr.o" --specs=nano.specs -mfpu=fpv4-sp-d16 -mfloat-abi=hard -mthumb -o "Drivers/STM32L4xx_HAL_Driver/Src/stm32l4xx_hal_pwr.o"
arm-none-eabi-gcc "../Drivers/STM32L4xx_HAL_Driver/Src/stm32l4xx_hal_pwr_ex.c" -mcpu=cortex-m4 -std=gnu11 -g3 -DDEBUG -DUSE_HAL_DRIVER -DSTM32L432xx -c -I../Core/Inc -I../Drivers/STM32L4xx_HAL_Driver/Inc -I../Drivers/STM32L4xx_HAL_Driver/Inc/Legacy -I../Drivers/CMSIS/Device/ST/STM32L4xx/Include -I../Drivers/CMSIS/Include -O0 -ffunction-sections -fdata-sections -Wall -fstack-usage -fcyclomatic-complexity -MMD -MP -MF"Drivers/STM32L4xx_HAL_Driver/Src/stm32l4xx_hal_pwr_ex.d" -MT"Drivers/STM32L4xx_HAL_Driver/Src/stm32l4xx_hal_pwr_ex.o" --specs=nano.specs -mfpu=fpv4-sp-d16 -mfloat-abi=hard -mthumb -o "Drivers/STM32L4xx_HAL_Driver/Src/stm32l4xx_hal_pwr_ex.o"
arm-none-eabi-gcc "../Drivers/STM32L4xx_HAL_Driver/Src/stm32l4xx_hal_rcc.c" -mcpu=cortex-m4 -std=gnu11 -g3 -DDEBUG -DUSE_HAL_DRIVER -DSTM32L432xx -c -I../Core/Inc -I../Drivers/STM32L4xx_HAL_Driver/Inc -I../Drivers/STM32L4xx_HAL_Driver/Inc/Legacy -I../Drivers/CMSIS/Device/ST/STM32L4xx/Include -I../Drivers/CMSIS/Include -O0 -ffunction-sections -fdata-sections -Wall -fstack-usage -fcyclomatic-complexity -MMD -MP -MF"Drivers/STM32L4xx_HAL_Driver/Src/stm32l4xx_hal_rcc.d" -MT"Drivers/STM32L4xx_HAL_Driver/Src/stm32l4xx_hal_rcc.o" --specs=nano.specs -mfpu=fpv4-sp-d16 -mfloat-abi=hard -mthumb -o "Drivers/STM32L4xx_HAL_Driver/Src/stm32l4xx_hal_rcc.o"
arm-none-eabi-gcc "../Drivers/STM32L4xx_HAL_Driver/Src/stm32l4xx_hal_rcc_ex.c" -mcpu=cortex-m4 -std=gnu11 -g3 -DDEBUG -DUSE_HAL_DRIVER -DSTM32L432xx -c -I../Core/Inc -I../Drivers/STM32L4xx_HAL_Driver/Inc -I../Drivers/STM32L4xx_HAL_Driver/Inc/Legacy -I../Drivers/CMSIS/Device/ST/STM32L4xx/Include -I../Drivers/CMSIS/Include -O0 -ffunction-sections -fdata-sections -Wall -fstack-usage -fcyclomatic-complexity -MMD -MP -MF"Drivers/STM32L4xx_HAL_Driver/Src/stm32l4xx_hal_rcc_ex.d" -MT"Drivers/STM32L4xx_HAL_Driver/Src/stm32l4xx_hal_rcc_ex.o" --specs=nano.specs -mfpu=fpv4-sp-d16 -mfloat-abi=hard -mthumb -o "Drivers/STM32L4xx_HAL_Driver/Src/stm32l4xx_hal_rcc_ex.o"
arm-none-eabi-gcc "../Drivers/STM32L4xx_HAL_Driver/Src/stm32l4xx_hal_tim.c" -mcpu=cortex-m4 -std=gnu11 -g3 -DDEBUG -DUSE_HAL_DRIVER -DSTM32L432xx -c -I../Core/Inc -I../Drivers/STM32L4xx_HAL_Driver/Inc -I../Drivers/STM32L4xx_HAL_Driver/Inc/Legacy -I../Drivers/CMSIS/Device/ST/STM32L4xx/Include -I../Drivers/CMSIS/Include -O0 -ffunction-sections -fdata-sections -Wall -fstack-usage -fcyclomatic-complexity -MMD -MP -MF"Drivers/STM32L4xx_HAL_Driver/Src/stm32l4xx_hal_tim.d" -MT"Drivers/STM32L4xx_HAL_Driver/Src/stm32l4xx_hal_tim.o" --specs=nano.specs -mfpu=fpv4-sp-d16 -mfloat-abi=hard -mthumb -o "Drivers/STM32L4xx_HAL_Driver/Src/stm32l4xx_hal_tim.o"
arm-none-eabi-gcc "../Drivers/STM32L4xx_HAL_Driver/Src/stm32l4xx_hal_tim_ex.c" -mcpu=cortex-m4 -std=gnu11 -g3 -DDEBUG -DUSE_HAL_DRIVER -DSTM32L432xx -c -I../Core/Inc -I../Drivers/STM32L4xx_HAL_Driver/Inc -I../Drivers/STM32L4xx_HAL_Driver/Inc/Legacy -I../Drivers/CMSIS/Device/ST/STM32L4xx/Include -I../Drivers/CMSIS/Include -O0 -ffunction-sections -fdata-sections -Wall -fstack-usage -fcyclomatic-complexity -MMD -MP -MF"Drivers/STM32L4xx_HAL_Driver/Src/stm32l4xx_hal_tim_ex.d" -MT"Drivers/STM32L4xx_HAL_Driver/Src/stm32l4xx_hal_tim_ex.o" --specs=nano.specs -mfpu=fpv4-sp-d16 -mfloat-abi=hard -mthumb -o "Drivers/STM32L4xx_HAL_Driver/Src/stm32l4xx_hal_tim_ex.o"
arm-none-eabi-gcc "../Drivers/STM32L4xx_HAL_Driver/Src/stm32l4xx_hal_uart.c" -mcpu=cortex-m4 -std=gnu11 -g3 -DDEBUG -DUSE_HAL_DRIVER -DSTM32L432xx -c -I../Core/Inc -I../Drivers/STM32L4xx_HAL_Driver/Inc -I../Drivers/STM32L4xx_HAL_Driver/Inc/Legacy -I../Drivers/CMSIS/Device/ST/STM32L4xx/Include -I../Drivers/CMSIS/Include -O0 -ffunction-sections -fdata-sections -Wall -fstack-usage -fcyclomatic-complexity -MMD -MP -MF"Drivers/STM32L4xx_HAL_Driver/Src/stm32l4xx_hal_uart.d" -MT"Drivers/STM32L4xx_HAL_Driver/Src/stm32l4xx_hal_uart.o" --specs=nano.specs -mfpu=fpv4-sp-d16 -mfloat-abi=hard -mthumb -o "Drivers/STM32L4xx_HAL_Driver/Src/stm32l4xx_hal_uart.o"
arm-none-eabi-gcc "../Drivers/STM32L4xx_HAL_Driver/Src/stm32l4xx_hal_uart_ex.c" -mcpu=cortex-m4 -std=gnu11 -g3 -DDEBUG -DUSE_HAL_DRIVER -DSTM32L432xx -c -I../Core/Inc -I../Drivers/STM32L4xx_HAL_Driver/Inc -I../Drivers/STM32L4xx_HAL_Driver/Inc/Legacy -I../Drivers/CMSIS/Device/ST/STM32L4xx/Include -I../Drivers/CMSIS/Include -O0 -ffunction-sections -fdata-sections -Wall -fstack-usage -fcyclomatic-complexity -MMD -MP -MF"Drivers/STM32L4xx_HAL_Driver/Src/stm32l4xx_hal_uart_ex.d" -MT"Drivers/STM32L4xx_HAL_Driver/Src/stm32l4xx_hal_uart_ex.o" --specs=nano.specs -mfpu=fpv4-sp-d16 -mfloat-abi=hard -mthumb -o "Drivers/STM32L4xx_HAL_Driver/Src/stm32l4xx_hal_uart_ex.o"
arm-none-eabi-gcc -mcpu=cortex-m4 -g3 -DDEBUG -c -x assembler-with-cpp -MMD -MP -MF"Core/Startup/startup_stm32l432kcux.d" -MT"Core/Startup/startup_stm32l432kcux.o" --specs=nano.specs -mfpu=fpv4-sp-d16 -mfloat-abi=hard -mthumb -o "Core/Startup/startup_stm32l432kcux.o" "../Core/Startup/startup_stm32l432kcux.s"
arm-none-eabi-gcc "../Core/Src/main.c" -mcpu=cortex-m4 -std=gnu11 -g3 -DDEBUG -DUSE_HAL_DRIVER -DSTM32L432xx -c -I../Core/Inc -I../Drivers/STM32L4xx_HAL_Driver/Inc -I../Drivers/STM32L4xx_HAL_Driver/Inc/Legacy -I../Drivers/CMSIS/Device/ST/STM32L4xx/Include -I../Drivers/CMSIS/Include -O0 -ffunction-sections -fdata-sections -Wall -fstack-usage -fcyclomatic-complexity -MMD -MP -MF"Core/Src/main.d" -MT"Core/Src/main.o" --specs=nano.specs -mfpu=fpv4-sp-d16 -mfloat-abi=hard -mthumb -o "Core/Src/main.o"
arm-none-eabi-gcc "../Core/Src/stm32l4xx_hal_msp.c" -mcpu=cortex-m4 -std=gnu11 -g3 -DDEBUG -DUSE_HAL_DRIVER -DSTM32L432xx -c -I../Core/Inc -I../Drivers/STM32L4xx_HAL_Driver/Inc -I../Drivers/STM32L4xx_HAL_Driver/Inc/Legacy -I../Drivers/CMSIS/Device/ST/STM32L4xx/Include -I../Drivers/CMSIS/Include -O0 -ffunction-sections -fdata-sections -Wall -fstack-usage -fcyclomatic-complexity -MMD -MP -MF"Core/Src/stm32l4xx_hal_msp.d" -MT"Core/Src/stm32l4xx_hal_msp.o" --specs=nano.specs -mfpu=fpv4-sp-d16 -mfloat-abi=hard -mthumb -o "Core/Src/stm32l4xx_hal_msp.o"
arm-none-eabi-gcc "../Core/Src/stm32l4xx_it.c" -mcpu=cortex-m4 -std=gnu11 -g3 -DDEBUG -DUSE_HAL_DRIVER -DSTM32L432xx -c -I../Core/Inc -I../Drivers/STM32L4xx_HAL_Driver/Inc -I../Drivers/STM32L4xx_HAL_Driver/Inc/Legacy -I../Drivers/CMSIS/Device/ST/STM32L4xx/Include -I../Drivers/CMSIS/Include -O0 -ffunction-sections -fdata-sections -Wall -fstack-usage -fcyclomatic-complexity -MMD -MP -MF"Core/Src/stm32l4xx_it.d" -MT"Core/Src/stm32l4xx_it.o" --specs=nano.specs -mfpu=fpv4-sp-d16 -mfloat-abi=hard -mthumb -o "Core/Src/stm32l4xx_it.o"
arm-none-eabi-gcc "../Core/Src/syscalls.c" -mcpu=cortex-m4 -std=gnu11 -g3 -DDEBUG -DUSE_HAL_DRIVER -DSTM32L432xx -c -I../Core/Inc -I../Drivers/STM32L4xx_HAL_Driver/Inc -I../Drivers/STM32L4xx_HAL_Driver/Inc/Legacy -I../Drivers/CMSIS/Device/ST/STM32L4xx/Include -I../Drivers/CMSIS/Include -O0 -ffunction-sections -fdata-sections -Wall -fstack-usage -fcyclomatic-complexity -MMD -MP -MF"Core/Src/syscalls.d" -MT"Core/Src/syscalls.o" --specs=nano.specs -mfpu=fpv4-sp-d16 -mfloat-abi=hard -mthumb -o "Core/Src/syscalls.o"
../Core/Src/main.c: In function 'main':
../Core/Src/main.c:132:36: warning: implicit declaration of function 'readEncoder'; did you mean 'ReadEncoder'? [-Wimplicit-function-declaration]
  132 |                   wheelPosition += readEncoder();
      |                                    ^~~~~~~~~~~
      |                                    ReadEncoder
../Core/Src/main.c:136:15: error: redefinition of 'wheelPosition'
  136 |           int wheelPosition = 0;
      |               ^~~~~~~~~~~~~
../Core/Src/main.c:126:15: note: previous definition of 'wheelPosition' with type 'int'
  126 |           int wheelPosition = 0;
      |               ^~~~~~~~~~~~~
../Core/Src/main.c:115:7: warning: unused variable 'wheelPosition' [-Wunused-variable]
  115 |   int wheelPosition;
      |       ^~~~~~~~~~~~~
../Core/Src/main.c:113:7: warning: unused variable 'MotorEnable' [-Wunused-variable]
  113 |   int MotorEnable = GPIO_PIN_1; // GPIO B
      |       ^~~~~~~~~~~
../Core/Src/main.c:112:7: warning: unused variable 'EncoderPinB' [-Wunused-variable]
  112 |   int EncoderPinB = GPIO_PIN_6; // GPIO A
      |       ^~~~~~~~~~~
../Core/Src/main.c:111:7: warning: unused variable 'EncoderPinA' [-Wunused-variable]
  111 |   int EncoderPinA = GPIO_PIN_5; // GPIO A
      |       ^~~~~~~~~~~
../Core/Src/main.c: In function 'TurnWheelLeft':
../Core/Src/main.c:404:34: error: 'MotorEnable' undeclared (first use in this function)
  404 |         HAL_GPIO_WritePin(GPIOB, MotorEnable, GPIO_PIN_SET);
      |                                  ^~~~~~~~~~~
../Core/Src/main.c:404:34: note: each undeclared identifier is reported only once for each function it appears in
../Core/Src/main.c: In function 'TurnWheelRight':
../Core/Src/main.c:412:34: error: 'MotorEnable' undeclared (first use in this function)
  412 |         HAL_GPIO_WritePin(GPIOB, MotorEnable, GPIO_PIN_SET);
      |                                  ^~~~~~~~~~~
../Core/Src/main.c: In function 'LockWheel':
../Core/Src/main.c:420:34: error: 'MotorEnable' undeclared (first use in this function)
  420 |         HAL_GPIO_WritePin(GPIOB, MotorEnable, GPIO_PIN_SET);
      |                                  ^~~~~~~~~~~
../Core/Src/main.c: In function 'CoastWheel':
../Core/Src/main.c:426:34: error: 'MotorEnable' undeclared (first use in this function)
  426 |         HAL_GPIO_WritePin(GPIOB, MotorEnable, GPIO_PIN_RESET);
      |                                  ^~~~~~~~~~~
../Core/Src/main.c: In function 'ReadEncoder':
../Core/Src/main.c:436:71: error: 'EncoderPinA' undeclared (first use in this function)
  436 |         int currentState = 2*(GPIO_PIN_SET == HAL_GPIO_ReadPin(GPIOA, EncoderPinA))
      |                                                                       ^~~~~~~~~~~
../Core/Src/main.c:437:68: error: 'EncoderPinB' undeclared (first use in this function)
  437 |                         + (GPIO_PIN_SET == HAL_GPIO_ReadPin(GPIOA, EncoderPinB));
      |                                                                    ^~~~~~~~~~~
../Core/Src/main.c:441:18: error: invalid type argument of unary '*' (have 'int')
  441 |         switch(((*lastState)*4) + currentState) { //0000 0000 0000 (last state pair)(current state pair)
      |                  ^~~~~~~~~~
../Core/Src/main.c:461:9: error: invalid type argument of unary '*' (have 'int')
  461 |         *lastState = currentState;
      |         ^~~~~~~~~~
arm-none-eabi-gcc "../Core/Src/sysmem.c" -mcpu=cortex-m4 -std=gnu11 -g3 -DDEBUG -DUSE_HAL_DRIVER -DSTM32L432xx -c -I../Core/Inc -I../Drivers/STM32L4xx_HAL_Driver/Inc -I../Drivers/STM32L4xx_HAL_Driver/Inc/Legacy -I../Drivers/CMSIS/Device/ST/STM32L4xx/Include -I../Drivers/CMSIS/Include -O0 -ffunction-sections -fdata-sections -Wall -fstack-usage -fcyclomatic-complexity -MMD -MP -MF"Core/Src/sysmem.d" -MT"Core/Src/sysmem.o" --specs=nano.specs -mfpu=fpv4-sp-d16 -mfloat-abi=hard -mthumb -o "Core/Src/sysmem.o"
make: *** [Core/Src/subdir.mk:34: Core/Src/main.o] Error 1
make: *** Waiting for unfinished jobs....
"make -j12 all" terminated with exit code 2. Build might be incomplete.
13:44:20 **** Incremental Build of configuration Debug for project UpperSteerByWireDemo ****
make -j12 all 
arm-none-eabi-gcc "../Core/Src/main.c" -mcpu=cortex-m4 -std=gnu11 -g3 -DDEBUG -DUSE_HAL_DRIVER -DSTM32L432xx -c -I../Core/Inc -I../Drivers/STM32L4xx_HAL_Driver/Inc -I../Drivers/STM32L4xx_HAL_Driver/Inc/Legacy -I../Drivers/CMSIS/Device/ST/STM32L4xx/Include -I../Drivers/CMSIS/Include -O0 -ffunction-sections -fdata-sections -Wall -fstack-usage -fcyclomatic-complexity -MMD -MP -MF"Core/Src/main.d" -MT"Core/Src/main.o" --specs=nano.specs -mfpu=fpv4-sp-d16 -mfloat-abi=hard -mthumb -o "Core/Src/main.o"
arm-none-eabi-gcc "../Core/Src/system_stm32l4xx.c" -mcpu=cortex-m4 -std=gnu11 -g3 -DDEBUG -DUSE_HAL_DRIVER -DSTM32L432xx -c -I../Core/Inc -I../Drivers/STM32L4xx_HAL_Driver/Inc -I../Drivers/STM32L4xx_HAL_Driver/Inc/Legacy -I../Drivers/CMSIS/Device/ST/STM32L4xx/Include -I../Drivers/CMSIS/Include -O0 -ffunction-sections -fdata-sections -Wall -fstack-usage -fcyclomatic-complexity -MMD -MP -MF"Core/Src/system_stm32l4xx.d" -MT"Core/Src/system_stm32l4xx.o" --specs=nano.specs -mfpu=fpv4-sp-d16 -mfloat-abi=hard -mthumb -o "Core/Src/system_stm32l4xx.o"
../Core/Src/main.c: In function 'main':
../Core/Src/main.c:132:36: warning: implicit declaration of function 'readEncoder'; did you mean 'ReadEncoder'? [-Wimplicit-function-declaration]
  132 |                   wheelPosition += readEncoder();
      |                                    ^~~~~~~~~~~
      |                                    ReadEncoder
../Core/Src/main.c:113:7: warning: unused variable 'MotorEnable' [-Wunused-variable]
  113 |   int MotorEnable = GPIO_PIN_1; // GPIO B
      |       ^~~~~~~~~~~
../Core/Src/main.c:112:7: warning: unused variable 'EncoderPinB' [-Wunused-variable]
  112 |   int EncoderPinB = GPIO_PIN_6; // GPIO A
      |       ^~~~~~~~~~~
../Core/Src/main.c:111:7: warning: unused variable 'EncoderPinA' [-Wunused-variable]
  111 |   int EncoderPinA = GPIO_PIN_5; // GPIO A
      |       ^~~~~~~~~~~
../Core/Src/main.c: In function 'TurnWheelLeft':
../Core/Src/main.c:404:34: error: 'MotorEnable' undeclared (first use in this function)
  404 |         HAL_GPIO_WritePin(GPIOB, MotorEnable, GPIO_PIN_SET);
      |                                  ^~~~~~~~~~~
../Core/Src/main.c:404:34: note: each undeclared identifier is reported only once for each function it appears in
../Core/Src/main.c: In function 'TurnWheelRight':
../Core/Src/main.c:412:34: error: 'MotorEnable' undeclared (first use in this function)
  412 |         HAL_GPIO_WritePin(GPIOB, MotorEnable, GPIO_PIN_SET);
      |                                  ^~~~~~~~~~~
../Core/Src/main.c: In function 'LockWheel':
../Core/Src/main.c:420:34: error: 'MotorEnable' undeclared (first use in this function)
  420 |         HAL_GPIO_WritePin(GPIOB, MotorEnable, GPIO_PIN_SET);
      |                                  ^~~~~~~~~~~
../Core/Src/main.c: In function 'CoastWheel':
../Core/Src/main.c:426:34: error: 'MotorEnable' undeclared (first use in this function)
  426 |         HAL_GPIO_WritePin(GPIOB, MotorEnable, GPIO_PIN_RESET);
      |                                  ^~~~~~~~~~~
../Core/Src/main.c: In function 'ReadEncoder':
../Core/Src/main.c:431:9: error: unknown type name 'global'
  431 |         global EncoderPinA;
      |         ^~~~~~
../Core/Src/main.c:432:9: error: unknown type name 'global'
  432 |         global EncoderPinB;
      |         ^~~~~~
make: *** [Core/Src/subdir.mk:34: Core/Src/main.o] Error 1
make: *** Waiting for unfinished jobs....
"make -j12 all" terminated with exit code 2. Build might be incomplete.
13:45:22 **** Incremental Build of configuration Debug for project UpperSteerByWireDemo ****
make -j12 all 
arm-none-eabi-gcc "../Core/Src/main.c" -mcpu=cortex-m4 -std=gnu11 -g3 -DDEBUG -DUSE_HAL_DRIVER -DSTM32L432xx -c -I../Core/Inc -I../Drivers/STM32L4xx_HAL_Driver/Inc -I../Drivers/STM32L4xx_HAL_Driver/Inc/Legacy -I../Drivers/CMSIS/Device/ST/STM32L4xx/Include -I../Drivers/CMSIS/Include -O0 -ffunction-sections -fdata-sections -Wall -fstack-usage -fcyclomatic-complexity -MMD -MP -MF"Core/Src/main.d" -MT"Core/Src/main.o" --specs=nano.specs -mfpu=fpv4-sp-d16 -mfloat-abi=hard -mthumb -o "Core/Src/main.o"
../Core/Src/main.c: In function 'main':
../Core/Src/main.c:132:36: warning: implicit declaration of function 'readEncoder'; did you mean 'ReadEncoder'? [-Wimplicit-function-declaration]
  132 |                   wheelPosition += readEncoder();
      |                                    ^~~~~~~~~~~
      |                                    ReadEncoder
arm-none-eabi-gcc -o "UpperSteerByWireDemo.elf" @"objects.list"   -mcpu=cortex-m4 -T"C:\Users\wolfi\OneDrive\Documents\CDME\GoKart\GoKartDemoPrograms\UpperSteerByWire\UpperSteerByWireDemo\STM32L432KCUX_FLASH.ld" --specs=nosys.specs -Wl,-Map="UpperSteerByWireDemo.map" -Wl,--gc-sections -static --specs=nano.specs -mfpu=fpv4-sp-d16 -mfloat-abi=hard -mthumb -Wl,--start-group -lc -lm -Wl,--end-group
C:/ST/STM32CubeIDE_1.18.1/STM32CubeIDE/plugins/com.st.stm32cube.ide.mcu.externaltools.gnu-tools-for-stm32.13.3.rel1.win32_1.0.0.202411081344/tools/bin/../lib/gcc/arm-none-eabi/13.3.1/../../../../arm-none-eabi/bin/ld.exe: ./Core/Src/main.o: in function `main':
C:/Users/wolfi/OneDrive/Documents/CDME/GoKart/GoKartDemoPrograms/UpperSteerByWire/UpperSteerByWireDemo/Debug/../Core/Src/main.c:132:(.text.main+0x32): undefined reference to `readEncoder'
C:/ST/STM32CubeIDE_1.18.1/STM32CubeIDE/plugins/com.st.stm32cube.ide.mcu.externaltools.gnu-tools-for-stm32.13.3.rel1.win32_1.0.0.202411081344/tools/bin/../lib/gcc/arm-none-eabi/13.3.1/../../../../arm-none-eabi/bin/ld.exe: C:/Users/wolfi/OneDrive/Documents/CDME/GoKart/GoKartDemoPrograms/UpperSteerByWire/UpperSteerByWireDemo/Debug/../Core/Src/main.c:142:(.text.main+0x5c): undefined reference to `readEncoder'
collect2.exe: error: ld returned 1 exit status
make: *** [makefile:64: UpperSteerByWireDemo.elf] Error 1
"make -j12 all" terminated with exit code 2. Build might be incomplete.
13:46:15 **** Incremental Build of configuration Debug for project UpperSteerByWireDemo ****
make -j12 all 
arm-none-eabi-gcc "../Core/Src/main.c" -mcpu=cortex-m4 -std=gnu11 -g3 -DDEBUG -DUSE_HAL_DRIVER -DSTM32L432xx -c -I../Core/Inc -I../Drivers/STM32L4xx_HAL_Driver/Inc -I../Drivers/STM32L4xx_HAL_Driver/Inc/Legacy -I../Drivers/CMSIS/Device/ST/STM32L4xx/Include -I../Drivers/CMSIS/Include -O0 -ffunction-sections -fdata-sections -Wall -fstack-usage -fcyclomatic-complexity -MMD -MP -MF"Core/Src/main.d" -MT"Core/Src/main.o" --specs=nano.specs -mfpu=fpv4-sp-d16 -mfloat-abi=hard -mthumb -o "Core/Src/main.o"
arm-none-eabi-gcc -o "UpperSteerByWireDemo.elf" @"objects.list"   -mcpu=cortex-m4 -T"C:\Users\wolfi\OneDrive\Documents\CDME\GoKart\GoKartDemoPrograms\UpperSteerByWire\UpperSteerByWireDemo\STM32L432KCUX_FLASH.ld" --specs=nosys.specs -Wl,-Map="UpperSteerByWireDemo.map" -Wl,--gc-sections -static --specs=nano.specs -mfpu=fpv4-sp-d16 -mfloat-abi=hard -mthumb -Wl,--start-group -lc -lm -Wl,--end-group
Finished building target: UpperSteerByWireDemo.elf
 
arm-none-eabi-size  UpperSteerByWireDemo.elf 
arm-none-eabi-objdump -h -S UpperSteerByWireDemo.elf  > "UpperSteerByWireDemo.list"
   text	   data	    bss	    dec	    hex	filename
  16152	     24	   1824	  18000	   4650	UpperSteerByWireDemo.elf
Finished building: default.size.stdout
 
Finished building: UpperSteerByWireDemo.list
 
13:48:02 **** Incremental Build of configuration Debug for project UpperSteerByWireDemo ****
make -j12 all 
arm-none-eabi-size  UpperSteerByWireDemo.elf 
   text	   data	    bss	    dec	    hex	filename
  16152	     24	   1824	  18000	   4650	UpperSteerByWireDemo.elf
Finished building: default.size.stdout
 
13:48:40 **** Incremental Build of configuration Debug for project UpperSteerByWireDemo ****
make -j12 all 
arm-none-eabi-size  UpperSteerByWireDemo.elf 
   text	   data	    bss	    dec	    hex	filename
  16152	     24	   1824	  18000	   4650	UpperSteerByWireDemo.elf
Finished building: default.size.stdout
 
13:49:17 **** Incremental Build of configuration Debug for project UpperSteerByWireDemo ****
make -j12 all 
arm-none-eabi-size  UpperSteerByWireDemo.elf 
   text	   data	    bss	    dec	    hex	filename
  16152	     24	   1824	  18000	   4650	UpperSteerByWireDemo.elf
Finished building: default.size.stdout
 
13:50:18 **** Incremental Build of configuration Debug for project UpperSteerByWireDemo ****
make -j12 all 
arm-none-eabi-size  UpperSteerByWireDemo.elf 
   text	   data	    bss	    dec	    hex	filename
  16152	     24	   1824	  18000	   4650	UpperSteerByWireDemo.elf
Finished building: default.size.stdout
 
13:54:35 **** Incremental Build of configuration Debug for project UpperSteerByWireDemo ****
make -j12 all 
arm-none-eabi-size  UpperSteerByWireDemo.elf 
   text	   data	    bss	    dec	    hex	filename
  16152	     24	   1824	  18000	   4650	UpperSteerByWireDemo.elf
Finished building: default.size.stdout
 
13:55:10 **** Incremental Build of configuration Debug for project UpperSteerByWireDemo ****
make -j12 all 
arm-none-eabi-gcc "../Core/Src/main.c" -mcpu=cortex-m4 -std=gnu11 -g3 -DDEBUG -DUSE_HAL_DRIVER -DSTM32L432xx -c -I../Core/Inc -I../Drivers/STM32L4xx_HAL_Driver/Inc -I../Drivers/STM32L4xx_HAL_Driver/Inc/Legacy -I../Drivers/CMSIS/Device/ST/STM32L4xx/Include -I../Drivers/CMSIS/Include -O0 -ffunction-sections -fdata-sections -Wall -fstack-usage -fcyclomatic-complexity -MMD -MP -MF"Core/Src/main.d" -MT"Core/Src/main.o" --specs=nano.specs -mfpu=fpv4-sp-d16 -mfloat-abi=hard -mthumb -o "Core/Src/main.o"
arm-none-eabi-gcc -o "UpperSteerByWireDemo.elf" @"objects.list"   -mcpu=cortex-m4 -T"C:\Users\wolfi\OneDrive\Documents\CDME\GoKart\GoKartDemoPrograms\UpperSteerByWire\UpperSteerByWireDemo\STM32L432KCUX_FLASH.ld" --specs=nosys.specs -Wl,-Map="UpperSteerByWireDemo.map" -Wl,--gc-sections -static --specs=nano.specs -mfpu=fpv4-sp-d16 -mfloat-abi=hard -mthumb -Wl,--start-group -lc -lm -Wl,--end-group
Finished building target: UpperSteerByWireDemo.elf
 
arm-none-eabi-size  UpperSteerByWireDemo.elf 
arm-none-eabi-objdump -h -S UpperSteerByWireDemo.elf  > "UpperSteerByWireDemo.list"
   text	   data	    bss	    dec	    hex	filename
  16152	     24	   1824	  18000	   4650	UpperSteerByWireDemo.elf
Finished building: default.size.stdout
 
Finished building: UpperSteerByWireDemo.list
 
14:01:17 **** Incremental Build of configuration Debug for project UpperSteerByWireDemo ****
make -j12 all 
arm-none-eabi-gcc "../Core/Src/main.c" -mcpu=cortex-m4 -std=gnu11 -g3 -DDEBUG -DUSE_HAL_DRIVER -DSTM32L432xx -c -I../Core/Inc -I../Drivers/STM32L4xx_HAL_Driver/Inc -I../Drivers/STM32L4xx_HAL_Driver/Inc/Legacy -I../Drivers/CMSIS/Device/ST/STM32L4xx/Include -I../Drivers/CMSIS/Include -O0 -ffunction-sections -fdata-sections -Wall -fstack-usage -fcyclomatic-complexity -MMD -MP -MF"Core/Src/main.d" -MT"Core/Src/main.o" --specs=nano.specs -mfpu=fpv4-sp-d16 -mfloat-abi=hard -mthumb -o "Core/Src/main.o"
arm-none-eabi-gcc -o "UpperSteerByWireDemo.elf" @"objects.list"   -mcpu=cortex-m4 -T"C:\Users\wolfi\OneDrive\Documents\CDME\GoKart\GoKartDemoPrograms\UpperSteerByWire\UpperSteerByWireDemo\STM32L432KCUX_FLASH.ld" --specs=nosys.specs -Wl,-Map="UpperSteerByWireDemo.map" -Wl,--gc-sections -static --specs=nano.specs -mfpu=fpv4-sp-d16 -mfloat-abi=hard -mthumb -Wl,--start-group -lc -lm -Wl,--end-group
Finished building target: UpperSteerByWireDemo.elf
 
arm-none-eabi-size  UpperSteerByWireDemo.elf 
arm-none-eabi-objdump -h -S UpperSteerByWireDemo.elf  > "UpperSteerByWireDemo.list"
   text	   data	    bss	    dec	    hex	filename
  16152	     24	   1824	  18000	   4650	UpperSteerByWireDemo.elf
Finished building: default.size.stdout
 
Finished building: UpperSteerByWireDemo.list
 
14:04:11 **** Incremental Build of configuration Debug for project UpperSteerByWireDemo ****
make -j12 all 
arm-none-eabi-gcc "../Core/Src/main.c" -mcpu=cortex-m4 -std=gnu11 -g3 -DDEBUG -DUSE_HAL_DRIVER -DSTM32L432xx -c -I../Core/Inc -I../Drivers/STM32L4xx_HAL_Driver/Inc -I../Drivers/STM32L4xx_HAL_Driver/Inc/Legacy -I../Drivers/CMSIS/Device/ST/STM32L4xx/Include -I../Drivers/CMSIS/Include -O0 -ffunction-sections -fdata-sections -Wall -fstack-usage -fcyclomatic-complexity -MMD -MP -MF"Core/Src/main.d" -MT"Core/Src/main.o" --specs=nano.specs -mfpu=fpv4-sp-d16 -mfloat-abi=hard -mthumb -o "Core/Src/main.o"
arm-none-eabi-gcc -o "UpperSteerByWireDemo.elf" @"objects.list"   -mcpu=cortex-m4 -T"C:\Users\wolfi\OneDrive\Documents\CDME\GoKart\GoKartDemoPrograms\UpperSteerByWire\UpperSteerByWireDemo\STM32L432KCUX_FLASH.ld" --specs=nosys.specs -Wl,-Map="UpperSteerByWireDemo.map" -Wl,--gc-sections -static --specs=nano.specs -mfpu=fpv4-sp-d16 -mfloat-abi=hard -mthumb -Wl,--start-group -lc -lm -Wl,--end-group
Finished building target: UpperSteerByWireDemo.elf
 
arm-none-eabi-size  UpperSteerByWireDemo.elf 
arm-none-eabi-objdump -h -S UpperSteerByWireDemo.elf  > "UpperSteerByWireDemo.list"
   text	   data	    bss	    dec	    hex	filename
  16156	     24	   1824	  18004	   4654	UpperSteerByWireDemo.elf
Finished building: default.size.stdout
 
Finished building: UpperSteerByWireDemo.list
 
14:05:37 **** Incremental Build of configuration Debug for project UpperSteerByWireDemo ****
make -j12 all 
arm-none-eabi-gcc "../Core/Src/main.c" -mcpu=cortex-m4 -std=gnu11 -g3 -DDEBUG -DUSE_HAL_DRIVER -DSTM32L432xx -c -I../Core/Inc -I../Drivers/STM32L4xx_HAL_Driver/Inc -I../Drivers/STM32L4xx_HAL_Driver/Inc/Legacy -I../Drivers/CMSIS/Device/ST/STM32L4xx/Include -I../Drivers/CMSIS/Include -O0 -ffunction-sections -fdata-sections -Wall -fstack-usage -fcyclomatic-complexity -MMD -MP -MF"Core/Src/main.d" -MT"Core/Src/main.o" --specs=nano.specs -mfpu=fpv4-sp-d16 -mfloat-abi=hard -mthumb -o "Core/Src/main.o"
arm-none-eabi-gcc -o "UpperSteerByWireDemo.elf" @"objects.list"   -mcpu=cortex-m4 -T"C:\Users\wolfi\OneDrive\Documents\CDME\GoKart\GoKartDemoPrograms\UpperSteerByWire\UpperSteerByWireDemo\STM32L432KCUX_FLASH.ld" --specs=nosys.specs -Wl,-Map="UpperSteerByWireDemo.map" -Wl,--gc-sections -static --specs=nano.specs -mfpu=fpv4-sp-d16 -mfloat-abi=hard -mthumb -Wl,--start-group -lc -lm -Wl,--end-group
Finished building target: UpperSteerByWireDemo.elf
 
arm-none-eabi-size  UpperSteerByWireDemo.elf 
arm-none-eabi-objdump -h -S UpperSteerByWireDemo.elf  > "UpperSteerByWireDemo.list"
   text	   data	    bss	    dec	    hex	filename
  16152	     24	   1824	  18000	   4650	UpperSteerByWireDemo.elf
Finished building: default.size.stdout
 
Finished building: UpperSteerByWireDemo.list
 
14:10:30 **** Incremental Build of configuration Debug for project UpperSteerByWireDemo ****
make -j12 all 
arm-none-eabi-gcc "../Core/Src/main.c" -mcpu=cortex-m4 -std=gnu11 -g3 -DDEBUG -DUSE_HAL_DRIVER -DSTM32L432xx -c -I../Core/Inc -I../Drivers/STM32L4xx_HAL_Driver/Inc -I../Drivers/STM32L4xx_HAL_Driver/Inc/Legacy -I../Drivers/CMSIS/Device/ST/STM32L4xx/Include -I../Drivers/CMSIS/Include -O0 -ffunction-sections -fdata-sections -Wall -fstack-usage -fcyclomatic-complexity -MMD -MP -MF"Core/Src/main.d" -MT"Core/Src/main.o" --specs=nano.specs -mfpu=fpv4-sp-d16 -mfloat-abi=hard -mthumb -o "Core/Src/main.o"
../Core/Src/main.c: In function 'main':
../Core/Src/main.c:115:7: warning: unused variable 'wheelPosition' [-Wunused-variable]
  115 |   int wheelPosition;
      |       ^~~~~~~~~~~~~
arm-none-eabi-gcc -o "UpperSteerByWireDemo.elf" @"objects.list"   -mcpu=cortex-m4 -T"C:\Users\wolfi\OneDrive\Documents\CDME\GoKart\GoKartDemoPrograms\UpperSteerByWire\UpperSteerByWireDemo\STM32L432KCUX_FLASH.ld" --specs=nosys.specs -Wl,-Map="UpperSteerByWireDemo.map" -Wl,--gc-sections -static --specs=nano.specs -mfpu=fpv4-sp-d16 -mfloat-abi=hard -mthumb -Wl,--start-group -lc -lm -Wl,--end-group
Finished building target: UpperSteerByWireDemo.elf
 
arm-none-eabi-size  UpperSteerByWireDemo.elf 
arm-none-eabi-objdump -h -S UpperSteerByWireDemo.elf  > "UpperSteerByWireDemo.list"
   text	   data	    bss	    dec	    hex	filename
  15676	     12	   1820	  17508	   4464	UpperSteerByWireDemo.elf
Finished building: default.size.stdout
 
Finished building: UpperSteerByWireDemo.list
 
14:11:07 **** Incremental Build of configuration Debug for project UpperSteerByWireDemo ****
make -j12 all 
arm-none-eabi-size  UpperSteerByWireDemo.elf 
   text	   data	    bss	    dec	    hex	filename
  15676	     12	   1820	  17508	   4464	UpperSteerByWireDemo.elf
Finished building: default.size.stdout
 
14:13:21 **** Incremental Build of configuration Debug for project UpperSteerByWireDemo ****
make -j12 all 
arm-none-eabi-size  UpperSteerByWireDemo.elf 
   text	   data	    bss	    dec	    hex	filename
  15676	     12	   1820	  17508	   4464	UpperSteerByWireDemo.elf
Finished building: default.size.stdout
 
14:13:44 **** Incremental Build of configuration Debug for project UpperSteerByWireDemo ****
make -j12 all 
arm-none-eabi-size  UpperSteerByWireDemo.elf 
   text	   data	    bss	    dec	    hex	filename
  15676	     12	   1820	  17508	   4464	UpperSteerByWireDemo.elf
Finished building: default.size.stdout
 
14:15:37 **** Incremental Build of configuration Debug for project UpperSteerByWireDemo ****
make -j12 all 
arm-none-eabi-gcc "../Core/Src/main.c" -mcpu=cortex-m4 -std=gnu11 -g3 -DDEBUG -DUSE_HAL_DRIVER -DSTM32L432xx -c -I../Core/Inc -I../Drivers/STM32L4xx_HAL_Driver/Inc -I../Drivers/STM32L4xx_HAL_Driver/Inc/Legacy -I../Drivers/CMSIS/Device/ST/STM32L4xx/Include -I../Drivers/CMSIS/Include -O0 -ffunction-sections -fdata-sections -Wall -fstack-usage -fcyclomatic-complexity -MMD -MP -MF"Core/Src/main.d" -MT"Core/Src/main.o" --specs=nano.specs -mfpu=fpv4-sp-d16 -mfloat-abi=hard -mthumb -o "Core/Src/main.o"
../Core/Src/main.c: In function 'main':
../Core/Src/main.c:115:7: warning: unused variable 'wheelPosition' [-Wunused-variable]
  115 |   int wheelPosition;
      |       ^~~~~~~~~~~~~
arm-none-eabi-gcc -o "UpperSteerByWireDemo.elf" @"objects.list"   -mcpu=cortex-m4 -T"C:\Users\wolfi\OneDrive\Documents\CDME\GoKart\GoKartDemoPrograms\UpperSteerByWire\UpperSteerByWireDemo\STM32L432KCUX_FLASH.ld" --specs=nosys.specs -Wl,-Map="UpperSteerByWireDemo.map" -Wl,--gc-sections -static --specs=nano.specs -mfpu=fpv4-sp-d16 -mfloat-abi=hard -mthumb -Wl,--start-group -lc -lm -Wl,--end-group
Finished building target: UpperSteerByWireDemo.elf
 
arm-none-eabi-size  UpperSteerByWireDemo.elf 
arm-none-eabi-objdump -h -S UpperSteerByWireDemo.elf  > "UpperSteerByWireDemo.list"
   text	   data	    bss	    dec	    hex	filename
  15676	     12	   1820	  17508	   4464	UpperSteerByWireDemo.elf
Finished building: default.size.stdout
 
Finished building: UpperSteerByWireDemo.list
 
14:18:58 **** Incremental Build of configuration Debug for project UpperSteerByWireDemo ****
make -j12 all 
arm-none-eabi-gcc "../Core/Src/main.c" -mcpu=cortex-m4 -std=gnu11 -g3 -DDEBUG -DUSE_HAL_DRIVER -DSTM32L432xx -c -I../Core/Inc -I../Drivers/STM32L4xx_HAL_Driver/Inc -I../Drivers/STM32L4xx_HAL_Driver/Inc/Legacy -I../Drivers/CMSIS/Device/ST/STM32L4xx/Include -I../Drivers/CMSIS/Include -O0 -ffunction-sections -fdata-sections -Wall -fstack-usage -fcyclomatic-complexity -MMD -MP -MF"Core/Src/main.d" -MT"Core/Src/main.o" --specs=nano.specs -mfpu=fpv4-sp-d16 -mfloat-abi=hard -mthumb -o "Core/Src/main.o"
../Core/Src/main.c: In function 'main':
../Core/Src/main.c:115:7: warning: unused variable 'wheelPosition' [-Wunused-variable]
  115 |   int wheelPosition;
      |       ^~~~~~~~~~~~~
arm-none-eabi-gcc -o "UpperSteerByWireDemo.elf" @"objects.list"   -mcpu=cortex-m4 -T"C:\Users\wolfi\OneDrive\Documents\CDME\GoKart\GoKartDemoPrograms\UpperSteerByWire\UpperSteerByWireDemo\STM32L432KCUX_FLASH.ld" --specs=nosys.specs -Wl,-Map="UpperSteerByWireDemo.map" -Wl,--gc-sections -static --specs=nano.specs -mfpu=fpv4-sp-d16 -mfloat-abi=hard -mthumb -Wl,--start-group -lc -lm -Wl,--end-group
Finished building target: UpperSteerByWireDemo.elf
 
arm-none-eabi-size  UpperSteerByWireDemo.elf 
arm-none-eabi-objdump -h -S UpperSteerByWireDemo.elf  > "UpperSteerByWireDemo.list"
   text	   data	    bss	    dec	    hex	filename
  15676	     12	   1820	  17508	   4464	UpperSteerByWireDemo.elf
Finished building: default.size.stdout
 
Finished building: UpperSteerByWireDemo.list
 
14:19:35 **** Incremental Build of configuration Debug for project UpperSteerByWireDemo ****
make -j12 all 
arm-none-eabi-gcc "../Core/Src/main.c" -mcpu=cortex-m4 -std=gnu11 -g3 -DDEBUG -DUSE_HAL_DRIVER -DSTM32L432xx -c -I../Core/Inc -I../Drivers/STM32L4xx_HAL_Driver/Inc -I../Drivers/STM32L4xx_HAL_Driver/Inc/Legacy -I../Drivers/CMSIS/Device/ST/STM32L4xx/Include -I../Drivers/CMSIS/Include -O0 -ffunction-sections -fdata-sections -Wall -fstack-usage -fcyclomatic-complexity -MMD -MP -MF"Core/Src/main.d" -MT"Core/Src/main.o" --specs=nano.specs -mfpu=fpv4-sp-d16 -mfloat-abi=hard -mthumb -o "Core/Src/main.o"
arm-none-eabi-gcc -o "UpperSteerByWireDemo.elf" @"objects.list"   -mcpu=cortex-m4 -T"C:\Users\wolfi\OneDrive\Documents\CDME\GoKart\GoKartDemoPrograms\UpperSteerByWire\UpperSteerByWireDemo\STM32L432KCUX_FLASH.ld" --specs=nosys.specs -Wl,-Map="UpperSteerByWireDemo.map" -Wl,--gc-sections -static --specs=nano.specs -mfpu=fpv4-sp-d16 -mfloat-abi=hard -mthumb -Wl,--start-group -lc -lm -Wl,--end-group
Finished building target: UpperSteerByWireDemo.elf
 
arm-none-eabi-size  UpperSteerByWireDemo.elf 
arm-none-eabi-objdump -h -S UpperSteerByWireDemo.elf  > "UpperSteerByWireDemo.list"
   text	   data	    bss	    dec	    hex	filename
  16152	     24	   1824	  18000	   4650	UpperSteerByWireDemo.elf
Finished building: default.size.stdout
 
Finished building: UpperSteerByWireDemo.list
 
14:21:11 **** Incremental Build of configuration Debug for project UpperSteerByWireDemo ****
make -j12 all 
arm-none-eabi-gcc "../Core/Src/main.c" -mcpu=cortex-m4 -std=gnu11 -g3 -DDEBUG -DUSE_HAL_DRIVER -DSTM32L432xx -c -I../Core/Inc -I../Drivers/STM32L4xx_HAL_Driver/Inc -I../Drivers/STM32L4xx_HAL_Driver/Inc/Legacy -I../Drivers/CMSIS/Device/ST/STM32L4xx/Include -I../Drivers/CMSIS/Include -O0 -ffunction-sections -fdata-sections -Wall -fstack-usage -fcyclomatic-complexity -MMD -MP -MF"Core/Src/main.d" -MT"Core/Src/main.o" --specs=nano.specs -mfpu=fpv4-sp-d16 -mfloat-abi=hard -mthumb -o "Core/Src/main.o"
arm-none-eabi-gcc -o "UpperSteerByWireDemo.elf" @"objects.list"   -mcpu=cortex-m4 -T"C:\Users\wolfi\OneDrive\Documents\CDME\GoKart\GoKartDemoPrograms\UpperSteerByWire\UpperSteerByWireDemo\STM32L432KCUX_FLASH.ld" --specs=nosys.specs -Wl,-Map="UpperSteerByWireDemo.map" -Wl,--gc-sections -static --specs=nano.specs -mfpu=fpv4-sp-d16 -mfloat-abi=hard -mthumb -Wl,--start-group -lc -lm -Wl,--end-group
Finished building target: UpperSteerByWireDemo.elf
 
arm-none-eabi-size  UpperSteerByWireDemo.elf 
arm-none-eabi-objdump -h -S UpperSteerByWireDemo.elf  > "UpperSteerByWireDemo.list"
   text	   data	    bss	    dec	    hex	filename
  16092	     24	   1824	  17940	   4614	UpperSteerByWireDemo.elf
Finished building: default.size.stdout
 
Finished building: UpperSteerByWireDemo.list
 
14:24:25 **** Incremental Build of configuration Debug for project UpperSteerByWireDemo ****
make -j12 all 
arm-none-eabi-gcc "../Core/Src/main.c" -mcpu=cortex-m4 -std=gnu11 -g3 -DDEBUG -DUSE_HAL_DRIVER -DSTM32L432xx -c -I../Core/Inc -I../Drivers/STM32L4xx_HAL_Driver/Inc -I../Drivers/STM32L4xx_HAL_Driver/Inc/Legacy -I../Drivers/CMSIS/Device/ST/STM32L4xx/Include -I../Drivers/CMSIS/Include -O0 -ffunction-sections -fdata-sections -Wall -fstack-usage -fcyclomatic-complexity -MMD -MP -MF"Core/Src/main.d" -MT"Core/Src/main.o" --specs=nano.specs -mfpu=fpv4-sp-d16 -mfloat-abi=hard -mthumb -o "Core/Src/main.o"
In file included from ../Core/Inc/stm32l4xx_hal_conf.h:442,
                 from ../Drivers/STM32L4xx_HAL_Driver/Inc/stm32l4xx_hal.h:29,
                 from ../Core/Inc/main.h:30,
                 from ../Core/Src/main.c:20:
../Core/Src/main.c: In function 'main':
../Core/Src/main.c:130:62: error: 'dutyCycle' undeclared (first use in this function)
  130 |                 __HAL_TIM_SET_COMPARE(&htim1, TIM_CHANNEL_2, dutyCycle);
      |                                                              ^~~~~~~~~
../Drivers/STM32L4xx_HAL_Driver/Inc/stm32l4xx_hal_tim.h:1545:72: note: in definition of macro '__HAL_TIM_SET_COMPARE'
 1545 |   (((__CHANNEL__) == TIM_CHANNEL_1) ? ((__HANDLE__)->Instance->CCR1 = (__COMPARE__)) :\
      |                                                                        ^~~~~~~~~~~
../Core/Src/main.c:130:62: note: each undeclared identifier is reported only once for each function it appears in
  130 |                 __HAL_TIM_SET_COMPARE(&htim1, TIM_CHANNEL_2, dutyCycle);
      |                                                              ^~~~~~~~~
../Drivers/STM32L4xx_HAL_Driver/Inc/stm32l4xx_hal_tim.h:1545:72: note: in definition of macro '__HAL_TIM_SET_COMPARE'
 1545 |   (((__CHANNEL__) == TIM_CHANNEL_1) ? ((__HANDLE__)->Instance->CCR1 = (__COMPARE__)) :\
      |                                                                        ^~~~~~~~~~~
make: *** [Core/Src/subdir.mk:34: Core/Src/main.o] Error 1
"make -j12 all" terminated with exit code 2. Build might be incomplete.
14:24:46 **** Incremental Build of configuration Debug for project UpperSteerByWireDemo ****
make -j12 all 
arm-none-eabi-gcc "../Core/Src/main.c" -mcpu=cortex-m4 -std=gnu11 -g3 -DDEBUG -DUSE_HAL_DRIVER -DSTM32L432xx -c -I../Core/Inc -I../Drivers/STM32L4xx_HAL_Driver/Inc -I../Drivers/STM32L4xx_HAL_Driver/Inc/Legacy -I../Drivers/CMSIS/Device/ST/STM32L4xx/Include -I../Drivers/CMSIS/Include -O0 -ffunction-sections -fdata-sections -Wall -fstack-usage -fcyclomatic-complexity -MMD -MP -MF"Core/Src/main.d" -MT"Core/Src/main.o" --specs=nano.specs -mfpu=fpv4-sp-d16 -mfloat-abi=hard -mthumb -o "Core/Src/main.o"
arm-none-eabi-gcc -o "UpperSteerByWireDemo.elf" @"objects.list"   -mcpu=cortex-m4 -T"C:\Users\wolfi\OneDrive\Documents\CDME\GoKart\GoKartDemoPrograms\UpperSteerByWire\UpperSteerByWireDemo\STM32L432KCUX_FLASH.ld" --specs=nosys.specs -Wl,-Map="UpperSteerByWireDemo.map" -Wl,--gc-sections -static --specs=nano.specs -mfpu=fpv4-sp-d16 -mfloat-abi=hard -mthumb -Wl,--start-group -lc -lm -Wl,--end-group
Finished building target: UpperSteerByWireDemo.elf
 
arm-none-eabi-size  UpperSteerByWireDemo.elf 
arm-none-eabi-objdump -h -S UpperSteerByWireDemo.elf  > "UpperSteerByWireDemo.list"
   text	   data	    bss	    dec	    hex	filename
  16100	     24	   1824	  17948	   461c	UpperSteerByWireDemo.elf
Finished building: default.size.stdout
 
Finished building: UpperSteerByWireDemo.list
 
14:24:52 **** Incremental Build of configuration Debug for project UpperSteerByWireDemo ****
make -j12 all 
arm-none-eabi-size  UpperSteerByWireDemo.elf 
   text	   data	    bss	    dec	    hex	filename
  16100	     24	   1824	  17948	   461c	UpperSteerByWireDemo.elf
Finished building: default.size.stdout
 
14:26:25 **** Incremental Build of configuration Debug for project UpperSteerByWireDemo ****
make -j12 all 
arm-none-eabi-gcc "../Core/Src/main.c" -mcpu=cortex-m4 -std=gnu11 -g3 -DDEBUG -DUSE_HAL_DRIVER -DSTM32L432xx -c -I../Core/Inc -I../Drivers/STM32L4xx_HAL_Driver/Inc -I../Drivers/STM32L4xx_HAL_Driver/Inc/Legacy -I../Drivers/CMSIS/Device/ST/STM32L4xx/Include -I../Drivers/CMSIS/Include -O0 -ffunction-sections -fdata-sections -Wall -fstack-usage -fcyclomatic-complexity -MMD -MP -MF"Core/Src/main.d" -MT"Core/Src/main.o" --specs=nano.specs -mfpu=fpv4-sp-d16 -mfloat-abi=hard -mthumb -o "Core/Src/main.o"
arm-none-eabi-gcc -o "UpperSteerByWireDemo.elf" @"objects.list"   -mcpu=cortex-m4 -T"C:\Users\wolfi\OneDrive\Documents\CDME\GoKart\GoKartDemoPrograms\UpperSteerByWire\UpperSteerByWireDemo\STM32L432KCUX_FLASH.ld" --specs=nosys.specs -Wl,-Map="UpperSteerByWireDemo.map" -Wl,--gc-sections -static --specs=nano.specs -mfpu=fpv4-sp-d16 -mfloat-abi=hard -mthumb -Wl,--start-group -lc -lm -Wl,--end-group
Finished building target: UpperSteerByWireDemo.elf
 
arm-none-eabi-size  UpperSteerByWireDemo.elf 
arm-none-eabi-objdump -h -S UpperSteerByWireDemo.elf  > "UpperSteerByWireDemo.list"
   text	   data	    bss	    dec	    hex	filename
  16108	     24	   1824	  17956	   4624	UpperSteerByWireDemo.elf
Finished building: default.size.stdout
 
Finished building: UpperSteerByWireDemo.list
 
14:27:49 **** Incremental Build of configuration Debug for project UpperSteerByWireDemo ****
make -j12 all 
arm-none-eabi-gcc "../Core/Src/main.c" -mcpu=cortex-m4 -std=gnu11 -g3 -DDEBUG -DUSE_HAL_DRIVER -DSTM32L432xx -c -I../Core/Inc -I../Drivers/STM32L4xx_HAL_Driver/Inc -I../Drivers/STM32L4xx_HAL_Driver/Inc/Legacy -I../Drivers/CMSIS/Device/ST/STM32L4xx/Include -I../Drivers/CMSIS/Include -O0 -ffunction-sections -fdata-sections -Wall -fstack-usage -fcyclomatic-complexity -MMD -MP -MF"Core/Src/main.d" -MT"Core/Src/main.o" --specs=nano.specs -mfpu=fpv4-sp-d16 -mfloat-abi=hard -mthumb -o "Core/Src/main.o"
arm-none-eabi-gcc -o "UpperSteerByWireDemo.elf" @"objects.list"   -mcpu=cortex-m4 -T"C:\Users\wolfi\OneDrive\Documents\CDME\GoKart\GoKartDemoPrograms\UpperSteerByWire\UpperSteerByWireDemo\STM32L432KCUX_FLASH.ld" --specs=nosys.specs -Wl,-Map="UpperSteerByWireDemo.map" -Wl,--gc-sections -static --specs=nano.specs -mfpu=fpv4-sp-d16 -mfloat-abi=hard -mthumb -Wl,--start-group -lc -lm -Wl,--end-group
Finished building target: UpperSteerByWireDemo.elf
 
arm-none-eabi-size  UpperSteerByWireDemo.elf 
arm-none-eabi-objdump -h -S UpperSteerByWireDemo.elf  > "UpperSteerByWireDemo.list"
   text	   data	    bss	    dec	    hex	filename
  16116	     24	   1824	  17964	   462c	UpperSteerByWireDemo.elf
Finished building: default.size.stdout
 
Finished building: UpperSteerByWireDemo.list
 
14:28:46 **** Incremental Build of configuration Debug for project UpperSteerByWireDemo ****
make -j12 all 
arm-none-eabi-gcc "../Core/Src/main.c" -mcpu=cortex-m4 -std=gnu11 -g3 -DDEBUG -DUSE_HAL_DRIVER -DSTM32L432xx -c -I../Core/Inc -I../Drivers/STM32L4xx_HAL_Driver/Inc -I../Drivers/STM32L4xx_HAL_Driver/Inc/Legacy -I../Drivers/CMSIS/Device/ST/STM32L4xx/Include -I../Drivers/CMSIS/Include -O0 -ffunction-sections -fdata-sections -Wall -fstack-usage -fcyclomatic-complexity -MMD -MP -MF"Core/Src/main.d" -MT"Core/Src/main.o" --specs=nano.specs -mfpu=fpv4-sp-d16 -mfloat-abi=hard -mthumb -o "Core/Src/main.o"
arm-none-eabi-gcc -o "UpperSteerByWireDemo.elf" @"objects.list"   -mcpu=cortex-m4 -T"C:\Users\wolfi\OneDrive\Documents\CDME\GoKart\GoKartDemoPrograms\UpperSteerByWire\UpperSteerByWireDemo\STM32L432KCUX_FLASH.ld" --specs=nosys.specs -Wl,-Map="UpperSteerByWireDemo.map" -Wl,--gc-sections -static --specs=nano.specs -mfpu=fpv4-sp-d16 -mfloat-abi=hard -mthumb -Wl,--start-group -lc -lm -Wl,--end-group
Finished building target: UpperSteerByWireDemo.elf
 
arm-none-eabi-size  UpperSteerByWireDemo.elf 
arm-none-eabi-objdump -h -S UpperSteerByWireDemo.elf  > "UpperSteerByWireDemo.list"
   text	   data	    bss	    dec	    hex	filename
  16160	     24	   1824	  18008	   4658	UpperSteerByWireDemo.elf
Finished building: default.size.stdout
 
Finished building: UpperSteerByWireDemo.list
 
