13:10:09 **** Incremental Build of configuration Debug for project MainBoardDemo ****
make -j12 all 
arm-none-eabi-gcc "../Core/Src/main.c" -mcpu=cortex-m4 -std=gnu11 -g3 -DDEBUG -DUSE_HAL_DRIVER -DSTM32F439xx -c -I../Core/Inc -I../Drivers/STM32F4xx_HAL_Driver/Inc -I../Drivers/STM32F4xx_HAL_Driver/Inc/Legacy -I../Drivers/CMSIS/Device/ST/STM32F4xx/Include -I../Drivers/CMSIS/Include -O0 -ffunction-sections -fdata-sections -Wall -fstack-usage -fcyclomatic-complexity -MMD -MP -MF"Core/Src/main.d" -MT"Core/Src/main.o" --specs=nano.specs -mfpu=fpv4-sp-d16 -mfloat-abi=hard -mthumb -o "Core/Src/main.o"
../Core/Src/main.c:86:35: warning: pointer targets in initialization of 'const unsigned char *' from 'char *' differ in signedness [-Wpointer-sign]
   86 | const unsigned char* welcomeMsg = "Main board Connected!\n\r";
      |                                   ^~~~~~~~~~~~~~~~~~~~~~~~~~~
../Core/Src/main.c:87:42: warning: pointer targets in initialization of 'const unsigned char *' from 'char *' differ in signedness [-Wpointer-sign]
   87 | const unsigned char* receivedPacketMsg = "Packet received.\n\r";
      |                                          ^~~~~~~~~~~~~~~~~~~~~~
../Core/Src/main.c:88:30: warning: pointer targets in initialization of 'const unsigned char *' from 'char *' differ in signedness [-Wpointer-sign]
   88 | const unsigned char* UIMsg = "Packet received from User Interface.\n\r";
      |                              ^~~~~~~~~~~~~~~~~~~~~~~~~~~~~~~~~~~~~~~~~~
../Core/Src/main.c:89:31: warning: pointer targets in initialization of 'const unsigned char *' from 'char *' differ in signedness [-Wpointer-sign]
   89 | const unsigned char* TBWMsg = "Packet received from Throttle by Wire.\n\r";
      |                               ^~~~~~~~~~~~~~~~~~~~~~~~~~~~~~~~~~~~~~~~~~~~
../Core/Src/main.c:90:31: warning: pointer targets in initialization of 'const unsigned char *' from 'char *' differ in signedness [-Wpointer-sign]
   90 | const unsigned char* BBWMsg = "Packet received from Brake by Wire.\n\r";
      |                               ^~~~~~~~~~~~~~~~~~~~~~~~~~~~~~~~~~~~~~~~~
../Core/Src/main.c:91:32: warning: pointer targets in initialization of 'const unsigned char *' from 'char *' differ in signedness [-Wpointer-sign]
   91 | const unsigned char* LSBWMsg = "Packet received from Lower Steer by Wire.\n\r";
      |                                ^~~~~~~~~~~~~~~~~~~~~~~~~~~~~~~~~~~~~~~~~~~~~~~
../Core/Src/main.c:92:32: warning: pointer targets in initialization of 'const unsigned char *' from 'char *' differ in signedness [-Wpointer-sign]
   92 | const unsigned char* USBWMsg = "Packet received from Upper Steer by Wire.\n\r";
      |                                ^~~~~~~~~~~~~~~~~~~~~~~~~~~~~~~~~~~~~~~~~~~~~~~
../Core/Src/main.c:93:33: warning: pointer targets in initialization of 'const unsigned char *' from 'char *' differ in signedness [-Wpointer-sign]
   93 | const unsigned char* ErrorMsg = "Error: packet received from unknown sender.\n\r";
      |                                 ^~~~~~~~~~~~~~~~~~~~~~~~~~~~~~~~~~~~~~~~~~~~~~~~~
../Core/Src/main.c: In function 'main':
../Core/Src/main.c:160:10: warning: pointer targets in passing argument 1 of 'strcpy' differ in signedness [-Wpointer-sign]
  160 |   strcpy(uartDataBuffer,welcomeMsg);
      |          ^~~~~~~~~~~~~~
      |          |
      |          unsigned char *
In file included from ../Core/Src/main.c:21:
C:\ST\STM32CubeIDE_1.18.1\STM32CubeIDE\plugins\com.st.stm32cube.ide.mcu.externaltools.gnu-tools-for-stm32.13.3.rel1.win32_1.0.0.202411081344\tools\bin/../lib/gcc/arm-none-eabi/13.3.1/../../../../arm-none-eabi/include/string.h:38:18: note: expected 'char * restrict' but argument is of type 'unsigned char *'
   38 | char    *strcpy (char *__restrict, const char *__restrict);
      |                  ^
../Core/Src/main.c:160:25: warning: pointer targets in passing argument 2 of 'strcpy' differ in signedness [-Wpointer-sign]
  160 |   strcpy(uartDataBuffer,welcomeMsg);
      |                         ^~~~~~~~~~
      |                         |
      |                         const unsigned char *
C:\ST\STM32CubeIDE_1.18.1\STM32CubeIDE\plugins\com.st.stm32cube.ide.mcu.externaltools.gnu-tools-for-stm32.13.3.rel1.win32_1.0.0.202411081344\tools\bin/../lib/gcc/arm-none-eabi/13.3.1/../../../../arm-none-eabi/include/string.h:38:36: note: expected 'const char * restrict' but argument is of type 'const unsigned char *'
   38 | char    *strcpy (char *__restrict, const char *__restrict);
      |                                    ^
../Core/Src/main.c:179:12: warning: pointer targets in passing argument 1 of 'strcpy' differ in signedness [-Wpointer-sign]
  179 |     strcpy(uartDataBuffer,receivedPacketMsg);
      |            ^~~~~~~~~~~~~~
      |            |
      |            unsigned char *
C:\ST\STM32CubeIDE_1.18.1\STM32CubeIDE\plugins\com.st.stm32cube.ide.mcu.externaltools.gnu-tools-for-stm32.13.3.rel1.win32_1.0.0.202411081344\tools\bin/../lib/gcc/arm-none-eabi/13.3.1/../../../../arm-none-eabi/include/string.h:38:18: note: expected 'char * restrict' but argument is of type 'unsigned char *'
   38 | char    *strcpy (char *__restrict, const char *__restrict);
      |                  ^
../Core/Src/main.c:179:27: warning: pointer targets in passing argument 2 of 'strcpy' differ in signedness [-Wpointer-sign]
  179 |     strcpy(uartDataBuffer,receivedPacketMsg);
      |                           ^~~~~~~~~~~~~~~~~
      |                           |
      |                           const unsigned char *
C:\ST\STM32CubeIDE_1.18.1\STM32CubeIDE\plugins\com.st.stm32cube.ide.mcu.externaltools.gnu-tools-for-stm32.13.3.rel1.win32_1.0.0.202411081344\tools\bin/../lib/gcc/arm-none-eabi/13.3.1/../../../../arm-none-eabi/include/string.h:38:36: note: expected 'const char * restrict' but argument is of type 'const unsigned char *'
   38 | char    *strcpy (char *__restrict, const char *__restrict);
      |                                    ^
../Core/Src/main.c:195:16: warning: pointer targets in passing argument 1 of 'strcpy' differ in signedness [-Wpointer-sign]
  195 |         strcpy(uartDataBuffer,UIMsg);
      |                ^~~~~~~~~~~~~~
      |                |
      |                unsigned char *
C:\ST\STM32CubeIDE_1.18.1\STM32CubeIDE\plugins\com.st.stm32cube.ide.mcu.externaltools.gnu-tools-for-stm32.13.3.rel1.win32_1.0.0.202411081344\tools\bin/../lib/gcc/arm-none-eabi/13.3.1/../../../../arm-none-eabi/include/string.h:38:18: note: expected 'char * restrict' but argument is of type 'unsigned char *'
   38 | char    *strcpy (char *__restrict, const char *__restrict);
      |                  ^
../Core/Src/main.c:195:31: warning: pointer targets in passing argument 2 of 'strcpy' differ in signedness [-Wpointer-sign]
  195 |         strcpy(uartDataBuffer,UIMsg);
      |                               ^~~~~
      |                               |
      |                               const unsigned char *
C:\ST\STM32CubeIDE_1.18.1\STM32CubeIDE\plugins\com.st.stm32cube.ide.mcu.externaltools.gnu-tools-for-stm32.13.3.rel1.win32_1.0.0.202411081344\tools\bin/../lib/gcc/arm-none-eabi/13.3.1/../../../../arm-none-eabi/include/string.h:38:36: note: expected 'const char * restrict' but argument is of type 'const unsigned char *'
   38 | char    *strcpy (char *__restrict, const char *__restrict);
      |                                    ^
../Core/Src/main.c:199:16: warning: pointer targets in passing argument 1 of 'strcpy' differ in signedness [-Wpointer-sign]
  199 |         strcpy(uartDataBuffer,TBWMsg);
      |                ^~~~~~~~~~~~~~
      |                |
      |                unsigned char *
C:\ST\STM32CubeIDE_1.18.1\STM32CubeIDE\plugins\com.st.stm32cube.ide.mcu.externaltools.gnu-tools-for-stm32.13.3.rel1.win32_1.0.0.202411081344\tools\bin/../lib/gcc/arm-none-eabi/13.3.1/../../../../arm-none-eabi/include/string.h:38:18: note: expected 'char * restrict' but argument is of type 'unsigned char *'
   38 | char    *strcpy (char *__restrict, const char *__restrict);
      |                  ^
../Core/Src/main.c:199:31: warning: pointer targets in passing argument 2 of 'strcpy' differ in signedness [-Wpointer-sign]
  199 |         strcpy(uartDataBuffer,TBWMsg);
      |                               ^~~~~~
      |                               |
      |                               const unsigned char *
C:\ST\STM32CubeIDE_1.18.1\STM32CubeIDE\plugins\com.st.stm32cube.ide.mcu.externaltools.gnu-tools-for-stm32.13.3.rel1.win32_1.0.0.202411081344\tools\bin/../lib/gcc/arm-none-eabi/13.3.1/../../../../arm-none-eabi/include/string.h:38:36: note: expected 'const char * restrict' but argument is of type 'const unsigned char *'
   38 | char    *strcpy (char *__restrict, const char *__restrict);
      |                                    ^
../Core/Src/main.c:203:16: warning: pointer targets in passing argument 1 of 'strcpy' differ in signedness [-Wpointer-sign]
  203 |         strcpy(uartDataBuffer,BBWMsg);
      |                ^~~~~~~~~~~~~~
      |                |
      |                unsigned char *
C:\ST\STM32CubeIDE_1.18.1\STM32CubeIDE\plugins\com.st.stm32cube.ide.mcu.externaltools.gnu-tools-for-stm32.13.3.rel1.win32_1.0.0.202411081344\tools\bin/../lib/gcc/arm-none-eabi/13.3.1/../../../../arm-none-eabi/include/string.h:38:18: note: expected 'char * restrict' but argument is of type 'unsigned char *'
   38 | char    *strcpy (char *__restrict, const char *__restrict);
      |                  ^
../Core/Src/main.c:203:31: warning: pointer targets in passing argument 2 of 'strcpy' differ in signedness [-Wpointer-sign]
  203 |         strcpy(uartDataBuffer,BBWMsg);
      |                               ^~~~~~
      |                               |
      |                               const unsigned char *
C:\ST\STM32CubeIDE_1.18.1\STM32CubeIDE\plugins\com.st.stm32cube.ide.mcu.externaltools.gnu-tools-for-stm32.13.3.rel1.win32_1.0.0.202411081344\tools\bin/../lib/gcc/arm-none-eabi/13.3.1/../../../../arm-none-eabi/include/string.h:38:36: note: expected 'const char * restrict' but argument is of type 'const unsigned char *'
   38 | char    *strcpy (char *__restrict, const char *__restrict);
      |                                    ^
../Core/Src/main.c:207:16: warning: pointer targets in passing argument 1 of 'strcpy' differ in signedness [-Wpointer-sign]
  207 |         strcpy(uartDataBuffer,LSBWMsg);
      |                ^~~~~~~~~~~~~~
      |                |
      |                unsigned char *
C:\ST\STM32CubeIDE_1.18.1\STM32CubeIDE\plugins\com.st.stm32cube.ide.mcu.externaltools.gnu-tools-for-stm32.13.3.rel1.win32_1.0.0.202411081344\tools\bin/../lib/gcc/arm-none-eabi/13.3.1/../../../../arm-none-eabi/include/string.h:38:18: note: expected 'char * restrict' but argument is of type 'unsigned char *'
   38 | char    *strcpy (char *__restrict, const char *__restrict);
      |                  ^
../Core/Src/main.c:207:31: warning: pointer targets in passing argument 2 of 'strcpy' differ in signedness [-Wpointer-sign]
  207 |         strcpy(uartDataBuffer,LSBWMsg);
      |                               ^~~~~~~
      |                               |
      |                               const unsigned char *
C:\ST\STM32CubeIDE_1.18.1\STM32CubeIDE\plugins\com.st.stm32cube.ide.mcu.externaltools.gnu-tools-for-stm32.13.3.rel1.win32_1.0.0.202411081344\tools\bin/../lib/gcc/arm-none-eabi/13.3.1/../../../../arm-none-eabi/include/string.h:38:36: note: expected 'const char * restrict' but argument is of type 'const unsigned char *'
   38 | char    *strcpy (char *__restrict, const char *__restrict);
      |                                    ^
../Core/Src/main.c:210:16: warning: pointer targets in passing argument 1 of 'strcpy' differ in signedness [-Wpointer-sign]
  210 |         strcpy(uartDataBuffer,USBWMsg);
      |                ^~~~~~~~~~~~~~
      |                |
      |                unsigned char *
C:\ST\STM32CubeIDE_1.18.1\STM32CubeIDE\plugins\com.st.stm32cube.ide.mcu.externaltools.gnu-tools-for-stm32.13.3.rel1.win32_1.0.0.202411081344\tools\bin/../lib/gcc/arm-none-eabi/13.3.1/../../../../arm-none-eabi/include/string.h:38:18: note: expected 'char * restrict' but argument is of type 'unsigned char *'
   38 | char    *strcpy (char *__restrict, const char *__restrict);
      |                  ^
../Core/Src/main.c:210:31: warning: pointer targets in passing argument 2 of 'strcpy' differ in signedness [-Wpointer-sign]
  210 |         strcpy(uartDataBuffer,USBWMsg);
      |                               ^~~~~~~
      |                               |
      |                               const unsigned char *
C:\ST\STM32CubeIDE_1.18.1\STM32CubeIDE\plugins\com.st.stm32cube.ide.mcu.externaltools.gnu-tools-for-stm32.13.3.rel1.win32_1.0.0.202411081344\tools\bin/../lib/gcc/arm-none-eabi/13.3.1/../../../../arm-none-eabi/include/string.h:38:36: note: expected 'const char * restrict' but argument is of type 'const unsigned char *'
   38 | char    *strcpy (char *__restrict, const char *__restrict);
      |                                    ^
../Core/Src/main.c:214:16: warning: pointer targets in passing argument 1 of 'strcpy' differ in signedness [-Wpointer-sign]
  214 |         strcpy(uartDataBuffer,ErrorMsg);
      |                ^~~~~~~~~~~~~~
      |                |
      |                unsigned char *
C:\ST\STM32CubeIDE_1.18.1\STM32CubeIDE\plugins\com.st.stm32cube.ide.mcu.externaltools.gnu-tools-for-stm32.13.3.rel1.win32_1.0.0.202411081344\tools\bin/../lib/gcc/arm-none-eabi/13.3.1/../../../../arm-none-eabi/include/string.h:38:18: note: expected 'char * restrict' but argument is of type 'unsigned char *'
   38 | char    *strcpy (char *__restrict, const char *__restrict);
      |                  ^
../Core/Src/main.c:214:31: warning: pointer targets in passing argument 2 of 'strcpy' differ in signedness [-Wpointer-sign]
  214 |         strcpy(uartDataBuffer,ErrorMsg);
      |                               ^~~~~~~~
      |                               |
      |                               const unsigned char *
C:\ST\STM32CubeIDE_1.18.1\STM32CubeIDE\plugins\com.st.stm32cube.ide.mcu.externaltools.gnu-tools-for-stm32.13.3.rel1.win32_1.0.0.202411081344\tools\bin/../lib/gcc/arm-none-eabi/13.3.1/../../../../arm-none-eabi/include/string.h:38:36: note: expected 'const char * restrict' but argument is of type 'const unsigned char *'
   38 | char    *strcpy (char *__restrict, const char *__restrict);
      |                                    ^
../Core/Src/main.c: In function 'MX_CAN1_Init':
../Core/Src/main.c:281:22: warning: unused variable 'sFilterConfig' [-Wunused-variable]
  281 |   CAN_FilterTypeDef  sFilterConfig;
      |                      ^~~~~~~~~~~~~
arm-none-eabi-gcc -o "MainBoardDemo.elf" @"objects.list"   -mcpu=cortex-m4 -T"C:\Users\wolfi\OneDrive\Documents\CDME\GoKart\GoKartDemoPrograms\MainBoard\MainBoardDemo\STM32F439ZITX_FLASH.ld" --specs=nosys.specs -Wl,-Map="MainBoardDemo.map" -Wl,--gc-sections -static --specs=nano.specs -mfpu=fpv4-sp-d16 -mfloat-abi=hard -mthumb -Wl,--start-group -lc -lm -Wl,--end-group
Finished building target: MainBoardDemo.elf
 
arm-none-eabi-size  MainBoardDemo.elf 
arm-none-eabi-objdump -h -S MainBoardDemo.elf  > "MainBoardDemo.list"
   text	   data	    bss	    dec	    hex	filename
  14644	     44	   2764	  17452	   442c	MainBoardDemo.elf
Finished building: default.size.stdout
 
Finished building: MainBoardDemo.list
 

13:10:10 Build Finished. 0 errors, 25 warnings. (took 1s.332ms)

